Archive member included to satisfy reference by file (symbol)

c:/siliconlabs/simplicitystudio/v5/developer/toolchains/gnu_arm/12.2.rel1_2023.7/bin/../lib/gcc/arm-none-eabi/12.2.1/thumb/v8-m.main+fp/hard\libgcc.a(_aeabi_ldivmod.o)
                              ./simplicity_sdk_2024.6.0/platform/emlib/src/em_usart.o (__aeabi_ldivmod)
c:/siliconlabs/simplicitystudio/v5/developer/toolchains/gnu_arm/12.2.rel1_2023.7/bin/../lib/gcc/arm-none-eabi/12.2.1/thumb/v8-m.main+fp/hard\libgcc.a(_aeabi_uldivmod.o)
                              ./simplicity_sdk_2024.6.0/platform/emlib/src/em_usart.o (__aeabi_uldivmod)
c:/siliconlabs/simplicitystudio/v5/developer/toolchains/gnu_arm/12.2.rel1_2023.7/bin/../lib/gcc/arm-none-eabi/12.2.1/thumb/v8-m.main+fp/hard\libgcc.a(_udivmoddi4.o)
                              c:/siliconlabs/simplicitystudio/v5/developer/toolchains/gnu_arm/12.2.rel1_2023.7/bin/../lib/gcc/arm-none-eabi/12.2.1/thumb/v8-m.main+fp/hard\libgcc.a(_aeabi_ldivmod.o) (__udivmoddi4)
c:/siliconlabs/simplicitystudio/v5/developer/toolchains/gnu_arm/12.2.rel1_2023.7/bin/../lib/gcc/arm-none-eabi/12.2.1/thumb/v8-m.main+fp/hard\libgcc.a(_dvmd_tls.o)
                              c:/siliconlabs/simplicitystudio/v5/developer/toolchains/gnu_arm/12.2.rel1_2023.7/bin/../lib/gcc/arm-none-eabi/12.2.1/thumb/v8-m.main+fp/hard\libgcc.a(_aeabi_ldivmod.o) (__aeabi_ldiv0)
c:/siliconlabs/simplicitystudio/v5/developer/toolchains/gnu_arm/12.2.rel1_2023.7/bin/../lib/gcc/arm-none-eabi/12.2.1/thumb/v8-m.main+fp/hard\libc_nano.a(libc_a-calloc.o)
                              ./optiga-trust-m/extras/pal/EFR32/pal_os_memory.o (calloc)
c:/siliconlabs/simplicitystudio/v5/developer/toolchains/gnu_arm/12.2.rel1_2023.7/bin/../lib/gcc/arm-none-eabi/12.2.1/thumb/v8-m.main+fp/hard\libc_nano.a(libc_a-exit.o)
                              c:/siliconlabs/simplicitystudio/v5/developer/toolchains/gnu_arm/12.2.rel1_2023.7/bin/../lib/gcc/arm-none-eabi/12.2.1/thumb/v8-m.main+fp/hard/crt0.o (exit)
c:/siliconlabs/simplicitystudio/v5/developer/toolchains/gnu_arm/12.2.rel1_2023.7/bin/../lib/gcc/arm-none-eabi/12.2.1/thumb/v8-m.main+fp/hard\libc_nano.a(libc_a-malloc.o)
                              ./optiga-trust-m/extras/pal/EFR32/pal_os_memory.o (malloc)
c:/siliconlabs/simplicitystudio/v5/developer/toolchains/gnu_arm/12.2.rel1_2023.7/bin/../lib/gcc/arm-none-eabi/12.2.1/thumb/v8-m.main+fp/hard\libc_nano.a(libc_a-ctype_.o)
                              ./simplicity_sdk_2024.6.0/platform/common/src/sl_string.o (_ctype_)
c:/siliconlabs/simplicitystudio/v5/developer/toolchains/gnu_arm/12.2.rel1_2023.7/bin/../lib/gcc/arm-none-eabi/12.2.1/thumb/v8-m.main+fp/hard\libc_nano.a(libc_a-findfp.o)
                              c:/siliconlabs/simplicitystudio/v5/developer/toolchains/gnu_arm/12.2.rel1_2023.7/bin/../lib/gcc/arm-none-eabi/12.2.1/thumb/v8-m.main+fp/hard\libc_nano.a(libc_a-exit.o) (__stdio_exit_handler)
c:/siliconlabs/simplicitystudio/v5/developer/toolchains/gnu_arm/12.2.rel1_2023.7/bin/../lib/gcc/arm-none-eabi/12.2.1/thumb/v8-m.main+fp/hard\libc_nano.a(libc_a-fwalk.o)
                              c:/siliconlabs/simplicitystudio/v5/developer/toolchains/gnu_arm/12.2.rel1_2023.7/bin/../lib/gcc/arm-none-eabi/12.2.1/thumb/v8-m.main+fp/hard\libc_nano.a(libc_a-findfp.o) (_fwalk_sglue)
c:/siliconlabs/simplicitystudio/v5/developer/toolchains/gnu_arm/12.2.rel1_2023.7/bin/../lib/gcc/arm-none-eabi/12.2.1/thumb/v8-m.main+fp/hard\libc_nano.a(libc_a-printf.o)
                              ./app.o (printf)
c:/siliconlabs/simplicitystudio/v5/developer/toolchains/gnu_arm/12.2.rel1_2023.7/bin/../lib/gcc/arm-none-eabi/12.2.1/thumb/v8-m.main+fp/hard\libc_nano.a(libc_a-setvbuf.o)
                              ./simplicity_sdk_2024.6.0/platform/service/iostream/src/sl_iostream_stdlib_config.o (setvbuf)
c:/siliconlabs/simplicitystudio/v5/developer/toolchains/gnu_arm/12.2.rel1_2023.7/bin/../lib/gcc/arm-none-eabi/12.2.1/thumb/v8-m.main+fp/hard\libc_nano.a(libc_a-sprintf.o)
                              ./optiga-trust-m/src/common/optiga_lib_logger.o (sprintf)
c:/siliconlabs/simplicitystudio/v5/developer/toolchains/gnu_arm/12.2.rel1_2023.7/bin/../lib/gcc/arm-none-eabi/12.2.1/thumb/v8-m.main+fp/hard\libc_nano.a(libc_a-stdio.o)
                              c:/siliconlabs/simplicitystudio/v5/developer/toolchains/gnu_arm/12.2.rel1_2023.7/bin/../lib/gcc/arm-none-eabi/12.2.1/thumb/v8-m.main+fp/hard\libc_nano.a(libc_a-findfp.o) (__sread)
c:/siliconlabs/simplicitystudio/v5/developer/toolchains/gnu_arm/12.2.rel1_2023.7/bin/../lib/gcc/arm-none-eabi/12.2.1/thumb/v8-m.main+fp/hard\libc_nano.a(libc_a-vprintf.o)
                              ./simplicity_sdk_2024.6.0/platform/service/iostream/src/sl_iostream.o (vprintf)
c:/siliconlabs/simplicitystudio/v5/developer/toolchains/gnu_arm/12.2.rel1_2023.7/bin/../lib/gcc/arm-none-eabi/12.2.1/thumb/v8-m.main+fp/hard\libc_nano.a(libc_a-memset.o)
[...]
Memory Configuration

Name             Origin             Length             Attributes
FLASH            0x08000000         0x0007e000         xr
RAM              0x20000000         0x00010000         xrw
*default*        0x00000000         0xffffffff

Linker script and memory map

LOAD c:/siliconlabs/simplicitystudio/v5/developer/toolchains/gnu_arm/12.2.rel1_2023.7/bin/../lib/gcc/arm-none-eabi/12.2.1/thumb/v8-m.main+fp/hard/crti.o
LOAD c:/siliconlabs/simplicitystudio/v5/developer/toolchains/gnu_arm/12.2.rel1_2023.7/bin/../lib/gcc/arm-none-eabi/12.2.1/thumb/v8-m.main+fp/hard/crtbegin.o
LOAD c:/siliconlabs/simplicitystudio/v5/developer/toolchains/gnu_arm/12.2.rel1_2023.7/bin/../lib/gcc/arm-none-eabi/12.2.1/thumb/v8-m.main+fp/hard/crt0.o
START GROUP
LOAD ./app.o
LOAD ./main.o
LOAD ./autogen/sl_board_default_init.o
LOAD ./autogen/sl_event_handler.o
LOAD ./autogen/sl_i2cspm_init.o
LOAD ./autogen/sl_iostream_handles.o
LOAD ./autogen/sl_iostream_init_usart_instances.o
LOAD ./optiga-trust-m/example/example_optiga_init_deinit.o
LOAD ./optiga-trust-m/extras/pal/EFR32/pal.o
LOAD ./optiga-trust-m/extras/pal/EFR32/pal_gpio.o
LOAD ./optiga-trust-m/extras/pal/EFR32/pal_i2c.o
LOAD ./optiga-trust-m/extras/pal/EFR32/pal_ifx_i2c_config.o
LOAD ./optiga-trust-m/extras/pal/EFR32/pal_logger.o
LOAD ./optiga-trust-m/extras/pal/EFR32/pal_os_datastore.o
LOAD ./optiga-trust-m/extras/pal/EFR32/pal_os_event.o
LOAD ./optiga-trust-m/extras/pal/EFR32/pal_os_lock.o
LOAD ./optiga-trust-m/extras/pal/EFR32/pal_os_memory.o
LOAD ./optiga-trust-m/extras/pal/EFR32/pal_os_timer.o
LOAD ./optiga-trust-m/extras/pal/pal_crypt_mbedtls.o
LOAD ./optiga-trust-m/mbedtls/aes.o
LOAD ./optiga-trust-m/mbedtls/aesni.o
LOAD ./optiga-trust-m/mbedtls/arc4.o
LOAD ./optiga-trust-m/mbedtls/aria.o
LOAD ./optiga-trust-m/mbedtls/asn1parse.o
LOAD ./optiga-trust-m/mbedtls/asn1write.o
LOAD ./optiga-trust-m/mbedtls/base64.o
LOAD ./optiga-trust-m/mbedtls/bignum.o
LOAD ./optiga-trust-m/mbedtls/blowfish.o
LOAD ./optiga-trust-m/mbedtls/camellia.o
LOAD ./optiga-trust-m/mbedtls/ccm.o
LOAD ./optiga-trust-m/mbedtls/certs.o
LOAD ./optiga-trust-m/mbedtls/chacha20.o
LOAD ./optiga-trust-m/mbedtls/chachapoly.o
LOAD ./optiga-trust-m/mbedtls/cipher.o
LOAD ./optiga-trust-m/mbedtls/cipher_wrap.o
LOAD ./optiga-trust-m/mbedtls/cmac.o
LOAD ./optiga-trust-m/mbedtls/ctr_drbg.o
LOAD ./optiga-trust-m/mbedtls/debug.o
LOAD ./optiga-trust-m/mbedtls/des.o
LOAD ./optiga-trust-m/mbedtls/dhm.o
LOAD ./optiga-trust-m/mbedtls/ecdh.o
LOAD ./optiga-trust-m/mbedtls/ecdsa.o
LOAD ./optiga-trust-m/mbedtls/ecjpake.o
LOAD ./optiga-trust-m/mbedtls/ecp.o
LOAD ./optiga-trust-m/mbedtls/ecp_curves.o
LOAD ./optiga-trust-m/mbedtls/entropy.o
LOAD ./optiga-trust-m/mbedtls/entropy_poll.o
LOAD ./optiga-trust-m/mbedtls/error.o
LOAD ./optiga-trust-m/mbedtls/gcm.o
LOAD ./optiga-trust-m/mbedtls/havege.o
LOAD ./optiga-trust-m/mbedtls/hkdf.o
LOAD ./optiga-trust-m/mbedtls/hmac_drbg.o
LOAD ./optiga-trust-m/mbedtls/md.o
LOAD ./optiga-trust-m/mbedtls/md2.o
LOAD ./optiga-trust-m/mbedtls/md4.o
LOAD ./optiga-trust-m/mbedtls/md5.o
LOAD ./optiga-trust-m/mbedtls/md_wrap.o
LOAD ./optiga-trust-m/mbedtls/memory_buffer_alloc.o
LOAD ./optiga-trust-m/mbedtls/net_sockets.o
LOAD ./optiga-trust-m/mbedtls/nist_kw.o
LOAD ./optiga-trust-m/mbedtls/oid.o
LOAD ./optiga-trust-m/mbedtls/padlock.o
LOAD ./optiga-trust-m/mbedtls/pem.o
LOAD ./optiga-trust-m/mbedtls/pk.o
LOAD ./optiga-trust-m/mbedtls/pk_wrap.o
LOAD ./optiga-trust-m/mbedtls/pkcs11.o
LOAD ./optiga-trust-m/mbedtls/pkcs12.o
LOAD ./optiga-trust-m/mbedtls/pkcs5.o
LOAD ./optiga-trust-m/mbedtls/pkparse.o
LOAD ./optiga-trust-m/mbedtls/pkwrite.o
LOAD ./optiga-trust-m/mbedtls/platform.o
LOAD ./optiga-trust-m/mbedtls/platform_util.o
LOAD ./optiga-trust-m/mbedtls/poly1305.o
LOAD ./optiga-trust-m/mbedtls/ripemd160.o
LOAD ./optiga-trust-m/mbedtls/rsa.o
LOAD ./optiga-trust-m/mbedtls/rsa_internal.o
LOAD ./optiga-trust-m/mbedtls/sha1.o
LOAD ./optiga-trust-m/mbedtls/sha256.o
LOAD ./optiga-trust-m/mbedtls/sha512.o
LOAD ./optiga-trust-m/mbedtls/ssl_cache.o
LOAD ./optiga-trust-m/mbedtls/ssl_ciphersuites.o
LOAD ./optiga-trust-m/mbedtls/ssl_cli.o
LOAD ./optiga-trust-m/mbedtls/ssl_cookie.o
LOAD ./optiga-trust-m/mbedtls/ssl_srv.o
LOAD ./optiga-trust-m/mbedtls/ssl_ticket.o
LOAD ./optiga-trust-m/mbedtls/ssl_tls.o
LOAD ./optiga-trust-m/mbedtls/threading.o
LOAD ./optiga-trust-m/mbedtls/timing.o
LOAD ./optiga-trust-m/mbedtls/version.o
LOAD ./optiga-trust-m/mbedtls/version_features.o
LOAD ./optiga-trust-m/mbedtls/x509.o
LOAD ./optiga-trust-m/mbedtls/x509_create.o
LOAD ./optiga-trust-m/mbedtls/x509_crl.o
LOAD ./optiga-trust-m/mbedtls/x509_crt.o
LOAD ./optiga-trust-m/mbedtls/x509_csr.o
LOAD ./optiga-trust-m/mbedtls/x509write_crt.o
LOAD ./optiga-trust-m/mbedtls/x509write_csr.o
LOAD ./optiga-trust-m/mbedtls/xtea.o
LOAD ./optiga-trust-m/src/cmd/optiga_cmd.o
LOAD ./optiga-trust-m/src/common/optiga_lib_common.o
LOAD ./optiga-trust-m/src/common/optiga_lib_logger.o
LOAD ./optiga-trust-m/src/comms/ifx_i2c/ifx_i2c.o
LOAD ./optiga-trust-m/src/comms/ifx_i2c/ifx_i2c_config.o
LOAD ./optiga-trust-m/src/comms/ifx_i2c/ifx_i2c_data_link_layer.o
LOAD ./optiga-trust-m/src/comms/ifx_i2c/ifx_i2c_physical_layer.o
LOAD ./optiga-trust-m/src/comms/ifx_i2c/ifx_i2c_presentation_layer.o
LOAD ./optiga-trust-m/src/comms/ifx_i2c/ifx_i2c_transport_layer.o
LOAD ./optiga-trust-m/src/comms/optiga_comms_ifx_i2c.o
LOAD ./optiga-trust-m/src/crypt/optiga_crypt.o
LOAD ./optiga-trust-m/src/util/optiga_util.o
LOAD ./simplicity_sdk_2024.6.0/hardware/board/src/sl_board_control_gpio.o
LOAD ./simplicity_sdk_2024.6.0/hardware/board/src/sl_board_init.o
LOAD ./simplicity_sdk_2024.6.0/hardware/driver/configuration_over_swo/src/sl_cos.o
LOAD ./simplicity_sdk_2024.6.0/platform/CMSIS/RTOS2/Source/os_systick.o
LOAD ./simplicity_sdk_2024.6.0/platform/Device/SiliconLabs/EFR32FG23/Source/startup_efr32fg23.o
LOAD ./simplicity_sdk_2024.6.0/platform/Device/SiliconLabs/EFR32FG23/Source/system_efr32fg23.o
LOAD ./simplicity_sdk_2024.6.0/platform/common/src/sl_assert.o
LOAD ./simplicity_sdk_2024.6.0/platform/common/src/sl_core_cortexm.o
LOAD ./simplicity_sdk_2024.6.0/platform/common/src/sl_stdio.o
LOAD ./simplicity_sdk_2024.6.0/platform/common/src/sl_string.o
LOAD ./simplicity_sdk_2024.6.0/platform/common/src/sl_syscalls.o
LOAD ./simplicity_sdk_2024.6.0/platform/common/src/sli_cmsis_os2_ext_task_register.o
LOAD ./simplicity_sdk_2024.6.0/platform/driver/debug/src/sl_debug_swo.o
LOAD ./simplicity_sdk_2024.6.0/platform/driver/i2cspm/src/sl_i2cspm.o
LOAD ./simplicity_sdk_2024.6.0/platform/emdrv/dmadrv/src/dmadrv.o
LOAD ./simplicity_sdk_2024.6.0/platform/emlib/src/em_burtc.o
LOAD ./simplicity_sdk_2024.6.0/platform/emlib/src/em_cmu.o
LOAD ./simplicity_sdk_2024.6.0/platform/emlib/src/em_core.o
LOAD ./simplicity_sdk_2024.6.0/platform/emlib/src/em_emu.o
LOAD ./simplicity_sdk_2024.6.0/platform/emlib/src/em_gpio.o
LOAD ./simplicity_sdk_2024.6.0/platform/emlib/src/em_i2c.o
LOAD ./simplicity_sdk_2024.6.0/platform/emlib/src/em_ldma.o
LOAD ./simplicity_sdk_2024.6.0/platform/emlib/src/em_msc.o
LOAD ./simplicity_sdk_2024.6.0/platform/emlib/src/em_prs.o
LOAD ./simplicity_sdk_2024.6.0/platform/emlib/src/em_system.o
LOAD ./simplicity_sdk_2024.6.0/platform/emlib/src/em_timer.o
LOAD ./simplicity_sdk_2024.6.0/platform/emlib/src/em_usart.o
LOAD ./simplicity_sdk_2024.6.0/platform/peripheral/src/sl_hal_sysrtc.o
LOAD ./simplicity_sdk_2024.6.0/platform/service/clock_manager/src/sl_clock_manager.o
LOAD ./simplicity_sdk_2024.6.0/platform/service/clock_manager/src/sl_clock_manager_hal_s2.o
LOAD ./simplicity_sdk_2024.6.0/platform/service/clock_manager/src/sl_clock_manager_init.o
LOAD ./simplicity_sdk_2024.6.0/platform/service/clock_manager/src/sl_clock_manager_init_hal_s2.o
LOAD ./simplicity_sdk_2024.6.0/platform/service/device_init/src/sl_device_init_dcdc_s2.o
LOAD ./simplicity_sdk_2024.6.0/platform/service/device_init/src/sl_device_init_emu_s2.o
LOAD ./simplicity_sdk_2024.6.0/platform/service/device_manager/clocks/sl_device_clock_efr32xg23.o
LOAD ./simplicity_sdk_2024.6.0/platform/service/device_manager/devices/sl_device_peripheral_hal_efr32xg23.o
LOAD ./simplicity_sdk_2024.6.0/platform/service/device_manager/src/sl_device_clock.o
LOAD ./simplicity_sdk_2024.6.0/platform/service/device_manager/src/sl_device_peripheral.o
LOAD ./simplicity_sdk_2024.6.0/platform/service/interrupt_manager/src/sl_interrupt_manager_cortexm.o
LOAD ./simplicity_sdk_2024.6.0/platform/service/iostream/src/sl_iostream.o
LOAD ./simplicity_sdk_2024.6.0/platform/service/iostream/src/sl_iostream_retarget_stdio.o
LOAD ./simplicity_sdk_2024.6.0/platform/service/iostream/src/sl_iostream_stdlib_config.o
LOAD ./simplicity_sdk_2024.6.0/platform/service/iostream/src/sl_iostream_uart.o
LOAD ./simplicity_sdk_2024.6.0/platform/service/iostream/src/sl_iostream_usart.o
LOAD ./simplicity_sdk_2024.6.0/platform/service/memory_manager/src/sl_memory_manager.o
LOAD ./simplicity_sdk_2024.6.0/platform/service/memory_manager/src/sl_memory_manager_dynamic_reservation.o
LOAD ./simplicity_sdk_2024.6.0/platform/service/memory_manager/src/sl_memory_manager_pool.o
LOAD ./simplicity_sdk_2024.6.0/platform/service/memory_manager/src/sl_memory_manager_region.o
LOAD ./simplicity_sdk_2024.6.0/platform/service/memory_manager/src/sl_memory_manager_retarget.o
LOAD ./simplicity_sdk_2024.6.0/platform/service/memory_manager/src/sli_memory_manager_common.o
LOAD ./simplicity_sdk_2024.6.0/platform/service/sleeptimer/src/sl_sleeptimer.o
LOAD ./simplicity_sdk_2024.6.0/platform/service/sleeptimer/src/sl_sleeptimer_hal_burtc.o
LOAD ./simplicity_sdk_2024.6.0/platform/service/sleeptimer/src/sl_sleeptimer_hal_sysrtc.o
LOAD ./simplicity_sdk_2024.6.0/platform/service/sleeptimer/src/sl_sleeptimer_hal_timer.o
LOAD ./simplicity_sdk_2024.6.0/platform/service/system/src/sl_system_init.o
LOAD ./simplicity_sdk_2024.6.0/platform/service/system/src/sl_system_kernel.o
LOAD ./simplicity_sdk_2024.6.0/platform/service/udelay/src/sl_udelay.o
LOAD ./simplicity_sdk_2024.6.0/platform/service/udelay/src/sl_udelay_armv6m_gcc.o
LOAD ./simplicity_sdk_2024.6.0/util/third_party/freertos/cmsis/Source/cmsis_os2.o
LOAD ./simplicity_sdk_2024.6.0/util/third_party/freertos/kernel/croutine.o
LOAD ./simplicity_sdk_2024.6.0/util/third_party/freertos/kernel/event_groups.o
LOAD ./simplicity_sdk_2024.6.0/util/third_party/freertos/kernel/list.o
LOAD ./simplicity_sdk_2024.6.0/util/third_party/freertos/kernel/queue.o
LOAD ./simplicity_sdk_2024.6.0/util/third_party/freertos/kernel/stream_buffer.o
LOAD ./simplicity_sdk_2024.6.0/util/third_party/freertos/kernel/tasks.o
LOAD ./simplicity_sdk_2024.6.0/util/third_party/freertos/kernel/timers.o
LOAD ./simplicity_sdk_2024.6.0/util/third_party/freertos/kernel/portable/GCC/ARM_CM33_NTZ/non_secure/port.o
LOAD ./simplicity_sdk_2024.6.0/util/third_party/freertos/kernel/portable/GCC/ARM_CM33_NTZ/non_secure/portasm.o
LOAD ./simplicity_sdk_2024.6.0/util/third_party/freertos/kernel/portable/MemMang/heap_3.o
LOAD c:/siliconlabs/simplicitystudio/v5/developer/toolchains/gnu_arm/12.2.rel1_2023.7/bin/../lib/gcc/arm-none-eabi/12.2.1/thumb/v8-m.main+fp/hard\libgcc.a
LOAD c:/siliconlabs/simplicitystudio/v5/developer/toolchains/gnu_arm/12.2.rel1_2023.7/bin/../lib/gcc/arm-none-eabi/12.2.1/thumb/v8-m.main+fp/hard\libc_nano.a
LOAD c:/siliconlabs/simplicitystudio/v5/developer/toolchains/gnu_arm/12.2.rel1_2023.7/bin/../lib/gcc/arm-none-eabi/12.2.1/thumb/v8-m.main+fp/hard\libm.a
LOAD c:/siliconlabs/simplicitystudio/v5/developer/toolchains/gnu_arm/12.2.rel1_2023.7/bin/../lib/gcc/arm-none-eabi/12.2.1/thumb/v8-m.main+fp/hard\libnosys.a
END GROUP
START GROUP
LOAD c:/siliconlabs/simplicitystudio/v5/developer/toolchains/gnu_arm/12.2.rel1_2023.7/bin/../lib/gcc/arm-none-eabi/12.2.1/thumb/v8-m.main+fp/hard\libgcc.a
LOAD c:/siliconlabs/simplicitystudio/v5/developer/toolchains/gnu_arm/12.2.rel1_2023.7/bin/../lib/gcc/arm-none-eabi/12.2.1/thumb/v8-m.main+fp/hard\libc_nano.a
LOAD c:/siliconlabs/simplicitystudio/v5/developer/toolchains/gnu_arm/12.2.rel1_2023.7/bin/../lib/gcc/arm-none-eabi/12.2.1/thumb/v8-m.main+fp/hard\libnosys.a
END GROUP
START GROUP
LOAD c:/siliconlabs/simplicitystudio/v5/developer/toolchains/gnu_arm/12.2.rel1_2023.7/bin/../lib/gcc/arm-none-eabi/12.2.1/thumb/v8-m.main+fp/hard\libgcc.a
LOAD c:/siliconlabs/simplicitystudio/v5/developer/toolchains/gnu_arm/12.2.rel1_2023.7/bin/../lib/gcc/arm-none-eabi/12.2.1/thumb/v8-m.main+fp/hard\libg_nano.a
LOAD c:/siliconlabs/simplicitystudio/v5/developer/toolchains/gnu_arm/12.2.rel1_2023.7/bin/../lib/gcc/arm-none-eabi/12.2.1/thumb/v8-m.main+fp/hard\libc_nano.a
END GROUP
START GROUP
LOAD c:/siliconlabs/simplicitystudio/v5/developer/toolchains/gnu_arm/12.2.rel1_2023.7/bin/../lib/gcc/arm-none-eabi/12.2.1/thumb/v8-m.main+fp/hard\libgcc.a
LOAD c:/siliconlabs/simplicitystudio/v5/developer/toolchains/gnu_arm/12.2.rel1_2023.7/bin/../lib/gcc/arm-none-eabi/12.2.1/thumb/v8-m.main+fp/hard\libc_nano.a
END GROUP
LOAD c:/siliconlabs/simplicitystudio/v5/developer/toolchains/gnu_arm/12.2.rel1_2023.7/bin/../lib/gcc/arm-none-eabi/12.2.1/thumb/v8-m.main+fp/hard/crtend.o
LOAD c:/siliconlabs/simplicitystudio/v5/developer/toolchains/gnu_arm/12.2.rel1_2023.7/bin/../lib/gcc/arm-none-eabi/12.2.1/thumb/v8-m.main+fp/hard/crtn.o

.vectors        0x08000000      0x170
                0x08000000                linker_vectors_begin = .
 *(.vectors)
 .vectors       0x08000000      0x170 ./simplicity_sdk_2024.6.0/platform/Device/SiliconLabs/EFR32FG23/Source/startup_efr32fg23.o
                0x08000000                __Vectors
                0x08000170                linker_vectors_end = .
                0x08000170                __Vectors_End = .
                0x08000170                __Vectors_Size = (__Vectors_End - __Vectors)
                0x08000170                __lma_ramfuncs_start__ = .

.stack          0x20000000     0x1000
                0x20000000                . = ALIGN (0x8)
                0x20000000                __StackLimit = .
 *(.stack*)
 .stack         0x20000000     0x1000 ./simplicity_sdk_2024.6.0/platform/service/memory_manager/src/sl_memory_manager_region.o
                0x20001000                . = ALIGN (0x4)
                0x20001000                __StackTop = .
                0x20001000                PROVIDE (__stack = __StackTop)

.noinit
 *(.noinit*)

.bss            0x20001000     0x17f0
                0x20001000                . = ALIGN (0x4)
                0x20001000                __bss_start__ = .
 *(SORT_BY_ALIGNMENT(.bss*))
 .bss.object.0  0x20001000       0x18 c:/siliconlabs/simplicitystudio/v5/developer/toolchains/gnu_arm/12.2.rel1_2023.7/bin/../lib/gcc/arm-none-eabi/12.2.1/thumb/v8-m.main+fp/hard/crtbegin.o
 .bss.context_vcom
                0x20001018      0x148 ./autogen/sl_iostream_init_usart_instances.o
 .bss.sl_iostream_vcom
                0x20001160       0x20 ./autogen/sl_iostream_init_usart_instances.o
 .bss.me_util_instance
                0x20001180        0x4 ./optiga-trust-m/example/example_optiga_init_deinit.o
                0x20001180                me_util_instance
 .bss.xIicSemaphoreHandle
                0x20001184        0x4 ./optiga-trust-m/extras/pal/EFR32/pal_i2c.o
                0x20001184                xIicSemaphoreHandle
 .bss.xIicCallbackTaskHandle
                0x20001188        0x4 ./optiga-trust-m/extras/pal/EFR32/pal_i2c.o
                0x20001188                xIicCallbackTaskHandle
 .bss.trustx_i2cresult_queue
                0x2000118c        0x4 ./optiga-trust-m/extras/pal/EFR32/pal_i2c.o
                0x2000118c                trustx_i2cresult_queue
 .bss.gp_pal_i2c_current_ctx
                0x20001190        0x4 ./optiga-trust-m/extras/pal/EFR32/pal_i2c.o
 .bss.logger_console
                0x20001194        0x8 ./optiga-trust-m/extras/pal/EFR32/pal_logger.o
                0x20001194                logger_console
 .bss.pal_os_ts_0
                0x2000119c        0x4 ./optiga-trust-m/extras/pal/EFR32/pal_os_event.o
 .bss.pal_os_event_0
                0x200011a0       0x18 ./optiga-trust-m/extras/pal/EFR32/pal_os_event.o
 .bss.g_optiga  0x200011b8      0x67c ./optiga-trust-m/src/cmd/optiga_cmd.o
 .bss.dmaXfer   0x20001834      0x100 ./simplicity_sdk_2024.6.0/platform/emdrv/dmadrv/src/dmadrv.o
 .bss.chTable   0x20001934       0x80 ./simplicity_sdk_2024.6.0/platform/emdrv/dmadrv/src/dmadrv.o
 .bss.i2cTransfer
                0x200019b4       0x18 ./simplicity_sdk_2024.6.0/platform/emlib/src/em_i2c.o
 .bss.sli_iostream_default
                0x200019cc        0x4 ./simplicity_sdk_2024.6.0/platform/service/iostream/src/sl_iostream.o
 .bss.sli_iostream_system_default
                0x200019d0        0x4 ./simplicity_sdk_2024.6.0/platform/service/iostream/src/sl_iostream.o
 .bss.heap_high_watermark
                0x200019d4        0x4 ./simplicity_sdk_2024.6.0/platform/service/memory_manager/src/sl_memory_manager.o
 .bss.heap_size
                0x200019d8        0x4 ./simplicity_sdk_2024.6.0/platform/service/memory_manager/src/sl_memory_manager.o
 .bss.sli_free_blocks_number
                0x200019dc        0x4 ./simplicity_sdk_2024.6.0/platform/service/memory_manager/src/sli_memory_manager_common.o
                0x200019dc                sli_free_blocks_number
 .bss.sli_free_st_list_head
                0x200019e0        0x4 ./simplicity_sdk_2024.6.0/platform/service/memory_manager/src/sli_memory_manager_common.o
                0x200019e0                sli_free_st_list_head
 .bss.sli_free_lt_list_head
                0x200019e4        0x4 ./simplicity_sdk_2024.6.0/platform/service/memory_manager/src/sli_memory_manager_common.o
                0x200019e4                sli_free_lt_list_head
 .bss.max_millisecond_conversion
                0x200019e8        0x4 ./simplicity_sdk_2024.6.0/platform/service/sleeptimer/src/sl_sleeptimer.o
 .bss.last_delta_update_count
                0x200019ec        0x4 ./simplicity_sdk_2024.6.0/platform/service/sleeptimer/src/sl_sleeptimer.o
 .bss.timer_head
                0x200019f0        0x4 ./simplicity_sdk_2024.6.0/platform/service/sleeptimer/src/sl_sleeptimer.o
 .bss.timer_frequency
                0x200019f4        0x4 ./simplicity_sdk_2024.6.0/platform/service/sleeptimer/src/sl_sleeptimer.o
 .bss.Timer_Stack.0
                0x200019f8      0x280 ./simplicity_sdk_2024.6.0/util/third_party/freertos/cmsis/Source/cmsis_os2.o
 .bss.Timer_TCB.1
                0x20001c78       0x60 ./simplicity_sdk_2024.6.0/util/third_party/freertos/cmsis/Source/cmsis_os2.o
 .bss.Idle_Stack.2
                0x20001cd8      0x280 ./simplicity_sdk_2024.6.0/util/third_party/freertos/cmsis/Source/cmsis_os2.o
 .bss.Idle_TCB.3
                0x20001f58       0x60 ./simplicity_sdk_2024.6.0/util/third_party/freertos/cmsis/Source/cmsis_os2.o
 .bss.KernelState
                0x20001fb8        0x4 ./simplicity_sdk_2024.6.0/util/third_party/freertos/cmsis/Source/cmsis_os2.o
 .bss.xQueueRegistry
                0x20001fbc       0x50 ./simplicity_sdk_2024.6.0/util/third_party/freertos/kernel/queue.o
                0x20001fbc                xQueueRegistry
 .bss.uxSchedulerSuspended
                0x2000200c        0x4 ./simplicity_sdk_2024.6.0/util/third_party/freertos/kernel/tasks.o
 .bss.xNextTaskUnblockTime
                0x20002010        0x4 ./simplicity_sdk_2024.6.0/util/third_party/freertos/kernel/tasks.o
 .bss.uxTaskNumber
                0x20002014        0x4 ./simplicity_sdk_2024.6.0/util/third_party/freertos/kernel/tasks.o
 .bss.xNumOfOverflows
                0x20002018        0x4 ./simplicity_sdk_2024.6.0/util/third_party/freertos/kernel/tasks.o
 .bss.xYieldPending
                0x2000201c        0x4 ./simplicity_sdk_2024.6.0/util/third_party/freertos/kernel/tasks.o
 .bss.xPendedTicks
                0x20002020        0x4 ./simplicity_sdk_2024.6.0/util/third_party/freertos/kernel/tasks.o
 .bss.xSchedulerRunning
                0x20002024        0x4 ./simplicity_sdk_2024.6.0/util/third_party/freertos/kernel/tasks.o
 .bss.uxTopReadyPriority
                0x20002028        0x4 ./simplicity_sdk_2024.6.0/util/third_party/freertos/kernel/tasks.o
 .bss.xTickCount
                0x2000202c        0x4 ./simplicity_sdk_2024.6.0/util/third_party/freertos/kernel/tasks.o
 .bss.uxCurrentNumberOfTasks
                0x20002030        0x4 ./simplicity_sdk_2024.6.0/util/third_party/freertos/kernel/tasks.o
 .bss.xSuspendedTaskList
                0x20002034       0x14 ./simplicity_sdk_2024.6.0/util/third_party/freertos/kernel/tasks.o
 .bss.uxDeletedTasksWaitingCleanUp
                0x20002048        0x4 ./simplicity_sdk_2024.6.0/util/third_party/freertos/kernel/tasks.o
 .bss.xTasksWaitingTermination
                0x2000204c       0x14 ./simplicity_sdk_2024.6.0/util/third_party/freertos/kernel/tasks.o
 .bss.xPendingReadyList
                0x20002060       0x14 ./simplicity_sdk_2024.6.0/util/third_party/freertos/kernel/tasks.o
 .bss.pxOverflowDelayedTaskList
                0x20002074        0x4 ./simplicity_sdk_2024.6.0/util/third_party/freertos/kernel/tasks.o
 .bss.pxDelayedTaskList
                0x20002078        0x4 ./simplicity_sdk_2024.6.0/util/third_party/freertos/kernel/tasks.o
 .bss.xDelayedTaskList2
                0x2000207c       0x14 ./simplicity_sdk_2024.6.0/util/third_party/freertos/kernel/tasks.o
 .bss.xDelayedTaskList1
                0x20002090       0x14 ./simplicity_sdk_2024.6.0/util/third_party/freertos/kernel/tasks.o
 .bss.pxReadyTasksLists
                0x200020a4      0x460 ./simplicity_sdk_2024.6.0/util/third_party/freertos/kernel/tasks.o
 .bss.pxCurrentTCB
                0x20002504        0x4 ./simplicity_sdk_2024.6.0/util/third_party/freertos/kernel/tasks.o
                0x20002504                pxCurrentTCB
 .bss.xStaticTimerQueue.0
                0x20002508       0x50 ./simplicity_sdk_2024.6.0/util/third_party/freertos/kernel/timers.o
 .bss.xLastTime.2
                0x20002558        0x4 ./simplicity_sdk_2024.6.0/util/third_party/freertos/kernel/timers.o
 .bss.xTimerTaskHandle
                0x2000255c        0x4 ./simplicity_sdk_2024.6.0/util/third_party/freertos/kernel/timers.o
 .bss.xTimerQueue
                0x20002560        0x4 ./simplicity_sdk_2024.6.0/util/third_party/freertos/kernel/timers.o
 .bss.pxOverflowTimerList
                0x20002564        0x4 ./simplicity_sdk_2024.6.0/util/third_party/freertos/kernel/timers.o
 .bss.pxCurrentTimerList
                0x20002568        0x4 ./simplicity_sdk_2024.6.0/util/third_party/freertos/kernel/timers.o
 .bss.xActiveTimerList2
                0x2000256c       0x14 ./simplicity_sdk_2024.6.0/util/third_party/freertos/kernel/timers.o
 .bss.xActiveTimerList1
                0x20002580       0x14 ./simplicity_sdk_2024.6.0/util/third_party/freertos/kernel/timers.o
 .bss.__sf      0x20002594      0x138 c:/siliconlabs/simplicitystudio/v5/developer/toolchains/gnu_arm/12.2.rel1_2023.7/bin/../lib/gcc/arm-none-eabi/12.2.1/thumb/v8-m.main+fp/hard\libc_nano.a(libc_a-findfp.o)
                0x20002594                __sf
 .bss.__stdio_exit_handler
                0x200026cc        0x4 c:/siliconlabs/simplicitystudio/v5/developer/toolchains/gnu_arm/12.2.rel1_2023.7/bin/../lib/gcc/arm-none-eabi/12.2.1/thumb/v8-m.main+fp/hard\libc_nano.a(libc_a-findfp.o)
                0x200026cc                __stdio_exit_handler
 .bss.errno     0x200026d0        0x4 c:/siliconlabs/simplicitystudio/v5/developer/toolchains/gnu_arm/12.2.rel1_2023.7/bin/../lib/gcc/arm-none-eabi/12.2.1/thumb/v8-m.main+fp/hard\libc_nano.a(libc_a-reent.o)
                0x200026d0                errno
 .bss.optiga_lib_status
                0x200026d4        0x2 ./optiga-trust-m/example/example_optiga_init_deinit.o
 .bss.overflow_counter
                0x200026d6        0x2 ./simplicity_sdk_2024.6.0/platform/service/sleeptimer/src/sl_sleeptimer.o
 .bss.completed.1
                0x200026d8        0x1 c:/siliconlabs/simplicitystudio/v5/developer/toolchains/gnu_arm/12.2.rel1_2023.7/bin/../lib/gcc/arm-none-eabi/12.2.1/thumb/v8-m.main+fp/hard/crtbegin.o
 .bss.rx_buffer_vcom
                0x200026d9       0x20 ./autogen/sl_iostream_init_usart_instances.o
 .bss.data_store_app_context_buffer
                0x200026f9        0xa ./optiga-trust-m/extras/pal/EFR32/pal_os_datastore.o
                0x200026f9                data_store_app_context_buffer
 .bss.data_store_manage_context_buffer
                0x20002703       0x44 ./optiga-trust-m/extras/pal/EFR32/pal_os_datastore.o
                0x20002703                data_store_manage_context_buffer
 .bss.initialized
                0x20002747        0x1 ./simplicity_sdk_2024.6.0/platform/emdrv/dmadrv/src/dmadrv.o
 .bss.vScaleEM01Config
                0x20002748        0x1 ./simplicity_sdk_2024.6.0/platform/emlib/src/em_emu.o
 .bss.sleep_on_isr_exit
                0x20002749        0x1 ./simplicity_sdk_2024.6.0/platform/service/sleeptimer/src/sl_sleeptimer.o
 .bss.next_timer_to_expire_is_power_manager
                0x2000274a        0x1 ./simplicity_sdk_2024.6.0/platform/service/sleeptimer/src/sl_sleeptimer.o
 .bss.is_sleeptimer_initialized
                0x2000274b        0x1 ./simplicity_sdk_2024.6.0/platform/service/sleeptimer/src/sl_sleeptimer.o
 .bss.ucStaticTimerQueueStorage.1
                0x2000274c       0xa0 ./simplicity_sdk_2024.6.0/util/third_party/freertos/kernel/timers.o
 .bss.__lock___sfp_recursive_mutex
                0x200027ec        0x1 c:/siliconlabs/simplicitystudio/v5/developer/toolchains/gnu_arm/12.2.rel1_2023.7/bin/../lib/gcc/arm-none-eabi/12.2.1/thumb/v8-m.main+fp/hard\libc_nano.a(libc_a-lock.o)
                0x200027ec                __lock___sfp_recursive_mutex
 *(COMMON)
                0x200027f0                . = ALIGN (0x4)
 *fill*         0x200027ed        0x3 
                0x200027f0                __bss_end__ = .

text_application_ram
                0x200027f0        0x0 load address 0x08000170
                0x200027f0                . = ALIGN (0x4)
                0x200027f0                __vma_ramfuncs_start__ = .
                0x200027f0                __text_application_ram_start__ = .
 *(text_application_ram)
                0x200027f0                . = ALIGN (0x4)
                0x200027f0                __vma_ramfuncs_end__ = .
                0x200027f0                __text_application_ram_end__ = .

.rodata         0x08000170        0x0
                0x08000170                __lma_ramfuncs_end__ = .
                0x08000170                __rodata_start__ = .
                0x08000170                __rodata_end__ = .

.text           0x08000170     0xbebc
                0x08000170                linker_code_begin = .
 *(SORT_BY_ALIGNMENT(.text*))
 .text          0x08000170        0x8 ./simplicity_sdk_2024.6.0/platform/service/udelay/src/sl_udelay_armv6m_gcc.o
                0x08000170                sli_delay_loop
 *fill*         0x08000178        0x8 
 .text.vRestoreContextOfFirstTask
                0x08000180       0x34 ./simplicity_sdk_2024.6.0/util/third_party/freertos/kernel/portable/GCC/ARM_CM33_NTZ/non_secure/portasm.o
                0x08000180                vRestoreContextOfFirstTask
 *fill*         0x080001b4        0xc 
 .text.vStartFirstTask
                0x080001c0       0x24 ./simplicity_sdk_2024.6.0/util/third_party/freertos/kernel/portable/GCC/ARM_CM33_NTZ/non_secure/portasm.o
                0x080001c0                vStartFirstTask
 *fill*         0x080001e4        0xc 
 .text.PendSV_Handler
                0x080001f0       0x64 ./simplicity_sdk_2024.6.0/util/third_party/freertos/kernel/portable/GCC/ARM_CM33_NTZ/non_secure/portasm.o
                0x080001f0                PendSV_Handler
 *fill*         0x08000254        0xc 
 .text.SVC_Handler
                0x08000260       0x24 ./simplicity_sdk_2024.6.0/util/third_party/freertos/kernel/portable/GCC/ARM_CM33_NTZ/non_secure/portasm.o
                0x08000260                SVC_Handler
 .text.deregister_tm_clones
                0x08000284       0x1c c:/siliconlabs/simplicitystudio/v5/developer/toolchains/gnu_arm/12.2.rel1_2023.7/bin/../lib/gcc/arm-none-eabi/12.2.1/thumb/v8-m.main+fp/hard/crtbegin.o
 .text.register_tm_clones
                0x080002a0       0x28 c:/siliconlabs/simplicitystudio/v5/developer/toolchains/gnu_arm/12.2.rel1_2023.7/bin/../lib/gcc/arm-none-eabi/12.2.1/thumb/v8-m.main+fp/hard/crtbegin.o
 .text.__do_global_dtors_aux
                0x080002c8       0x28 c:/siliconlabs/simplicitystudio/v5/developer/toolchains/gnu_arm/12.2.rel1_2023.7/bin/../lib/gcc/arm-none-eabi/12.2.1/thumb/v8-m.main+fp/hard/crtbegin.o
 .text.frame_dummy
                0x080002f0       0x24 c:/siliconlabs/simplicitystudio/v5/developer/toolchains/gnu_arm/12.2.rel1_2023.7/bin/../lib/gcc/arm-none-eabi/12.2.1/thumb/v8-m.main+fp/hard/crtbegin.o
 .text          0x08000314       0x7c c:/siliconlabs/simplicitystudio/v5/developer/toolchains/gnu_arm/12.2.rel1_2023.7/bin/../lib/gcc/arm-none-eabi/12.2.1/thumb/v8-m.main+fp/hard/crt0.o
                0x08000314                _stack_init
                0x0800031c                _start
                0x0800031c                _mainCRTStartup
 .text.vEventCheckTask
                0x08000390       0x20 ./app.o
                0x08000390                vEventCheckTask
 .text.app_init
                0x080003b0       0x38 ./app.o
                0x080003b0                app_init
 .text.startup.main
                0x080003e8       0x2c ./main.o
                0x080003e8                main
 .text.sl_platform_init
                0x08000414       0x9c ./autogen/sl_event_handler.o
                0x08000414                sl_platform_init
 .text.sl_i2cspm_init_instances
                0x080004b0       0x1c ./autogen/sl_i2cspm_init.o
                0x080004b0                sl_i2cspm_init_instances
 .text.sl_iostream_usart_init_vcom
                0x080004cc       0xa4 ./autogen/sl_iostream_init_usart_instances.o
                0x080004cc                sl_iostream_usart_init_vcom
 .text.sl_iostream_usart_init_instances
                0x08000570       0x1c ./autogen/sl_iostream_init_usart_instances.o
                0x08000570                sl_iostream_usart_init_instances
 .text.USART0_RX_IRQHandler
                0x0800058c        0xc ./autogen/sl_iostream_init_usart_instances.o
                0x0800058c                USART0_RX_IRQHandler
 .text.optiga_lib_callback
                0x08000598       0x3c ./optiga-trust-m/example/example_optiga_init_deinit.o
 .text.example_optiga_init
                0x080005d4       0xb8 ./optiga-trust-m/example/example_optiga_init_deinit.o
                0x080005d4                example_optiga_init
 .text.pal_gpio_init
                0x0800068c       0x4c ./optiga-trust-m/extras/pal/EFR32/pal_gpio.o
                0x0800068c                pal_gpio_init
 .text.pal_gpio_set_high
                0x080006d8       0x64 ./optiga-trust-m/extras/pal/EFR32/pal_gpio.o
                0x080006d8                pal_gpio_set_high
 .text.pal_gpio_set_low
                0x0800073c       0x80 ./optiga-trust-m/extras/pal/EFR32/pal_gpio.o
                0x0800073c                pal_gpio_set_low
 .text.pal_i2c_release.constprop.0
                0x080007bc       0x1c ./optiga-trust-m/extras/pal/EFR32/pal_i2c.o
 .text.pal_i2c_acquire.constprop.0
                0x080007d8       0x20 ./optiga-trust-m/extras/pal/EFR32/pal_i2c.o
 .text.i2c_result_handler
                0x080007f8       0x24 ./optiga-trust-m/extras/pal/EFR32/pal_i2c.o
                0x080007f8                i2c_result_handler
 .text.pal_i2c_init
                0x0800081c       0x78 ./optiga-trust-m/extras/pal/EFR32/pal_i2c.o
                0x0800081c                pal_i2c_init
 .text.pal_i2c_deinit
                0x08000894       0x24 ./optiga-trust-m/extras/pal/EFR32/pal_i2c.o
                0x08000894                pal_i2c_deinit
 .text.pal_i2c_write
                0x080008b8       0x60 ./optiga-trust-m/extras/pal/EFR32/pal_i2c.o
                0x080008b8                pal_i2c_write
 .text.pal_i2c_read
                0x08000918       0x60 ./optiga-trust-m/extras/pal/EFR32/pal_i2c.o
                0x08000918                pal_i2c_read
 .text.pal_logger_write
                0x08000978       0x2c ./optiga-trust-m/extras/pal/EFR32/pal_logger.o
                0x08000978                pal_logger_write
 .text.pal_os_datastore_write
                0x080009a4       0x40 ./optiga-trust-m/extras/pal/EFR32/pal_os_datastore.o
                0x080009a4                pal_os_datastore_write
 .text.pal_os_datastore_read
                0x080009e4       0x58 ./optiga-trust-m/extras/pal/EFR32/pal_os_datastore.o
                0x080009e4                pal_os_datastore_read
 .text.pal_os_event_trigger_registered_callback
                0x08000a3c       0x50 ./optiga-trust-m/extras/pal/EFR32/pal_os_event.o
                0x08000a3c                pal_os_event_trigger_registered_callback
 .text.pal_os_event_register_callback_oneshot
                0x08000a8c       0x60 ./optiga-trust-m/extras/pal/EFR32/pal_os_event.o
                0x08000a8c                pal_os_event_register_callback_oneshot
 .text.pal_os_event_create
                0x08000aec       0x18 ./optiga-trust-m/extras/pal/EFR32/pal_os_event.o
                0x08000aec                pal_os_event_create
 .text.optiga_cmd_queue_reset_slot
                0x08000b04       0x30 ./optiga-trust-m/src/cmd/optiga_cmd.o
 .text.optiga_cmd_execute_handler
                0x08000b34      0x420 ./optiga-trust-m/src/cmd/optiga_cmd.o
 .text.optiga_cmd_event_trigger_execute
                0x08000f54       0x2c ./optiga-trust-m/src/cmd/optiga_cmd.o
 .text.optiga_cmd_queue_scheduler
                0x08000f80      0x164 ./optiga-trust-m/src/cmd/optiga_cmd.o
 .text.optiga_cmd_open_application_handler
                0x080010e4       0xd0 ./optiga-trust-m/src/cmd/optiga_cmd.o
 .text.optiga_cmd_create
                0x080011b4       0xa0 ./optiga-trust-m/src/cmd/optiga_cmd.o
                0x080011b4                optiga_cmd_create
 .text.optiga_cmd_open_application
                0x08001254       0x24 ./optiga-trust-m/src/cmd/optiga_cmd.o
                0x08001254                optiga_cmd_open_application
 .text.optiga_lib_print_message
                0x08001278       0x4c ./optiga-trust-m/src/common/optiga_lib_logger.o
                0x08001278                optiga_lib_print_message
 .text.optiga_lib_print_status
                0x080012c4       0xc8 ./optiga-trust-m/src/common/optiga_lib_logger.o
                0x080012c4                optiga_lib_print_status
 .text.ifx_i2c_init
                0x0800138c      0x178 ./optiga-trust-m/src/comms/ifx_i2c/ifx_i2c.o
 .text.ifx_i2c_open
                0x08001504       0x74 ./optiga-trust-m/src/comms/ifx_i2c/ifx_i2c.o
                0x08001504                ifx_i2c_open
 .text.ifx_i2c_pl_event_handler
                0x08001578      0x2c8 ./optiga-trust-m/src/comms/ifx_i2c/ifx_i2c_data_link_layer.o
 .text.ifx_i2c_dl_init
                0x08001840       0x44 ./optiga-trust-m/src/comms/ifx_i2c/ifx_i2c_data_link_layer.o
                0x08001840                ifx_i2c_dl_init
 .text.ifx_i2c_dl_receive_frame
                0x08001884       0x3c ./optiga-trust-m/src/comms/ifx_i2c/ifx_i2c_data_link_layer.o
                0x08001884                ifx_i2c_dl_receive_frame
 .text.ifx_i2c_pl_read_register
                0x080018c0       0x28 ./optiga-trust-m/src/comms/ifx_i2c/ifx_i2c_physical_layer.o
 .text.ifx_i2c_pl_set_bit_rate
                0x080018e8       0x44 ./optiga-trust-m/src/comms/ifx_i2c/ifx_i2c_physical_layer.o
 .text.ifx_i2c_pl_negotiation_event_handler
                0x0800192c      0x168 ./optiga-trust-m/src/comms/ifx_i2c/ifx_i2c_physical_layer.o
 .text.ifx_i2c_pl_soft_reset
                0x08001a94       0x90 ./optiga-trust-m/src/comms/ifx_i2c/ifx_i2c_physical_layer.o
 .text.ifx_i2c_pl_frame_event_handler.part.0
                0x08001b24       0xe4 ./optiga-trust-m/src/comms/ifx_i2c/ifx_i2c_physical_layer.o
 .text.ifx_i2c_pl_pal_event_handler
                0x08001c08       0x54 ./optiga-trust-m/src/comms/ifx_i2c/ifx_i2c_physical_layer.o
 .text.ifx_i2c_pl_init
                0x08001c5c       0x64 ./optiga-trust-m/src/comms/ifx_i2c/ifx_i2c_physical_layer.o
                0x08001c5c                ifx_i2c_pl_init
 .text.ifx_i2c_dl_event_handler
                0x08001cc0      0x244 ./optiga-trust-m/src/comms/ifx_i2c/ifx_i2c_transport_layer.o
 .text.ifx_i2c_tl_init
                0x08001f04       0x30 ./optiga-trust-m/src/comms/ifx_i2c/ifx_i2c_transport_layer.o
                0x08001f04                ifx_i2c_tl_init
 .text.ifx_i2c_event_handler
                0x08001f34       0x20 ./optiga-trust-m/src/comms/optiga_comms_ifx_i2c.o
 .text.optiga_comms_create
                0x08001f54       0x28 ./optiga-trust-m/src/comms/optiga_comms_ifx_i2c.o
                0x08001f54                optiga_comms_create
 .text.optiga_comms_open
                0x08001f7c       0x50 ./optiga-trust-m/src/comms/optiga_comms_ifx_i2c.o
                0x08001f7c                optiga_comms_open
 .text.optiga_comms_transceive
                0x08001fcc       0x38 ./optiga-trust-m/src/comms/optiga_comms_ifx_i2c.o
                0x08001fcc                optiga_comms_transceive
 .text.optiga_comms_close
                0x08002004       0x34 ./optiga-trust-m/src/comms/optiga_comms_ifx_i2c.o
                0x08002004                optiga_comms_close
 .text.optiga_util_generic_event_handler
                0x08002038       0x24 ./optiga-trust-m/src/util/optiga_util.o
 .text.optiga_util_create
                0x0800205c       0x3c ./optiga-trust-m/src/util/optiga_util.o
                0x0800205c                optiga_util_create
 .text.sl_board_init
                0x08002098       0x14 ./simplicity_sdk_2024.6.0/hardware/board/src/sl_board_init.o
                0x08002098                sl_board_init
 .text.sl_board_preinit
                0x080020ac        0xc ./simplicity_sdk_2024.6.0/hardware/board/src/sl_board_init.o
                0x080020ac                sl_board_preinit
 .text.CopyRamFuncs
                0x080020b8       0x1c ./simplicity_sdk_2024.6.0/platform/Device/SiliconLabs/EFR32FG23/Source/startup_efr32fg23.o
                0x080020b8                CopyRamFuncs
 .text.Reset_Handler
                0x080020d4       0x64 ./simplicity_sdk_2024.6.0/platform/Device/SiliconLabs/EFR32FG23/Source/startup_efr32fg23.o
                0x080020d4                Reset_Handler
 .text.SystemInit
                0x08002138       0x64 ./simplicity_sdk_2024.6.0/platform/Device/SiliconLabs/EFR32FG23/Source/system_efr32fg23.o
                0x08002138                SystemInit
 .text.SystemHFRCODPLLClockGet
                0x0800219c        0xc ./simplicity_sdk_2024.6.0/platform/Device/SiliconLabs/EFR32FG23/Source/system_efr32fg23.o
                0x0800219c                SystemHFRCODPLLClockGet
 .text.SystemHFRCODPLLClockSet
                0x080021a8        0xc ./simplicity_sdk_2024.6.0/platform/Device/SiliconLabs/EFR32FG23/Source/system_efr32fg23.o
                0x080021a8                SystemHFRCODPLLClockSet
 .text.SystemSYSCLKGet
                0x080021b4       0x34 ./simplicity_sdk_2024.6.0/platform/Device/SiliconLabs/EFR32FG23/Source/system_efr32fg23.o
                0x080021b4                SystemSYSCLKGet
 .text.SystemHCLKGet
                0x080021e8       0x24 ./simplicity_sdk_2024.6.0/platform/Device/SiliconLabs/EFR32FG23/Source/system_efr32fg23.o
                0x080021e8                SystemHCLKGet
 .text.SystemMaxCoreClockGet
                0x0800220c        0x8 ./simplicity_sdk_2024.6.0/platform/Device/SiliconLabs/EFR32FG23/Source/system_efr32fg23.o
                0x0800220c                SystemMaxCoreClockGet
 .text.SystemHFXOClockGet
                0x08002214        0xc ./simplicity_sdk_2024.6.0/platform/Device/SiliconLabs/EFR32FG23/Source/system_efr32fg23.o
                0x08002214                SystemHFXOClockGet
 .text.SystemHFXOClockSet
                0x08002220       0x20 ./simplicity_sdk_2024.6.0/platform/Device/SiliconLabs/EFR32FG23/Source/system_efr32fg23.o
                0x08002220                SystemHFXOClockSet
 .text.SystemFSRCOClockGet
                0x08002240        0x8 ./simplicity_sdk_2024.6.0/platform/Device/SiliconLabs/EFR32FG23/Source/system_efr32fg23.o
                0x08002240                SystemFSRCOClockGet
 .text.SystemHFRCOEM23ClockGet
                0x08002248       0x84 ./simplicity_sdk_2024.6.0/platform/Device/SiliconLabs/EFR32FG23/Source/system_efr32fg23.o
                0x08002248                SystemHFRCOEM23ClockGet
 .text.SystemLFXOClockGet
                0x080022cc        0xc ./simplicity_sdk_2024.6.0/platform/Device/SiliconLabs/EFR32FG23/Source/system_efr32fg23.o
                0x080022cc                SystemLFXOClockGet
 .text.sl_debug_swo_init
                0x080022d8       0xcc ./simplicity_sdk_2024.6.0/platform/driver/debug/src/sl_debug_swo.o
                0x080022d8                sl_debug_swo_init
 .text.sl_debug_swo_write_u8
                0x080023a4       0x44 ./simplicity_sdk_2024.6.0/platform/driver/debug/src/sl_debug_swo.o
                0x080023a4                sl_debug_swo_write_u8
 .text.I2CSPM_Init
                0x080023e8      0x148 ./simplicity_sdk_2024.6.0/platform/driver/i2cspm/src/sl_i2cspm.o
                0x080023e8                I2CSPM_Init
 .text.I2CSPM_Transfer
                0x08002530       0x20 ./simplicity_sdk_2024.6.0/platform/driver/i2cspm/src/sl_i2cspm.o
                0x08002530                I2CSPM_Transfer
 .text.StartTransfer
                0x08002550      0x17c ./simplicity_sdk_2024.6.0/platform/emdrv/dmadrv/src/dmadrv.o
 .text.DMADRV_AllocateChannel
                0x080026cc       0x60 ./simplicity_sdk_2024.6.0/platform/emdrv/dmadrv/src/dmadrv.o
                0x080026cc                DMADRV_AllocateChannel
 .text.DMADRV_DeInit
                0x0800272c       0x44 ./simplicity_sdk_2024.6.0/platform/emdrv/dmadrv/src/dmadrv.o
                0x0800272c                DMADRV_DeInit
 .text.DMADRV_FreeChannel
                0x08002770       0x4c ./simplicity_sdk_2024.6.0/platform/emdrv/dmadrv/src/dmadrv.o
                0x08002770                DMADRV_FreeChannel
 .text.DMADRV_Init
                0x080027bc       0x68 ./simplicity_sdk_2024.6.0/platform/emdrv/dmadrv/src/dmadrv.o
                0x080027bc                DMADRV_Init
 .text.DMADRV_PauseTransfer
                0x08002824       0x40 ./simplicity_sdk_2024.6.0/platform/emdrv/dmadrv/src/dmadrv.o
                0x08002824                DMADRV_PauseTransfer
 .text.DMADRV_ResumeTransfer
                0x08002864       0x40 ./simplicity_sdk_2024.6.0/platform/emdrv/dmadrv/src/dmadrv.o
                0x08002864                DMADRV_ResumeTransfer
 .text.DMADRV_StopTransfer
                0x080028a4       0x40 ./simplicity_sdk_2024.6.0/platform/emdrv/dmadrv/src/dmadrv.o
                0x080028a4                DMADRV_StopTransfer
 .text.DMADRV_TransferCompletePending
                0x080028e4       0x50 ./simplicity_sdk_2024.6.0/platform/emdrv/dmadrv/src/dmadrv.o
                0x080028e4                DMADRV_TransferCompletePending
 .text.DMADRV_TransferDone
                0x08002934       0x44 ./simplicity_sdk_2024.6.0/platform/emdrv/dmadrv/src/dmadrv.o
                0x08002934                DMADRV_TransferDone
 .text.LDMA_IRQHandler
                0x08002978       0x74 ./simplicity_sdk_2024.6.0/platform/emdrv/dmadrv/src/dmadrv.o
                0x08002978                LDMA_IRQHandler
 .text.EMU_VScaleGet
                0x080029ec       0x18 ./simplicity_sdk_2024.6.0/platform/emlib/src/em_cmu.o
 .text.HFRCODPLLDevinfoGet
                0x08002a04      0x108 ./simplicity_sdk_2024.6.0/platform/emlib/src/em_cmu.o
 .text.em01GrpaClkGet
                0x08002b0c       0x74 ./simplicity_sdk_2024.6.0/platform/emlib/src/em_cmu.o
 .text.em01GrpcClkGet
                0x08002b80       0x70 ./simplicity_sdk_2024.6.0/platform/emlib/src/em_cmu.o
 .text.iadcClkGet
                0x08002bf0       0x60 ./simplicity_sdk_2024.6.0/platform/emlib/src/em_cmu.o
 .text.lesenseHFClkGet
                0x08002c50       0x48 ./simplicity_sdk_2024.6.0/platform/emlib/src/em_cmu.o
 .text.eusart0ClkGet
                0x08002c98       0x74 ./simplicity_sdk_2024.6.0/platform/emlib/src/em_cmu.o
 .text.em23GrpaClkGet
                0x08002d0c       0x48 ./simplicity_sdk_2024.6.0/platform/emlib/src/em_cmu.o
 .text.vdac0ClkGet
                0x08002d54       0x70 ./simplicity_sdk_2024.6.0/platform/emlib/src/em_cmu.o
 .text.pcnt0ClkGet
                0x08002dc4       0x4c ./simplicity_sdk_2024.6.0/platform/emlib/src/em_cmu.o
 .text.wdog0ClkGet
                0x08002e10       0x64 ./simplicity_sdk_2024.6.0/platform/emlib/src/em_cmu.o
 .text.wdog1ClkGet
                0x08002e74       0x64 ./simplicity_sdk_2024.6.0/platform/emlib/src/em_cmu.o
 .text.sysrtcClkGet
                0x08002ed8       0x48 ./simplicity_sdk_2024.6.0/platform/emlib/src/em_cmu.o
 .text.lcdClkGet
                0x08002f20       0x54 ./simplicity_sdk_2024.6.0/platform/emlib/src/em_cmu.o
 .text.em4GrpaClkGet
                0x08002f74       0x48 ./simplicity_sdk_2024.6.0/platform/emlib/src/em_cmu.o
 .text.CMU_ClockDivGet
                0x08002fbc       0x84 ./simplicity_sdk_2024.6.0/platform/emlib/src/em_cmu.o
                0x08002fbc                CMU_ClockDivGet
 .text.flashWaitStateControl
                0x08003040       0x58 ./simplicity_sdk_2024.6.0/platform/emlib/src/em_cmu.o
 .text.CMU_ClockEnable
                0x08003098       0x50 ./simplicity_sdk_2024.6.0/platform/emlib/src/em_cmu.o
                0x08003098                CMU_ClockEnable
 .text.CMU_ClockFreqGet
                0x080030e8      0x274 ./simplicity_sdk_2024.6.0/platform/emlib/src/em_cmu.o
                0x080030e8                CMU_ClockFreqGet
 .text.rhclkPrescOptimize
                0x0800335c       0x20 ./simplicity_sdk_2024.6.0/platform/emlib/src/em_cmu.o
 .text.CMU_ClockSelectGet
                0x0800337c      0x268 ./simplicity_sdk_2024.6.0/platform/emlib/src/em_cmu.o
                0x0800337c                CMU_ClockSelectGet
 .text.sli_em_cmu_SYSTICEXTCLKENClear
                0x080035e4       0x30 ./simplicity_sdk_2024.6.0/platform/emlib/src/em_cmu.o
                0x080035e4                sli_em_cmu_SYSTICEXTCLKENClear
 .text.CMU_HFXOInit
                0x08003614      0x238 ./simplicity_sdk_2024.6.0/platform/emlib/src/em_cmu.o
                0x08003614                CMU_HFXOInit
 .text.CMU_HFXOCTuneDeltaGet
                0x0800384c        0xc ./simplicity_sdk_2024.6.0/platform/emlib/src/em_cmu.o
                0x0800384c                CMU_HFXOCTuneDeltaGet
 .text.CMU_LFXOInit
                0x08003858       0xc4 ./simplicity_sdk_2024.6.0/platform/emlib/src/em_cmu.o
                0x08003858                CMU_LFXOInit
 .text.CMU_LFXOPrecisionSet
                0x0800391c        0xc ./simplicity_sdk_2024.6.0/platform/emlib/src/em_cmu.o
                0x0800391c                CMU_LFXOPrecisionSet
 .text.CMU_HFXOPrecisionSet
                0x08003928        0xc ./simplicity_sdk_2024.6.0/platform/emlib/src/em_cmu.o
                0x08003928                CMU_HFXOPrecisionSet
 .text.CMU_ClockDivSet
                0x08003934      0x104 ./simplicity_sdk_2024.6.0/platform/emlib/src/em_cmu.o
                0x08003934                CMU_ClockDivSet
 .text.sli_em_cmu_SYSCLKInitPreClockSelect
                0x08003a38       0x20 ./simplicity_sdk_2024.6.0/platform/emlib/src/em_cmu.o
                0x08003a38                sli_em_cmu_SYSCLKInitPreClockSelect
 .text.pclkDivOptimize
                0x08003a58       0x24 ./simplicity_sdk_2024.6.0/platform/emlib/src/em_cmu.o
 .text.CMU_HFRCODPLLBandSet
                0x08003a7c      0x11c ./simplicity_sdk_2024.6.0/platform/emlib/src/em_cmu.o
                0x08003a7c                CMU_HFRCODPLLBandSet
 .text.CMU_HFRCOEM23BandSet
                0x08003b98      0x168 ./simplicity_sdk_2024.6.0/platform/emlib/src/em_cmu.o
                0x08003b98                CMU_HFRCOEM23BandSet
 .text.EMU_DCDCSync
                0x08003d00       0x10 ./simplicity_sdk_2024.6.0/platform/emlib/src/em_emu.o
 .text.EMU_EM4Init
                0x08003d10       0x14 ./simplicity_sdk_2024.6.0/platform/emlib/src/em_emu.o
                0x08003d10                EMU_EM4Init
 .text.EMU_VScaleEM01
                0x08003d24       0xa8 ./simplicity_sdk_2024.6.0/platform/emlib/src/em_emu.o
                0x08003d24                EMU_VScaleEM01
 .text.EMU_VScaleEM01ByClock
                0x08003dcc       0x30 ./simplicity_sdk_2024.6.0/platform/emlib/src/em_emu.o
                0x08003dcc                EMU_VScaleEM01ByClock
 .text.EMU_DCDCModeSet
                0x08003dfc       0xac ./simplicity_sdk_2024.6.0/platform/emlib/src/em_emu.o
                0x08003dfc                EMU_DCDCModeSet
 .text.EMU_DCDCInit
                0x08003ea8       0x70 ./simplicity_sdk_2024.6.0/platform/emlib/src/em_emu.o
                0x08003ea8                EMU_DCDCInit
 .text.EMU_DCDCSetPFMXModePeakCurrent
                0x08003f18       0x6c ./simplicity_sdk_2024.6.0/platform/emlib/src/em_emu.o
                0x08003f18                EMU_DCDCSetPFMXModePeakCurrent
 .text.GPIO_PinOutSet
                0x08003f84       0x3c ./simplicity_sdk_2024.6.0/platform/emlib/src/em_gpio.o
 .text.GPIO_PinOutClear
                0x08003fc0       0x3c ./simplicity_sdk_2024.6.0/platform/emlib/src/em_gpio.o
 .text.GPIO_PinModeSet
                0x08003ffc       0x94 ./simplicity_sdk_2024.6.0/platform/emlib/src/em_gpio.o
                0x08003ffc                GPIO_PinModeSet
 .text.I2C_BusFreqGet
                0x08004090       0x4c ./simplicity_sdk_2024.6.0/platform/emlib/src/em_i2c.o
                0x08004090                I2C_BusFreqGet
 .text.I2C_BusFreqSet
                0x080040dc      0x108 ./simplicity_sdk_2024.6.0/platform/emlib/src/em_i2c.o
                0x080040dc                I2C_BusFreqSet
 .text.I2C_Enable
                0x080041e4       0x38 ./simplicity_sdk_2024.6.0/platform/emlib/src/em_i2c.o
                0x080041e4                I2C_Enable
 .text.I2C_Init
                0x0800421c       0x64 ./simplicity_sdk_2024.6.0/platform/emlib/src/em_i2c.o
                0x0800421c                I2C_Init
 .text.I2C_Transfer
                0x08004280      0x23c ./simplicity_sdk_2024.6.0/platform/emlib/src/em_i2c.o
                0x08004280                I2C_Transfer
 .text.I2C_TransferInit
                0x080044bc       0xbc ./simplicity_sdk_2024.6.0/platform/emlib/src/em_i2c.o
                0x080044bc                I2C_TransferInit
 .text.LDMA_DeInit
                0x08004578       0x2c ./simplicity_sdk_2024.6.0/platform/emlib/src/em_ldma.o
                0x08004578                LDMA_DeInit
 .text.LDMA_EnableChannelRequest
                0x080045a4       0x40 ./simplicity_sdk_2024.6.0/platform/emlib/src/em_ldma.o
                0x080045a4                LDMA_EnableChannelRequest
 .text.LDMA_Init
                0x080045e4       0x90 ./simplicity_sdk_2024.6.0/platform/emlib/src/em_ldma.o
                0x080045e4                LDMA_Init
 .text.LDMA_StartTransfer
                0x08004674      0x10c ./simplicity_sdk_2024.6.0/platform/emlib/src/em_ldma.o
                0x08004674                LDMA_StartTransfer
 .text.LDMA_StopTransfer
                0x08004780       0x38 ./simplicity_sdk_2024.6.0/platform/emlib/src/em_ldma.o
                0x08004780                LDMA_StopTransfer
 .text.LDMA_TransferDone
                0x080047b8       0x44 ./simplicity_sdk_2024.6.0/platform/emlib/src/em_ldma.o
                0x080047b8                LDMA_TransferDone
 .text.USART_BaudrateAsyncSet
                0x080047fc       0xe0 ./simplicity_sdk_2024.6.0/platform/emlib/src/em_usart.o
                0x080047fc                USART_BaudrateAsyncSet
 .text.USART_Enable
                0x080048dc       0x3c ./simplicity_sdk_2024.6.0/platform/emlib/src/em_usart.o
                0x080048dc                USART_Enable
 .text.USART_Reset
                0x08004918       0x58 ./simplicity_sdk_2024.6.0/platform/emlib/src/em_usart.o
                0x08004918                USART_Reset
 .text.USART_InitAsync
                0x08004970       0xd4 ./simplicity_sdk_2024.6.0/platform/emlib/src/em_usart.o
                0x08004970                USART_InitAsync
 .text.sl_hal_sysrtc_wait_sync
                0x08004a44       0x14 ./simplicity_sdk_2024.6.0/platform/peripheral/src/sl_hal_sysrtc.o
                0x08004a44                sl_hal_sysrtc_wait_sync
 .text.sl_hal_sysrtc_wait_ready
                0x08004a58       0x1c ./simplicity_sdk_2024.6.0/platform/peripheral/src/sl_hal_sysrtc.o
                0x08004a58                sl_hal_sysrtc_wait_ready
 .text.sl_hal_sysrtc_stop
                0x08004a74       0x14 ./simplicity_sdk_2024.6.0/platform/peripheral/src/sl_hal_sysrtc.o
                0x08004a74                sl_hal_sysrtc_stop
 .text.sl_hal_sysrtc_enable
                0x08004a88       0x18 ./simplicity_sdk_2024.6.0/platform/peripheral/src/sl_hal_sysrtc.o
                0x08004a88                sl_hal_sysrtc_enable
 .text.sl_hal_sysrtc_disable
                0x08004aa0       0x1c ./simplicity_sdk_2024.6.0/platform/peripheral/src/sl_hal_sysrtc.o
                0x08004aa0                sl_hal_sysrtc_disable
 .text.sl_hal_sysrtc_init
                0x08004abc       0x20 ./simplicity_sdk_2024.6.0/platform/peripheral/src/sl_hal_sysrtc.o
                0x08004abc                sl_hal_sysrtc_init
 .text.sl_hal_sysrtc_init_group
                0x08004adc       0x48 ./simplicity_sdk_2024.6.0/platform/peripheral/src/sl_hal_sysrtc.o
                0x08004adc                sl_hal_sysrtc_init_group
 .text.sl_hal_sysrtc_enable_group_interrupts
                0x08004b24       0x1c ./simplicity_sdk_2024.6.0/platform/peripheral/src/sl_hal_sysrtc.o
                0x08004b24                sl_hal_sysrtc_enable_group_interrupts
 .text.sl_hal_sysrtc_disable_group_interrupts
                0x08004b40       0x1c ./simplicity_sdk_2024.6.0/platform/peripheral/src/sl_hal_sysrtc.o
                0x08004b40                sl_hal_sysrtc_disable_group_interrupts
 .text.sl_hal_sysrtc_clear_group_interrupts
                0x08004b5c       0x1c ./simplicity_sdk_2024.6.0/platform/peripheral/src/sl_hal_sysrtc.o
                0x08004b5c                sl_hal_sysrtc_clear_group_interrupts
 .text.sl_hal_sysrtc_get_group_interrupts
                0x08004b78       0x20 ./simplicity_sdk_2024.6.0/platform/peripheral/src/sl_hal_sysrtc.o
                0x08004b78                sl_hal_sysrtc_get_group_interrupts
 .text.sl_hal_sysrtc_get_group_compare_channel_value
                0x08004b98       0x30 ./simplicity_sdk_2024.6.0/platform/peripheral/src/sl_hal_sysrtc.o
                0x08004b98                sl_hal_sysrtc_get_group_compare_channel_value
 .text.sl_hal_sysrtc_set_group_compare_channel_value
                0x08004bc8       0x28 ./simplicity_sdk_2024.6.0/platform/peripheral/src/sl_hal_sysrtc.o
                0x08004bc8                sl_hal_sysrtc_set_group_compare_channel_value
 .text.sli_clock_manager_hal_enable_bus_clock
                0x08004bf0       0x54 ./simplicity_sdk_2024.6.0/platform/service/clock_manager/src/sl_clock_manager_hal_s2.o
                0x08004bf0                sli_clock_manager_hal_enable_bus_clock
 .text.sli_clock_manager_hal_init
                0x08004c44      0x1fc ./simplicity_sdk_2024.6.0/platform/service/clock_manager/src/sl_clock_manager_init_hal_s2.o
                0x08004c44                sli_clock_manager_hal_init
 .text.sl_device_init_dcdc
                0x08004e40       0x2c ./simplicity_sdk_2024.6.0/platform/service/device_init/src/sl_device_init_dcdc_s2.o
                0x08004e40                sl_device_init_dcdc
 .text.sl_device_init_emu
                0x08004e6c       0x24 ./simplicity_sdk_2024.6.0/platform/service/device_init/src/sl_device_init_emu_s2.o
                0x08004e6c                sl_device_init_emu
 .text.sl_interrupt_manager_disable_irq
                0x08004e90       0x3c ./simplicity_sdk_2024.6.0/platform/service/interrupt_manager/src/sl_interrupt_manager_cortexm.o
                0x08004e90                sl_interrupt_manager_disable_irq
 .text.sl_interrupt_manager_enable_irq
                0x08004ecc       0x34 ./simplicity_sdk_2024.6.0/platform/service/interrupt_manager/src/sl_interrupt_manager_cortexm.o
                0x08004ecc                sl_interrupt_manager_enable_irq
 .text.sl_interrupt_manager_clear_irq_pending
                0x08004f00       0x1c ./simplicity_sdk_2024.6.0/platform/service/interrupt_manager/src/sl_interrupt_manager_cortexm.o
                0x08004f00                sl_interrupt_manager_clear_irq_pending
 .text.sl_interrupt_manager_set_irq_priority
                0x08004f1c       0x50 ./simplicity_sdk_2024.6.0/platform/service/interrupt_manager/src/sl_interrupt_manager_cortexm.o
                0x08004f1c                sl_interrupt_manager_set_irq_priority
 .text.sl_iostream_get_default
                0x08004f6c       0x58 ./simplicity_sdk_2024.6.0/platform/service/iostream/src/sl_iostream.o
                0x08004f6c                sl_iostream_get_default
 .text.sl_iostream_set_system_default
                0x08004fc4       0x18 ./simplicity_sdk_2024.6.0/platform/service/iostream/src/sl_iostream.o
                0x08004fc4                sl_iostream_set_system_default
 .text._write   0x08004fdc       0x20 ./simplicity_sdk_2024.6.0/platform/service/iostream/src/sl_iostream_retarget_stdio.o
                0x08004fdc                _write
 .text.sl_iostream_stdlib_disable_buffering
                0x08004ffc       0x14 ./simplicity_sdk_2024.6.0/platform/service/iostream/src/sl_iostream_stdlib_config.o
                0x08004ffc                sl_iostream_stdlib_disable_buffering
 .text.get_write_ptr
                0x08005010       0x40 ./simplicity_sdk_2024.6.0/platform/service/iostream/src/sl_iostream_uart.o
 .text.dma_irq_handler
                0x08005050       0x74 ./simplicity_sdk_2024.6.0/platform/service/iostream/src/sl_iostream_uart.o
 .text.set_read_block
                0x080050c4       0x98 ./simplicity_sdk_2024.6.0/platform/service/iostream/src/sl_iostream_uart.o
 .text.uart_deinit
                0x0800515c       0xec ./simplicity_sdk_2024.6.0/platform/service/iostream/src/sl_iostream_uart.o
 .text.uart_read
                0x08005248      0x284 ./simplicity_sdk_2024.6.0/platform/service/iostream/src/sl_iostream_uart.o
 .text.uart_write
                0x080054cc       0xfc ./simplicity_sdk_2024.6.0/platform/service/iostream/src/sl_iostream_uart.o
 .text.sli_iostream_uart_context_init
                0x080055c8      0x17c ./simplicity_sdk_2024.6.0/platform/service/iostream/src/sl_iostream_uart.o
                0x080055c8                sli_iostream_uart_context_init
 .text.sl_iostream_usart_init
                0x08005744      0x178 ./simplicity_sdk_2024.6.0/platform/service/iostream/src/sl_iostream_usart.o
                0x08005744                sl_iostream_usart_init
 .text.sl_iostream_usart_irq_handler
                0x080058bc       0xa0 ./simplicity_sdk_2024.6.0/platform/service/iostream/src/sl_iostream_usart.o
                0x080058bc                sl_iostream_usart_irq_handler
 .text.sl_memory_init
                0x0800595c       0x50 ./simplicity_sdk_2024.6.0/platform/service/memory_manager/src/sl_memory_manager.o
                0x0800595c                sl_memory_init
 .text.sl_memory_alloc_advanced
                0x080059ac      0x228 ./simplicity_sdk_2024.6.0/platform/service/memory_manager/src/sl_memory_manager.o
                0x080059ac                sl_memory_alloc_advanced
 .text.sl_memory_free
                0x08005bd4      0x18c ./simplicity_sdk_2024.6.0/platform/service/memory_manager/src/sl_memory_manager.o
                0x08005bd4                sl_memory_free
 .text.sl_memory_realloc
                0x08005d60      0x294 ./simplicity_sdk_2024.6.0/platform/service/memory_manager/src/sl_memory_manager.o
                0x08005d60                sl_memory_realloc
 .text.sl_memory_get_heap_region
                0x08005ff4       0x14 ./simplicity_sdk_2024.6.0/platform/service/memory_manager/src/sl_memory_manager_region.o
                0x08005ff4                sl_memory_get_heap_region
 .text.sli_memory_find_free_block
                0x08006008       0x90 ./simplicity_sdk_2024.6.0/platform/service/memory_manager/src/sli_memory_manager_common.o
                0x08006008                sli_memory_find_free_block
 .text.sli_memory_find_head_free_block
                0x08006098       0x9c ./simplicity_sdk_2024.6.0/platform/service/memory_manager/src/sli_memory_manager_common.o
                0x08006098                sli_memory_find_head_free_block
 .text.delta_list_insert_timer
                0x08006134       0x40 ./simplicity_sdk_2024.6.0/platform/service/sleeptimer/src/sl_sleeptimer.o
 .text.update_delta_list
                0x08006174       0x34 ./simplicity_sdk_2024.6.0/platform/service/sleeptimer/src/sl_sleeptimer.o
 .text.set_comparator_for_next_timer
                0x080061a8       0x5c ./simplicity_sdk_2024.6.0/platform/service/sleeptimer/src/sl_sleeptimer.o
 .text.delta_list_remove_timer
                0x08006204       0x38 ./simplicity_sdk_2024.6.0/platform/service/sleeptimer/src/sl_sleeptimer.o
 .text.sl_sleeptimer_init
                0x0800623c       0x74 ./simplicity_sdk_2024.6.0/platform/service/sleeptimer/src/sl_sleeptimer.o
                0x0800623c                sl_sleeptimer_init
 .text.process_timer_irq
                0x080062b0      0x150 ./simplicity_sdk_2024.6.0/platform/service/sleeptimer/src/sl_sleeptimer.o
                0x080062b0                process_timer_irq
 .text.sleeptimer_hal_init_timer
                0x08006400       0x68 ./simplicity_sdk_2024.6.0/platform/service/sleeptimer/src/sl_sleeptimer_hal_sysrtc.o
                0x08006400                sleeptimer_hal_init_timer
 .text.sleeptimer_hal_get_counter
                0x08006468       0x10 ./simplicity_sdk_2024.6.0/platform/service/sleeptimer/src/sl_sleeptimer_hal_sysrtc.o
                0x08006468                sleeptimer_hal_get_counter
 .text.sleeptimer_hal_set_compare
                0x08006478       0x70 ./simplicity_sdk_2024.6.0/platform/service/sleeptimer/src/sl_sleeptimer_hal_sysrtc.o
                0x08006478                sleeptimer_hal_set_compare
 .text.sleeptimer_hal_disable_int
                0x080064e8       0x2c ./simplicity_sdk_2024.6.0/platform/service/sleeptimer/src/sl_sleeptimer_hal_sysrtc.o
                0x080064e8                sleeptimer_hal_disable_int
 .text.sleeptimer_hal_set_int
                0x08006514       0x10 ./simplicity_sdk_2024.6.0/platform/service/sleeptimer/src/sl_sleeptimer_hal_sysrtc.o
                0x08006514                sleeptimer_hal_set_int
 .text.sleeptimer_hal_get_timer_frequency
                0x08006524       0x18 ./simplicity_sdk_2024.6.0/platform/service/sleeptimer/src/sl_sleeptimer_hal_sysrtc.o
                0x08006524                sleeptimer_hal_get_timer_frequency
 .text.sl_udelay_wait
                0x0800653c       0x58 ./simplicity_sdk_2024.6.0/platform/service/udelay/src/sl_udelay.o
                0x0800653c                sl_udelay_wait
 .text.osKernelInitialize
                0x08006594       0x34 ./simplicity_sdk_2024.6.0/util/third_party/freertos/cmsis/Source/cmsis_os2.o
                0x08006594                osKernelInitialize
 .text.osKernelGetState
                0x080065c8       0x20 ./simplicity_sdk_2024.6.0/util/third_party/freertos/cmsis/Source/cmsis_os2.o
                0x080065c8                osKernelGetState
 .text.osKernelStart
                0x080065e8       0x48 ./simplicity_sdk_2024.6.0/util/third_party/freertos/cmsis/Source/cmsis_os2.o
                0x080065e8                osKernelStart
 .text.osMutexNew
                0x08006630       0x94 ./simplicity_sdk_2024.6.0/util/third_party/freertos/cmsis/Source/cmsis_os2.o
                0x08006630                osMutexNew
 .text.osMutexAcquire
                0x080066c4       0x60 ./simplicity_sdk_2024.6.0/util/third_party/freertos/cmsis/Source/cmsis_os2.o
                0x080066c4                osMutexAcquire
 .text.osMutexRelease
                0x08006724       0x58 ./simplicity_sdk_2024.6.0/util/third_party/freertos/cmsis/Source/cmsis_os2.o
                0x08006724                osMutexRelease
 .text.osMutexDelete
                0x0800677c       0x48 ./simplicity_sdk_2024.6.0/util/third_party/freertos/cmsis/Source/cmsis_os2.o
                0x0800677c                osMutexDelete
 .text.osSemaphoreNew
                0x080067c4       0xb0 ./simplicity_sdk_2024.6.0/util/third_party/freertos/cmsis/Source/cmsis_os2.o
                0x080067c4                osSemaphoreNew
 .text.osSemaphoreAcquire
                0x08006874       0x6c ./simplicity_sdk_2024.6.0/util/third_party/freertos/cmsis/Source/cmsis_os2.o
                0x08006874                osSemaphoreAcquire
 .text.osSemaphoreRelease
                0x080068e0       0x64 ./simplicity_sdk_2024.6.0/util/third_party/freertos/cmsis/Source/cmsis_os2.o
                0x080068e0                osSemaphoreRelease
 .text.osSemaphoreGetCount
                0x08006944       0x30 ./simplicity_sdk_2024.6.0/util/third_party/freertos/cmsis/Source/cmsis_os2.o
                0x08006944                osSemaphoreGetCount
 .text.osSemaphoreDelete
                0x08006974       0x40 ./simplicity_sdk_2024.6.0/util/third_party/freertos/cmsis/Source/cmsis_os2.o
                0x08006974                osSemaphoreDelete
 .text.vApplicationStackOverflowHook
                0x080069b4       0x10 ./simplicity_sdk_2024.6.0/util/third_party/freertos/cmsis/Source/cmsis_os2.o
                0x080069b4                vApplicationStackOverflowHook
 .text.vApplicationGetIdleTaskMemory
                0x080069c4       0x18 ./simplicity_sdk_2024.6.0/util/third_party/freertos/cmsis/Source/cmsis_os2.o
                0x080069c4                vApplicationGetIdleTaskMemory
 .text.vApplicationGetTimerTaskMemory
                0x080069dc       0x18 ./simplicity_sdk_2024.6.0/util/third_party/freertos/cmsis/Source/cmsis_os2.o
                0x080069dc                vApplicationGetTimerTaskMemory
 .text.xQueueGenericReset
                0x080069f4       0x6c ./simplicity_sdk_2024.6.0/util/third_party/freertos/kernel/queue.o
                0x080069f4                xQueueGenericReset
 .text.xQueueGenericCreateStatic
                0x08006a60       0x7c ./simplicity_sdk_2024.6.0/util/third_party/freertos/kernel/queue.o
                0x08006a60                xQueueGenericCreateStatic
 .text.xQueueGenericCreate
                0x08006adc       0x78 ./simplicity_sdk_2024.6.0/util/third_party/freertos/kernel/queue.o
                0x08006adc                xQueueGenericCreate
 .text.xQueueCreateCountingSemaphoreStatic
                0x08006b54       0x40 ./simplicity_sdk_2024.6.0/util/third_party/freertos/kernel/queue.o
                0x08006b54                xQueueCreateCountingSemaphoreStatic
 .text.xQueueCreateCountingSemaphore
                0x08006b94       0x34 ./simplicity_sdk_2024.6.0/util/third_party/freertos/kernel/queue.o
                0x08006b94                xQueueCreateCountingSemaphore
 .text.xQueueGenericSend
                0x08006bc8      0x13c ./simplicity_sdk_2024.6.0/util/third_party/freertos/kernel/queue.o
                0x08006bc8                xQueueGenericSend
 .text.xQueueGiveMutexRecursive
                0x08006d04       0x3c ./simplicity_sdk_2024.6.0/util/third_party/freertos/kernel/queue.o
                0x08006d04                xQueueGiveMutexRecursive
 .text.xQueueGenericSendFromISR
                0x08006d40       0xb0 ./simplicity_sdk_2024.6.0/util/third_party/freertos/kernel/queue.o
                0x08006d40                xQueueGenericSendFromISR
 .text.xQueueGiveFromISR
                0x08006df0       0x90 ./simplicity_sdk_2024.6.0/util/third_party/freertos/kernel/queue.o
                0x08006df0                xQueueGiveFromISR
 .text.xQueueReceive
                0x08006e80      0x108 ./simplicity_sdk_2024.6.0/util/third_party/freertos/kernel/queue.o
                0x08006e80                xQueueReceive
 .text.xQueueSemaphoreTake
                0x08006f88      0x13c ./simplicity_sdk_2024.6.0/util/third_party/freertos/kernel/queue.o
                0x08006f88                xQueueSemaphoreTake
 .text.xQueueTakeMutexRecursive
                0x080070c4       0x40 ./simplicity_sdk_2024.6.0/util/third_party/freertos/kernel/queue.o
                0x080070c4                xQueueTakeMutexRecursive
 .text.xQueueReceiveFromISR
                0x08007104       0x90 ./simplicity_sdk_2024.6.0/util/third_party/freertos/kernel/queue.o
                0x08007104                xQueueReceiveFromISR
 .text.uxQueueMessagesWaiting
                0x08007194       0x24 ./simplicity_sdk_2024.6.0/util/third_party/freertos/kernel/queue.o
                0x08007194                uxQueueMessagesWaiting
 .text.uxQueueMessagesWaitingFromISR
                0x080071b8       0x18 ./simplicity_sdk_2024.6.0/util/third_party/freertos/kernel/queue.o
                0x080071b8                uxQueueMessagesWaitingFromISR
 .text.vQueueAddToRegistry
                0x080071d0       0x24 ./simplicity_sdk_2024.6.0/util/third_party/freertos/kernel/queue.o
                0x080071d0                vQueueAddToRegistry
 .text.vQueueUnregisterQueue
                0x080071f4       0x30 ./simplicity_sdk_2024.6.0/util/third_party/freertos/kernel/queue.o
                0x080071f4                vQueueUnregisterQueue
 .text.vQueueDelete
                0x08007224       0x2c ./simplicity_sdk_2024.6.0/util/third_party/freertos/kernel/queue.o
                0x08007224                vQueueDelete
 .text.prvAddNewTaskToReadyList
                0x08007250       0xf4 ./simplicity_sdk_2024.6.0/util/third_party/freertos/kernel/tasks.o
 .text.prvAddCurrentTaskToDelayedList
                0x08007344       0x70 ./simplicity_sdk_2024.6.0/util/third_party/freertos/kernel/tasks.o
 .text.prvResetNextTaskUnblockTime
                0x080073b4       0x24 ./simplicity_sdk_2024.6.0/util/third_party/freertos/kernel/tasks.o
 .text.prvDeleteTCB
                0x080073d8       0x38 ./simplicity_sdk_2024.6.0/util/third_party/freertos/kernel/tasks.o
 .text.prvIdleTask
                0x08007410       0x50 ./simplicity_sdk_2024.6.0/util/third_party/freertos/kernel/tasks.o
 .text.xTaskCreateStatic
                0x08007460       0x9c ./simplicity_sdk_2024.6.0/util/third_party/freertos/kernel/tasks.o
                0x08007460                xTaskCreateStatic
 .text.vTaskDelete
                0x080074fc       0xa0 ./simplicity_sdk_2024.6.0/util/third_party/freertos/kernel/tasks.o
                0x080074fc                vTaskDelete
 .text.vTaskStartScheduler
                0x0800759c       0x84 ./simplicity_sdk_2024.6.0/util/third_party/freertos/kernel/tasks.o
                0x0800759c                vTaskStartScheduler
 .text.vTaskSuspendAll
                0x08007620       0x10 ./simplicity_sdk_2024.6.0/util/third_party/freertos/kernel/tasks.o
                0x08007620                vTaskSuspendAll
 .text.xTaskGetTickCount
                0x08007630        0xc ./simplicity_sdk_2024.6.0/util/third_party/freertos/kernel/tasks.o
                0x08007630                xTaskGetTickCount
 .text.xTaskIncrementTick
                0x0800763c      0x128 ./simplicity_sdk_2024.6.0/util/third_party/freertos/kernel/tasks.o
                0x0800763c                xTaskIncrementTick
 .text.xTaskResumeAll
                0x08007764       0xd4 ./simplicity_sdk_2024.6.0/util/third_party/freertos/kernel/tasks.o
                0x08007764                xTaskResumeAll
 .text.vTaskDelay
                0x08007838       0x3c ./simplicity_sdk_2024.6.0/util/third_party/freertos/kernel/tasks.o
                0x08007838                vTaskDelay
 .text.vTaskSwitchContext
                0x08007874       0xa8 ./simplicity_sdk_2024.6.0/util/third_party/freertos/kernel/tasks.o
                0x08007874                vTaskSwitchContext
 .text.vTaskPlaceOnEventList
                0x0800791c       0x34 ./simplicity_sdk_2024.6.0/util/third_party/freertos/kernel/tasks.o
                0x0800791c                vTaskPlaceOnEventList
 .text.vTaskPlaceOnEventListRestricted
                0x08007950       0x40 ./simplicity_sdk_2024.6.0/util/third_party/freertos/kernel/tasks.o
                0x08007950                vTaskPlaceOnEventListRestricted
 .text.xTaskRemoveFromEventList
                0x08007990       0x7c ./simplicity_sdk_2024.6.0/util/third_party/freertos/kernel/tasks.o
                0x08007990                xTaskRemoveFromEventList
 .text.vTaskInternalSetTimeOutState
                0x08007a0c       0x18 ./simplicity_sdk_2024.6.0/util/third_party/freertos/kernel/tasks.o
                0x08007a0c                vTaskInternalSetTimeOutState
 .text.xTaskCheckForTimeOut
                0x08007a24       0x6c ./simplicity_sdk_2024.6.0/util/third_party/freertos/kernel/tasks.o
                0x08007a24                xTaskCheckForTimeOut
 .text.vTaskMissedYield
                0x08007a90        0xc ./simplicity_sdk_2024.6.0/util/third_party/freertos/kernel/tasks.o
                0x08007a90                vTaskMissedYield
 .text.pvTaskGetThreadLocalStoragePointer
                0x08007a9c       0x1c ./simplicity_sdk_2024.6.0/util/third_party/freertos/kernel/tasks.o
                0x08007a9c                pvTaskGetThreadLocalStoragePointer
 .text.xTaskGetCurrentTaskHandle
                0x08007ab8        0xc ./simplicity_sdk_2024.6.0/util/third_party/freertos/kernel/tasks.o
                0x08007ab8                xTaskGetCurrentTaskHandle
 .text.xTaskGetSchedulerState
                0x08007ac4       0x20 ./simplicity_sdk_2024.6.0/util/third_party/freertos/kernel/tasks.o
                0x08007ac4                xTaskGetSchedulerState
 .text.xTaskPriorityInherit
                0x08007ae4       0x7c ./simplicity_sdk_2024.6.0/util/third_party/freertos/kernel/tasks.o
                0x08007ae4                xTaskPriorityInherit
 .text.xTaskPriorityDisinherit
                0x08007b60       0x7c ./simplicity_sdk_2024.6.0/util/third_party/freertos/kernel/tasks.o
                0x08007b60                xTaskPriorityDisinherit
 .text.vTaskPriorityDisinheritAfterTimeout
                0x08007bdc       0x94 ./simplicity_sdk_2024.6.0/util/third_party/freertos/kernel/tasks.o
                0x08007bdc                vTaskPriorityDisinheritAfterTimeout
 .text.pvTaskIncrementMutexHeldCount
                0x08007c70       0x18 ./simplicity_sdk_2024.6.0/util/third_party/freertos/kernel/tasks.o
                0x08007c70                pvTaskIncrementMutexHeldCount
 .text.prvInsertTimerInActiveList
                0x08007c88       0x3c ./simplicity_sdk_2024.6.0/util/third_party/freertos/kernel/timers.o
 .text.prvCheckForValidListAndQueue
                0x08007cc4       0x68 ./simplicity_sdk_2024.6.0/util/third_party/freertos/kernel/timers.o
 .text.xTimerCreateTimerTask
                0x08007d2c       0x64 ./simplicity_sdk_2024.6.0/util/third_party/freertos/kernel/timers.o
                0x08007d2c                xTimerCreateTimerTask
 .text.xTimerGenericCommand
                0x08007d90       0x5c ./simplicity_sdk_2024.6.0/util/third_party/freertos/kernel/timers.o
                0x08007d90                xTimerGenericCommand
 .text.prvSampleTimeNow
                0x08007dec       0xa0 ./simplicity_sdk_2024.6.0/util/third_party/freertos/kernel/timers.o
 .text.prvTimerTask
                0x08007e8c      0x1bc ./simplicity_sdk_2024.6.0/util/third_party/freertos/kernel/timers.o
 .text.prvTaskExitError
                0x08008048       0x30 ./simplicity_sdk_2024.6.0/util/third_party/freertos/kernel/portable/GCC/ARM_CM33_NTZ/non_secure/port.o
 .text.vPortSetupTimerInterrupt
                0x08008078       0x24 ./simplicity_sdk_2024.6.0/util/third_party/freertos/kernel/portable/GCC/ARM_CM33_NTZ/non_secure/port.o
                0x08008078                vPortSetupTimerInterrupt
 .text.vPortEnterCritical
                0x0800809c       0x1c ./simplicity_sdk_2024.6.0/util/third_party/freertos/kernel/portable/GCC/ARM_CM33_NTZ/non_secure/port.o
                0x0800809c                vPortEnterCritical
 .text.vPortExitCritical
                0x080080b8       0x30 ./simplicity_sdk_2024.6.0/util/third_party/freertos/kernel/portable/GCC/ARM_CM33_NTZ/non_secure/port.o
                0x080080b8                vPortExitCritical
 .text.vPortSVCHandler_C
                0x080080e8       0x38 ./simplicity_sdk_2024.6.0/util/third_party/freertos/kernel/portable/GCC/ARM_CM33_NTZ/non_secure/port.o
                0x080080e8                vPortSVCHandler_C
 .text.pxPortInitialiseStack
                0x08008120       0x70 ./simplicity_sdk_2024.6.0/util/third_party/freertos/kernel/portable/GCC/ARM_CM33_NTZ/non_secure/port.o
                0x08008120                pxPortInitialiseStack
 .text.xPortStartScheduler
                0x08008190       0x3c ./simplicity_sdk_2024.6.0/util/third_party/freertos/kernel/portable/GCC/ARM_CM33_NTZ/non_secure/port.o
                0x08008190                xPortStartScheduler
 .text          0x080081cc       0x30 c:/siliconlabs/simplicitystudio/v5/developer/toolchains/gnu_arm/12.2.rel1_2023.7/bin/../lib/gcc/arm-none-eabi/12.2.1/thumb/v8-m.main+fp/hard\libgcc.a(_aeabi_uldivmod.o)
                0x080081cc                __aeabi_uldivmod
 .text.__udivmoddi4
                0x080081fc      0x2ec c:/siliconlabs/simplicitystudio/v5/developer/toolchains/gnu_arm/12.2.rel1_2023.7/bin/../lib/gcc/arm-none-eabi/12.2.1/thumb/v8-m.main+fp/hard\libgcc.a(_udivmoddi4.o)
                0x080081fc                __udivmoddi4
 .text          0x080084e8        0x4 c:/siliconlabs/simplicitystudio/v5/developer/toolchains/gnu_arm/12.2.rel1_2023.7/bin/../lib/gcc/arm-none-eabi/12.2.1/thumb/v8-m.main+fp/hard\libgcc.a(_dvmd_tls.o)
                0x080084e8                __aeabi_idiv0
                0x080084e8                __aeabi_ldiv0
 .text.calloc   0x080084ec       0x10 c:/siliconlabs/simplicitystudio/v5/developer/toolchains/gnu_arm/12.2.rel1_2023.7/bin/../lib/gcc/arm-none-eabi/12.2.1/thumb/v8-m.main+fp/hard\libc_nano.a(libc_a-calloc.o)
                0x080084ec                calloc
 .text.exit     0x080084fc       0x24 c:/siliconlabs/simplicitystudio/v5/developer/toolchains/gnu_arm/12.2.rel1_2023.7/bin/../lib/gcc/arm-none-eabi/12.2.1/thumb/v8-m.main+fp/hard\libc_nano.a(libc_a-exit.o)
                0x080084fc                exit
 .text.malloc   0x08008520       0x10 c:/siliconlabs/simplicitystudio/v5/developer/toolchains/gnu_arm/12.2.rel1_2023.7/bin/../lib/gcc/arm-none-eabi/12.2.1/thumb/v8-m.main+fp/hard\libc_nano.a(libc_a-malloc.o)
                0x08008520                malloc
 .text.free     0x08008530       0x10 c:/siliconlabs/simplicitystudio/v5/developer/toolchains/gnu_arm/12.2.rel1_2023.7/bin/../lib/gcc/arm-none-eabi/12.2.1/thumb/v8-m.main+fp/hard\libc_nano.a(libc_a-malloc.o)
                0x08008530                free
 .text.std      0x08008540       0x6c c:/siliconlabs/simplicitystudio/v5/developer/toolchains/gnu_arm/12.2.rel1_2023.7/bin/../lib/gcc/arm-none-eabi/12.2.1/thumb/v8-m.main+fp/hard\libc_nano.a(libc_a-findfp.o)
 .text.stdio_exit_handler
                0x080085ac       0x18 c:/siliconlabs/simplicitystudio/v5/developer/toolchains/gnu_arm/12.2.rel1_2023.7/bin/../lib/gcc/arm-none-eabi/12.2.1/thumb/v8-m.main+fp/hard\libc_nano.a(libc_a-findfp.o)
 .text.cleanup_stdio
                0x080085c4       0x40 c:/siliconlabs/simplicitystudio/v5/developer/toolchains/gnu_arm/12.2.rel1_2023.7/bin/../lib/gcc/arm-none-eabi/12.2.1/thumb/v8-m.main+fp/hard\libc_nano.a(libc_a-findfp.o)
 .text.global_stdio_init.part.0
                0x08008604       0x3c c:/siliconlabs/simplicitystudio/v5/developer/toolchains/gnu_arm/12.2.rel1_2023.7/bin/../lib/gcc/arm-none-eabi/12.2.1/thumb/v8-m.main+fp/hard\libc_nano.a(libc_a-findfp.o)
 .text.__sfp_lock_acquire
                0x08008640        0xc c:/siliconlabs/simplicitystudio/v5/developer/toolchains/gnu_arm/12.2.rel1_2023.7/bin/../lib/gcc/arm-none-eabi/12.2.1/thumb/v8-m.main+fp/hard\libc_nano.a(libc_a-findfp.o)
                0x08008640                __sfp_lock_acquire
 .text.__sfp_lock_release
                0x0800864c        0xc c:/siliconlabs/simplicitystudio/v5/developer/toolchains/gnu_arm/12.2.rel1_2023.7/bin/../lib/gcc/arm-none-eabi/12.2.1/thumb/v8-m.main+fp/hard\libc_nano.a(libc_a-findfp.o)
                0x0800864c                __sfp_lock_release
 .text.__sinit  0x08008658       0x30 c:/siliconlabs/simplicitystudio/v5/developer/toolchains/gnu_arm/12.2.rel1_2023.7/bin/../lib/gcc/arm-none-eabi/12.2.1/thumb/v8-m.main+fp/hard\libc_nano.a(libc_a-findfp.o)
                0x08008658                __sinit
 .text.printf   0x08008688       0x24 c:/siliconlabs/simplicitystudio/v5/developer/toolchains/gnu_arm/12.2.rel1_2023.7/bin/../lib/gcc/arm-none-eabi/12.2.1/thumb/v8-m.main+fp/hard\libc_nano.a(libc_a-printf.o)
                0x08008688                iprintf
                0x08008688                printf
 .text.setvbuf  0x080086ac      0x168 c:/siliconlabs/simplicitystudio/v5/developer/toolchains/gnu_arm/12.2.rel1_2023.7/bin/../lib/gcc/arm-none-eabi/12.2.1/thumb/v8-m.main+fp/hard\libc_nano.a(libc_a-setvbuf.o)
                0x080086ac                setvbuf
 .text.sprintf  0x08008814       0x40 c:/siliconlabs/simplicitystudio/v5/developer/toolchains/gnu_arm/12.2.rel1_2023.7/bin/../lib/gcc/arm-none-eabi/12.2.1/thumb/v8-m.main+fp/hard\libc_nano.a(libc_a-sprintf.o)
                0x08008814                siprintf
                0x08008814                sprintf
 .text._close_r
                0x08008854       0x20 c:/siliconlabs/simplicitystudio/v5/developer/toolchains/gnu_arm/12.2.rel1_2023.7/bin/../lib/gcc/arm-none-eabi/12.2.1/thumb/v8-m.main+fp/hard\libc_nano.a(libc_a-closer.o)
                0x08008854                _close_r
 .text._lseek_r
                0x08008874       0x24 c:/siliconlabs/simplicitystudio/v5/developer/toolchains/gnu_arm/12.2.rel1_2023.7/bin/../lib/gcc/arm-none-eabi/12.2.1/thumb/v8-m.main+fp/hard\libc_nano.a(libc_a-lseekr.o)
                0x08008874                _lseek_r
 .text._read_r  0x08008898       0x24 c:/siliconlabs/simplicitystudio/v5/developer/toolchains/gnu_arm/12.2.rel1_2023.7/bin/../lib/gcc/arm-none-eabi/12.2.1/thumb/v8-m.main+fp/hard\libc_nano.a(libc_a-readr.o)
                0x08008898                _read_r
 .text._write_r
                0x080088bc       0x24 c:/siliconlabs/simplicitystudio/v5/developer/toolchains/gnu_arm/12.2.rel1_2023.7/bin/../lib/gcc/arm-none-eabi/12.2.1/thumb/v8-m.main+fp/hard\libc_nano.a(libc_a-writer.o)
                0x080088bc                _write_r
 .text.__libc_init_array
                0x080088e0       0x48 c:/siliconlabs/simplicitystudio/v5/developer/toolchains/gnu_arm/12.2.rel1_2023.7/bin/../lib/gcc/arm-none-eabi/12.2.1/thumb/v8-m.main+fp/hard\libc_nano.a(libc_a-init.o)
                0x080088e0                __libc_init_array
 .text._svfprintf_r
                0x08008928      0x1f8 c:/siliconlabs/simplicitystudio/v5/developer/toolchains/gnu_arm/12.2.rel1_2023.7/bin/../lib/gcc/arm-none-eabi/12.2.1/thumb/v8-m.main+fp/hard\libc_nano.a(libc_a-nano-svfprintf.o)
                0x08008928                _svfiprintf_r
                0x08008928                _svfprintf_r
 .text._vfprintf_r
                0x08008b20      0x230 c:/siliconlabs/simplicitystudio/v5/developer/toolchains/gnu_arm/12.2.rel1_2023.7/bin/../lib/gcc/arm-none-eabi/12.2.1/thumb/v8-m.main+fp/hard\libc_nano.a(libc_a-nano-vfprintf.o)
                0x08008b20                _vfprintf_r
                0x08008b20                _vfiprintf_r
 .text._printf_i
                0x08008d50      0x258 c:/siliconlabs/simplicitystudio/v5/developer/toolchains/gnu_arm/12.2.rel1_2023.7/bin/../lib/gcc/arm-none-eabi/12.2.1/thumb/v8-m.main+fp/hard\libc_nano.a(libc_a-nano-vfprintf_i.o)
                0x08008d50                _printf_i
 .text.__swsetup_r
                0x08008fa8       0xac c:/siliconlabs/simplicitystudio/v5/developer/toolchains/gnu_arm/12.2.rel1_2023.7/bin/../lib/gcc/arm-none-eabi/12.2.1/thumb/v8-m.main+fp/hard\libc_nano.a(libc_a-wsetup.o)
                0x08008fa8                __swsetup_r
 .text._fstat_r
                0x08009054       0x24 c:/siliconlabs/simplicitystudio/v5/developer/toolchains/gnu_arm/12.2.rel1_2023.7/bin/../lib/gcc/arm-none-eabi/12.2.1/thumb/v8-m.main+fp/hard\libc_nano.a(libc_a-fstatr.o)
                0x08009054                _fstat_r
 .text._isatty_r
                0x08009078       0x20 c:/siliconlabs/simplicitystudio/v5/developer/toolchains/gnu_arm/12.2.rel1_2023.7/bin/../lib/gcc/arm-none-eabi/12.2.1/thumb/v8-m.main+fp/hard\libc_nano.a(libc_a-isattyr.o)
                0x08009078                _isatty_r
 .text.sl_board_default_init
                0x08009098        0x2 ./autogen/sl_board_default_init.o
                0x08009098                sl_board_default_init
 .text.sl_kernel_start
                0x0800909a        0x4 ./autogen/sl_event_handler.o
                0x0800909a                sl_kernel_start
 .text.sl_driver_init
                0x0800909e       0x12 ./autogen/sl_event_handler.o
                0x0800909e                sl_driver_init
 .text.sl_service_init
                0x080090b0       0x16 ./autogen/sl_event_handler.o
                0x080090b0                sl_service_init
 .text.sl_stack_init
                0x080090c6        0x2 ./autogen/sl_event_handler.o
                0x080090c6                sl_stack_init
 .text.sl_internal_app_init
                0x080090c8        0x2 ./autogen/sl_event_handler.o
                0x080090c8                sl_internal_app_init
 .text.USART0_TX_IRQHandler
                0x080090ca        0x4 ./autogen/sl_iostream_init_usart_instances.o
                0x080090ca                USART0_TX_IRQHandler
 .text.pal_init
                0x080090ce        0x4 ./optiga-trust-m/extras/pal/EFR32/pal.o
                0x080090ce                pal_init
 .text.invoke_upper_layer_callback
                0x080090d2       0x10 ./optiga-trust-m/extras/pal/EFR32/pal_i2c.o
                0x080090d2                invoke_upper_layer_callback
 .text.pal_i2c_set_bitrate
                0x080090e2       0x4a ./optiga-trust-m/extras/pal/EFR32/pal_i2c.o
                0x080090e2                pal_i2c_set_bitrate
 .text.pal_os_event_stop
                0x0800912c        0x6 ./optiga-trust-m/extras/pal/EFR32/pal_os_event.o
                0x0800912c                pal_os_event_stop
 .text.pal_os_event_start
                0x08009132       0x1c ./optiga-trust-m/extras/pal/EFR32/pal_os_event.o
                0x08009132                pal_os_event_start
 .text.pal_os_lock_enter_critical_section
                0x0800914e        0x4 ./optiga-trust-m/extras/pal/EFR32/pal_os_lock.o
                0x0800914e                pal_os_lock_enter_critical_section
 .text.pal_os_lock_exit_critical_section
                0x08009152        0x4 ./optiga-trust-m/extras/pal/EFR32/pal_os_lock.o
                0x08009152                pal_os_lock_exit_critical_section
 .text.pal_os_calloc
                0x08009156        0x4 ./optiga-trust-m/extras/pal/EFR32/pal_os_memory.o
                0x08009156                pal_os_calloc
 .text.pal_os_free
                0x0800915a        0x4 ./optiga-trust-m/extras/pal/EFR32/pal_os_memory.o
                0x0800915a                pal_os_free
 .text.pal_os_memcpy
                0x0800915e        0x4 ./optiga-trust-m/extras/pal/EFR32/pal_os_memory.o
                0x0800915e                pal_os_memcpy
 .text.pal_os_memset
                0x08009162        0x4 ./optiga-trust-m/extras/pal/EFR32/pal_os_memory.o
                0x08009162                pal_os_memset
 .text.pal_os_timer_get_time_in_microseconds
                0x08009166        0xe ./optiga-trust-m/extras/pal/EFR32/pal_os_timer.o
                0x08009166                pal_os_timer_get_time_in_microseconds
 .text.pal_os_timer_get_time_in_milliseconds
                0x08009174        0x4 ./optiga-trust-m/extras/pal/EFR32/pal_os_timer.o
                0x08009174                pal_os_timer_get_time_in_milliseconds
 .text.pal_os_timer_delay_in_milliseconds
                0x08009178        0x4 ./optiga-trust-m/extras/pal/EFR32/pal_os_timer.o
                0x08009178                pal_os_timer_delay_in_milliseconds
 .text.optiga_cmd_session_free
                0x0800917c       0x14 ./optiga-trust-m/src/cmd/optiga_cmd.o
 .text.optiga_cmd_queue_get_count_of
                0x08009190       0x26 ./optiga-trust-m/src/cmd/optiga_cmd.o
 .text.optiga_cmd_queue_update_slot
                0x080091b6       0x66 ./optiga-trust-m/src/cmd/optiga_cmd.o
 .text.optiga_common_set_uint16
                0x0800921c        0x8 ./optiga-trust-m/src/common/optiga_lib_common.o
                0x0800921c                optiga_common_set_uint16
 .text.optiga_common_get_uint32
                0x08009224        0x6 ./optiga-trust-m/src/common/optiga_lib_common.o
                0x08009224                optiga_common_get_uint32
 .text.optiga_lib_word_to_hex_string
                0x0800922a       0x4e ./optiga-trust-m/src/common/optiga_lib_logger.o
 .text.ifx_i2c_tl_event_handler
                0x08009278       0x2e ./optiga-trust-m/src/comms/ifx_i2c/ifx_i2c.o
                0x08009278                ifx_i2c_tl_event_handler
 .text.ifx_i2c_transceive
                0x080092a6       0x32 ./optiga-trust-m/src/comms/ifx_i2c/ifx_i2c.o
                0x080092a6                ifx_i2c_transceive
 .text.ifx_i2c_close
                0x080092d8       0x44 ./optiga-trust-m/src/comms/ifx_i2c/ifx_i2c.o
                0x080092d8                ifx_i2c_close
 .text.ifx_i2c_dl_calc_crc
                0x0800931c       0x36 ./optiga-trust-m/src/comms/ifx_i2c/ifx_i2c_data_link_layer.o
 .text.ifx_i2c_dl_send_frame_internal
                0x08009352       0x8e ./optiga-trust-m/src/comms/ifx_i2c/ifx_i2c_data_link_layer.o
 .text.ifx_i2c_dl_send_frame
                0x080093e0       0x36 ./optiga-trust-m/src/comms/ifx_i2c/ifx_i2c_data_link_layer.o
                0x080093e0                ifx_i2c_dl_send_frame
 .text.ifx_i2c_pl_status_poll_callback
                0x08009416        0x8 ./optiga-trust-m/src/comms/ifx_i2c/ifx_i2c_physical_layer.o
 .text.ifx_i2c_pl_write_register
                0x0800941e       0x38 ./optiga-trust-m/src/comms/ifx_i2c/ifx_i2c_physical_layer.o
 .text.ifx_i2c_pal_poll_callback
                0x08009456       0x2e ./optiga-trust-m/src/comms/ifx_i2c/ifx_i2c_physical_layer.o
 .text.ifx_i2c_pl_guard_time_callback
                0x08009484       0x30 ./optiga-trust-m/src/comms/ifx_i2c/ifx_i2c_physical_layer.o
 .text.ifx_i2c_pl_send_frame
                0x080094b4       0x26 ./optiga-trust-m/src/comms/ifx_i2c/ifx_i2c_physical_layer.o
                0x080094b4                ifx_i2c_pl_send_frame
 .text.ifx_i2c_pl_receive_frame
                0x080094da       0x20 ./optiga-trust-m/src/comms/ifx_i2c/ifx_i2c_physical_layer.o
                0x080094da                ifx_i2c_pl_receive_frame
 .text.ifx_i2c_tl_send_next_fragment
                0x080094fa       0x4e ./optiga-trust-m/src/comms/ifx_i2c/ifx_i2c_transport_layer.o
 .text.ifx_i2c_tl_transceive
                0x08009548       0x54 ./optiga-trust-m/src/comms/ifx_i2c/ifx_i2c_transport_layer.o
                0x08009548                ifx_i2c_tl_transceive
 .text.optiga_comms_set_callback_context
                0x0800959c        0x6 ./optiga-trust-m/src/comms/optiga_comms_ifx_i2c.o
                0x0800959c                optiga_comms_set_callback_context
 .text.optiga_util_open_application
                0x080095a2       0x2e ./optiga-trust-m/src/util/optiga_util.o
                0x080095a2                optiga_util_open_application
 .text.sl_board_configure_vcom
                0x080095d0        0x4 ./simplicity_sdk_2024.6.0/hardware/board/src/sl_board_control_gpio.o
                0x080095d0                sl_board_configure_vcom
 .text.sli_cos_swo_itm_8_write.constprop.0.isra.0
                0x080095d4       0x78 ./simplicity_sdk_2024.6.0/hardware/driver/configuration_over_swo/src/sl_cos.o
 .text.sl_cos_send_config
                0x0800964c       0x12 ./simplicity_sdk_2024.6.0/hardware/driver/configuration_over_swo/src/sl_cos.o
                0x0800964c                sl_cos_send_config
 .text.sl_cos_config_vcom
                0x0800965e       0x1e ./simplicity_sdk_2024.6.0/hardware/driver/configuration_over_swo/src/sl_cos.o
                0x0800965e                sl_cos_config_vcom
 .text.Default_Handler
                0x0800967c        0x2 ./simplicity_sdk_2024.6.0/platform/Device/SiliconLabs/EFR32FG23/Source/startup_efr32fg23.o
                0x0800967c                ULFRCO_IRQHandler
                0x0800967c                SW2_IRQHandler
                0x0800967c                TIMER2_IRQHandler
                0x0800967c                DebugMon_Handler
                0x0800967c                IADC_IRQHandler
                0x0800967c                EUSART0_TX_IRQHandler
                0x0800967c                I2C0_IRQHandler
                0x0800967c                LFXO_IRQHandler
                0x0800967c                VDAC_IRQHandler
                0x0800967c                HardFault_Handler
                0x0800967c                SMU_SECURE_IRQHandler
                0x0800967c                SYSRTC_SEQ_IRQHandler
                0x0800967c                EMUEFP_IRQHandler
                0x0800967c                EUSART2_TX_IRQHandler
                0x0800967c                NMI_Handler
                0x0800967c                SYNTH_IRQHandler
                0x0800967c                HOSTMAILBOX_IRQHandler
                0x0800967c                HFXO0_IRQHandler
                0x0800967c                I2C1_IRQHandler
                0x0800967c                WDOG0_IRQHandler
                0x0800967c                TIMER3_IRQHandler
                0x0800967c                SYSCFG_IRQHandler
                0x0800967c                RFECA1_IRQHandler
                0x0800967c                EMUDG_IRQHandler
                0x0800967c                MSC_IRQHandler
                0x0800967c                DPLL0_IRQHandler