Archive member included to satisfy reference by file (symbol)

c:/siliconlabs/simplicitystudio/v5/developer/toolchains/gnu_arm/12.2.rel1_2023.7/bin/../lib/gcc/arm-none-eabi/12.2.1/thumb/v8-m.main+fp/hard\libgcc.a(_aeabi_ldivmod.o)
                              ./simplicity_sdk_2024.6.0/platform/emlib/src/em_usart.o (__aeabi_ldivmod)
c:/siliconlabs/simplicitystudio/v5/developer/toolchains/gnu_arm/12.2.rel1_2023.7/bin/../lib/gcc/arm-none-eabi/12.2.1/thumb/v8-m.main+fp/hard\libgcc.a(_aeabi_uldivmod.o)
                              ./simplicity_sdk_2024.6.0/platform/emlib/src/em_usart.o (__aeabi_uldivmod)
c:/siliconlabs/simplicitystudio/v5/developer/toolchains/gnu_arm/12.2.rel1_2023.7/bin/../lib/gcc/arm-none-eabi/12.2.1/thumb/v8-m.main+fp/hard\libgcc.a(_udivmoddi4.o)
                              c:/siliconlabs/simplicitystudio/v5/developer/toolchains/gnu_arm/12.2.rel1_2023.7/bin/../lib/gcc/arm-none-eabi/12.2.1/thumb/v8-m.main+fp/hard\libgcc.a(_aeabi_ldivmod.o) (__udivmoddi4)
c:/siliconlabs/simplicitystudio/v5/developer/toolchains/gnu_arm/12.2.rel1_2023.7/bin/../lib/gcc/arm-none-eabi/12.2.1/thumb/v8-m.main+fp/hard\libgcc.a(_dvmd_tls.o)
                              c:/siliconlabs/simplicitystudio/v5/developer/toolchains/gnu_arm/12.2.rel1_2023.7/bin/../lib/gcc/arm-none-eabi/12.2.1/thumb/v8-m.main+fp/hard\libgcc.a(_aeabi_ldivmod.o) (__aeabi_ldiv0)
c:/siliconlabs/simplicitystudio/v5/developer/toolchains/gnu_arm/12.2.rel1_2023.7/bin/../lib/gcc/arm-none-eabi/12.2.1/thumb/v8-m.main+fp/hard\libc_nano.a(libc_a-calloc.o)
                              ./optiga-trust-m/extras/pal/EFR32/pal_os_memory.o (calloc)
c:/siliconlabs/simplicitystudio/v5/developer/toolchains/gnu_arm/12.2.rel1_2023.7/bin/../lib/gcc/arm-none-eabi/12.2.1/thumb/v8-m.main+fp/hard\libc_nano.a(libc_a-exit.o)
                              c:/siliconlabs/simplicitystudio/v5/developer/toolchains/gnu_arm/12.2.rel1_2023.7/bin/../lib/gcc/arm-none-eabi/12.2.1/thumb/v8-m.main+fp/hard/crt0.o (exit)
c:/siliconlabs/simplicitystudio/v5/developer/toolchains/gnu_arm/12.2.rel1_2023.7/bin/../lib/gcc/arm-none-eabi/12.2.1/thumb/v8-m.main+fp/hard\libc_nano.a(libc_a-malloc.o)
                              ./optiga-trust-m/extras/pal/EFR32/pal_os_memory.o (malloc)
c:/siliconlabs/simplicitystudio/v5/developer/toolchains/gnu_arm/12.2.rel1_2023.7/bin/../lib/gcc/arm-none-eabi/12.2.1/thumb/v8-m.main+fp/hard\libc_nano.a(libc_a-ctype_.o)
                              ./simplicity_sdk_2024.6.0/platform/common/src/sl_string.o (_ctype_)
c:/siliconlabs/simplicitystudio/v5/developer/toolchains/gnu_arm/12.2.rel1_2023.7/bin/../lib/gcc/arm-none-eabi/12.2.1/thumb/v8-m.main+fp/hard\libc_nano.a(libc_a-findfp.o)
                              c:/siliconlabs/simplicitystudio/v5/developer/toolchains/gnu_arm/12.2.rel1_2023.7/bin/../lib/gcc/arm-none-eabi/12.2.1/thumb/v8-m.main+fp/hard\libc_nano.a(libc_a-exit.o) (__stdio_exit_handler)
c:/siliconlabs/simplicitystudio/v5/developer/toolchains/gnu_arm/12.2.rel1_2023.7/bin/../lib/gcc/arm-none-eabi/12.2.1/thumb/v8-m.main+fp/hard\libc_nano.a(libc_a-fwalk.o)
                              c:/siliconlabs/simplicitystudio/v5/developer/toolchains/gnu_arm/12.2.rel1_2023.7/bin/../lib/gcc/arm-none-eabi/12.2.1/thumb/v8-m.main+fp/hard\libc_nano.a(libc_a-findfp.o) (_fwalk_sglue)
c:/siliconlabs/simplicitystudio/v5/developer/toolchains/gnu_arm/12.2.rel1_2023.7/bin/../lib/gcc/arm-none-eabi/12.2.1/thumb/v8-m.main+fp/hard\libc_nano.a(libc_a-printf.o)
                              ./main.o (printf)
c:/siliconlabs/simplicitystudio/v5/developer/toolchains/gnu_arm/12.2.rel1_2023.7/bin/../lib/gcc/arm-none-eabi/12.2.1/thumb/v8-m.main+fp/hard\libc_nano.a(libc_a-setvbuf.o)
                              ./simplicity_sdk_2024.6.0/platform/service/iostream/src/sl_iostream_stdlib_config.o (setvbuf)
c:/siliconlabs/simplicitystudio/v5/developer/toolchains/gnu_arm/12.2.rel1_2023.7/bin/../lib/gcc/arm-none-eabi/12.2.1/thumb/v8-m.main+fp/hard\libc_nano.a(libc_a-sprintf.o)
                              ./optiga-trust-m/src/common/optiga_lib_logger.o (sprintf)
c:/siliconlabs/simplicitystudio/v5/developer/toolchains/gnu_arm/12.2.rel1_2023.7/bin/../lib/gcc/arm-none-eabi/12.2.1/thumb/v8-m.main+fp/hard\libc_nano.a(libc_a-stdio.o)
                              c:/siliconlabs/simplicitystudio/v5/developer/toolchains/gnu_arm/12.2.rel1_2023.7/bin/../lib/gcc/arm-none-eabi/12.2.1/thumb/v8-m.main+fp/hard\libc_nano.a(libc_a-findfp.o) (__sread)
c:/siliconlabs/simplicitystudio/v5/developer/toolchains/gnu_arm/12.2.rel1_2023.7/bin/../lib/gcc/arm-none-eabi/12.2.1/thumb/v8-m.main+fp/hard\libc_nano.a(libc_a-vprintf.o)
                              ./simplicity_sdk_2024.6.0/platform/service/iostream/src/sl_iostream.o (vprintf)
c:/siliconlabs/simplicitystudio/v5/developer/toolchains/gnu_arm/12.2.rel1_2023.7/bin/../lib/gcc/arm-none-eabi/12.2.1/thumb/v8-m.main+fp/hard\libc_nano.a(libc_a-memset.o)
[...]
Memory Configuration

Name             Origin             Length             Attributes
FLASH            0x08000000         0x0007e000         xr
RAM              0x20000000         0x00010000         xrw
*default*        0x00000000         0xffffffff

Linker script and memory map

LOAD c:/siliconlabs/simplicitystudio/v5/developer/toolchains/gnu_arm/12.2.rel1_2023.7/bin/../lib/gcc/arm-none-eabi/12.2.1/thumb/v8-m.main+fp/hard/crti.o
LOAD c:/siliconlabs/simplicitystudio/v5/developer/toolchains/gnu_arm/12.2.rel1_2023.7/bin/../lib/gcc/arm-none-eabi/12.2.1/thumb/v8-m.main+fp/hard/crtbegin.o
LOAD c:/siliconlabs/simplicitystudio/v5/developer/toolchains/gnu_arm/12.2.rel1_2023.7/bin/../lib/gcc/arm-none-eabi/12.2.1/thumb/v8-m.main+fp/hard/crt0.o
START GROUP
LOAD ./app.o
LOAD ./main.o
LOAD ./autogen/sl_board_default_init.o
LOAD ./autogen/sl_event_handler.o
LOAD ./autogen/sl_i2cspm_init.o
LOAD ./autogen/sl_iostream_handles.o
LOAD ./autogen/sl_iostream_init_usart_instances.o
LOAD ./optiga-trust-m/example/example_optiga_init_deinit.o
LOAD ./optiga-trust-m/extras/pal/EFR32/pal.o
LOAD ./optiga-trust-m/extras/pal/EFR32/pal_gpio.o
LOAD ./optiga-trust-m/extras/pal/EFR32/pal_i2c.o
LOAD ./optiga-trust-m/extras/pal/EFR32/pal_ifx_i2c_config.o
LOAD ./optiga-trust-m/extras/pal/EFR32/pal_logger.o
LOAD ./optiga-trust-m/extras/pal/EFR32/pal_os_datastore.o
LOAD ./optiga-trust-m/extras/pal/EFR32/pal_os_event.o
LOAD ./optiga-trust-m/extras/pal/EFR32/pal_os_lock.o
LOAD ./optiga-trust-m/extras/pal/EFR32/pal_os_memory.o
LOAD ./optiga-trust-m/extras/pal/EFR32/pal_os_timer.o
LOAD ./optiga-trust-m/extras/pal/pal_crypt_mbedtls.o
LOAD ./optiga-trust-m/mbedtls/aes.o
LOAD ./optiga-trust-m/mbedtls/aesni.o
LOAD ./optiga-trust-m/mbedtls/arc4.o
LOAD ./optiga-trust-m/mbedtls/aria.o
LOAD ./optiga-trust-m/mbedtls/asn1parse.o
LOAD ./optiga-trust-m/mbedtls/asn1write.o
LOAD ./optiga-trust-m/mbedtls/base64.o
LOAD ./optiga-trust-m/mbedtls/bignum.o
LOAD ./optiga-trust-m/mbedtls/blowfish.o
LOAD ./optiga-trust-m/mbedtls/camellia.o
LOAD ./optiga-trust-m/mbedtls/ccm.o
LOAD ./optiga-trust-m/mbedtls/certs.o
LOAD ./optiga-trust-m/mbedtls/chacha20.o
LOAD ./optiga-trust-m/mbedtls/chachapoly.o
LOAD ./optiga-trust-m/mbedtls/cipher.o
LOAD ./optiga-trust-m/mbedtls/cipher_wrap.o
LOAD ./optiga-trust-m/mbedtls/cmac.o
LOAD ./optiga-trust-m/mbedtls/ctr_drbg.o
LOAD ./optiga-trust-m/mbedtls/debug.o
LOAD ./optiga-trust-m/mbedtls/des.o
LOAD ./optiga-trust-m/mbedtls/dhm.o
LOAD ./optiga-trust-m/mbedtls/ecdh.o
LOAD ./optiga-trust-m/mbedtls/ecdsa.o
LOAD ./optiga-trust-m/mbedtls/ecjpake.o
LOAD ./optiga-trust-m/mbedtls/ecp.o
LOAD ./optiga-trust-m/mbedtls/ecp_curves.o
LOAD ./optiga-trust-m/mbedtls/entropy.o
LOAD ./optiga-trust-m/mbedtls/entropy_poll.o
LOAD ./optiga-trust-m/mbedtls/error.o
LOAD ./optiga-trust-m/mbedtls/gcm.o
LOAD ./optiga-trust-m/mbedtls/havege.o
LOAD ./optiga-trust-m/mbedtls/hkdf.o
LOAD ./optiga-trust-m/mbedtls/hmac_drbg.o
LOAD ./optiga-trust-m/mbedtls/md.o
LOAD ./optiga-trust-m/mbedtls/md2.o
LOAD ./optiga-trust-m/mbedtls/md4.o
LOAD ./optiga-trust-m/mbedtls/md5.o
LOAD ./optiga-trust-m/mbedtls/md_wrap.o
LOAD ./optiga-trust-m/mbedtls/memory_buffer_alloc.o
LOAD ./optiga-trust-m/mbedtls/net_sockets.o
LOAD ./optiga-trust-m/mbedtls/nist_kw.o
LOAD ./optiga-trust-m/mbedtls/oid.o
LOAD ./optiga-trust-m/mbedtls/padlock.o
LOAD ./optiga-trust-m/mbedtls/pem.o
LOAD ./optiga-trust-m/mbedtls/pk.o
LOAD ./optiga-trust-m/mbedtls/pk_wrap.o
LOAD ./optiga-trust-m/mbedtls/pkcs11.o
LOAD ./optiga-trust-m/mbedtls/pkcs12.o
LOAD ./optiga-trust-m/mbedtls/pkcs5.o
LOAD ./optiga-trust-m/mbedtls/pkparse.o
LOAD ./optiga-trust-m/mbedtls/pkwrite.o
LOAD ./optiga-trust-m/mbedtls/platform.o
LOAD ./optiga-trust-m/mbedtls/platform_util.o
LOAD ./optiga-trust-m/mbedtls/poly1305.o
LOAD ./optiga-trust-m/mbedtls/ripemd160.o
LOAD ./optiga-trust-m/mbedtls/rsa.o
LOAD ./optiga-trust-m/mbedtls/rsa_internal.o
LOAD ./optiga-trust-m/mbedtls/sha1.o
LOAD ./optiga-trust-m/mbedtls/sha256.o
LOAD ./optiga-trust-m/mbedtls/sha512.o
LOAD ./optiga-trust-m/mbedtls/ssl_cache.o
LOAD ./optiga-trust-m/mbedtls/ssl_ciphersuites.o
LOAD ./optiga-trust-m/mbedtls/ssl_cli.o
LOAD ./optiga-trust-m/mbedtls/ssl_cookie.o
LOAD ./optiga-trust-m/mbedtls/ssl_srv.o
LOAD ./optiga-trust-m/mbedtls/ssl_ticket.o
LOAD ./optiga-trust-m/mbedtls/ssl_tls.o
LOAD ./optiga-trust-m/mbedtls/threading.o
LOAD ./optiga-trust-m/mbedtls/timing.o
LOAD ./optiga-trust-m/mbedtls/version.o
LOAD ./optiga-trust-m/mbedtls/version_features.o
LOAD ./optiga-trust-m/mbedtls/x509.o
LOAD ./optiga-trust-m/mbedtls/x509_create.o
LOAD ./optiga-trust-m/mbedtls/x509_crl.o
LOAD ./optiga-trust-m/mbedtls/x509_crt.o
LOAD ./optiga-trust-m/mbedtls/x509_csr.o
LOAD ./optiga-trust-m/mbedtls/x509write_crt.o
LOAD ./optiga-trust-m/mbedtls/x509write_csr.o
LOAD ./optiga-trust-m/mbedtls/xtea.o
LOAD ./optiga-trust-m/src/cmd/optiga_cmd.o
LOAD ./optiga-trust-m/src/common/optiga_lib_common.o
LOAD ./optiga-trust-m/src/common/optiga_lib_logger.o
LOAD ./optiga-trust-m/src/comms/ifx_i2c/ifx_i2c.o
LOAD ./optiga-trust-m/src/comms/ifx_i2c/ifx_i2c_config.o
LOAD ./optiga-trust-m/src/comms/ifx_i2c/ifx_i2c_data_link_layer.o
LOAD ./optiga-trust-m/src/comms/ifx_i2c/ifx_i2c_physical_layer.o
LOAD ./optiga-trust-m/src/comms/ifx_i2c/ifx_i2c_presentation_layer.o
LOAD ./optiga-trust-m/src/comms/ifx_i2c/ifx_i2c_transport_layer.o
LOAD ./optiga-trust-m/src/comms/optiga_comms_ifx_i2c.o
LOAD ./optiga-trust-m/src/crypt/optiga_crypt.o
LOAD ./optiga-trust-m/src/util/optiga_util.o
LOAD ./simplicity_sdk_2024.6.0/hardware/board/src/sl_board_control_gpio.o
LOAD ./simplicity_sdk_2024.6.0/hardware/board/src/sl_board_init.o
LOAD ./simplicity_sdk_2024.6.0/hardware/driver/configuration_over_swo/src/sl_cos.o
LOAD ./simplicity_sdk_2024.6.0/platform/CMSIS/RTOS2/Source/os_systick.o
LOAD ./simplicity_sdk_2024.6.0/platform/Device/SiliconLabs/EFR32FG23/Source/startup_efr32fg23.o
LOAD ./simplicity_sdk_2024.6.0/platform/Device/SiliconLabs/EFR32FG23/Source/system_efr32fg23.o
LOAD ./simplicity_sdk_2024.6.0/platform/common/src/sl_assert.o
LOAD ./simplicity_sdk_2024.6.0/platform/common/src/sl_core_cortexm.o
LOAD ./simplicity_sdk_2024.6.0/platform/common/src/sl_stdio.o
LOAD ./simplicity_sdk_2024.6.0/platform/common/src/sl_string.o
LOAD ./simplicity_sdk_2024.6.0/platform/common/src/sl_syscalls.o
LOAD ./simplicity_sdk_2024.6.0/platform/common/src/sli_cmsis_os2_ext_task_register.o
LOAD ./simplicity_sdk_2024.6.0/platform/driver/debug/src/sl_debug_swo.o
LOAD ./simplicity_sdk_2024.6.0/platform/driver/i2cspm/src/sl_i2cspm.o
LOAD ./simplicity_sdk_2024.6.0/platform/emdrv/dmadrv/src/dmadrv.o
LOAD ./simplicity_sdk_2024.6.0/platform/emlib/src/em_burtc.o
LOAD ./simplicity_sdk_2024.6.0/platform/emlib/src/em_cmu.o
LOAD ./simplicity_sdk_2024.6.0/platform/emlib/src/em_core.o
LOAD ./simplicity_sdk_2024.6.0/platform/emlib/src/em_emu.o
LOAD ./simplicity_sdk_2024.6.0/platform/emlib/src/em_gpio.o
LOAD ./simplicity_sdk_2024.6.0/platform/emlib/src/em_i2c.o
LOAD ./simplicity_sdk_2024.6.0/platform/emlib/src/em_ldma.o
LOAD ./simplicity_sdk_2024.6.0/platform/emlib/src/em_msc.o
LOAD ./simplicity_sdk_2024.6.0/platform/emlib/src/em_prs.o
LOAD ./simplicity_sdk_2024.6.0/platform/emlib/src/em_system.o
LOAD ./simplicity_sdk_2024.6.0/platform/emlib/src/em_timer.o
LOAD ./simplicity_sdk_2024.6.0/platform/emlib/src/em_usart.o
LOAD ./simplicity_sdk_2024.6.0/platform/peripheral/src/sl_hal_sysrtc.o
LOAD ./simplicity_sdk_2024.6.0/platform/service/clock_manager/src/sl_clock_manager.o
LOAD ./simplicity_sdk_2024.6.0/platform/service/clock_manager/src/sl_clock_manager_hal_s2.o
LOAD ./simplicity_sdk_2024.6.0/platform/service/clock_manager/src/sl_clock_manager_init.o
LOAD ./simplicity_sdk_2024.6.0/platform/service/clock_manager/src/sl_clock_manager_init_hal_s2.o
LOAD ./simplicity_sdk_2024.6.0/platform/service/device_init/src/sl_device_init_dcdc_s2.o
LOAD ./simplicity_sdk_2024.6.0/platform/service/device_init/src/sl_device_init_emu_s2.o
LOAD ./simplicity_sdk_2024.6.0/platform/service/device_manager/clocks/sl_device_clock_efr32xg23.o
LOAD ./simplicity_sdk_2024.6.0/platform/service/device_manager/devices/sl_device_peripheral_hal_efr32xg23.o
LOAD ./simplicity_sdk_2024.6.0/platform/service/device_manager/src/sl_device_clock.o
LOAD ./simplicity_sdk_2024.6.0/platform/service/device_manager/src/sl_device_peripheral.o
LOAD ./simplicity_sdk_2024.6.0/platform/service/interrupt_manager/src/sl_interrupt_manager_cortexm.o
LOAD ./simplicity_sdk_2024.6.0/platform/service/iostream/src/sl_iostream.o
LOAD ./simplicity_sdk_2024.6.0/platform/service/iostream/src/sl_iostream_retarget_stdio.o
LOAD ./simplicity_sdk_2024.6.0/platform/service/iostream/src/sl_iostream_stdlib_config.o
LOAD ./simplicity_sdk_2024.6.0/platform/service/iostream/src/sl_iostream_uart.o
LOAD ./simplicity_sdk_2024.6.0/platform/service/iostream/src/sl_iostream_usart.o
LOAD ./simplicity_sdk_2024.6.0/platform/service/memory_manager/src/sl_memory_manager.o
LOAD ./simplicity_sdk_2024.6.0/platform/service/memory_manager/src/sl_memory_manager_dynamic_reservation.o
LOAD ./simplicity_sdk_2024.6.0/platform/service/memory_manager/src/sl_memory_manager_pool.o
LOAD ./simplicity_sdk_2024.6.0/platform/service/memory_manager/src/sl_memory_manager_region.o
LOAD ./simplicity_sdk_2024.6.0/platform/service/memory_manager/src/sl_memory_manager_retarget.o
LOAD ./simplicity_sdk_2024.6.0/platform/service/memory_manager/src/sli_memory_manager_common.o
LOAD ./simplicity_sdk_2024.6.0/platform/service/sleeptimer/src/sl_sleeptimer.o
LOAD ./simplicity_sdk_2024.6.0/platform/service/sleeptimer/src/sl_sleeptimer_hal_burtc.o
LOAD ./simplicity_sdk_2024.6.0/platform/service/sleeptimer/src/sl_sleeptimer_hal_sysrtc.o
LOAD ./simplicity_sdk_2024.6.0/platform/service/sleeptimer/src/sl_sleeptimer_hal_timer.o
LOAD ./simplicity_sdk_2024.6.0/platform/service/system/src/sl_system_init.o
LOAD ./simplicity_sdk_2024.6.0/platform/service/system/src/sl_system_kernel.o
LOAD ./simplicity_sdk_2024.6.0/platform/service/udelay/src/sl_udelay.o
LOAD ./simplicity_sdk_2024.6.0/platform/service/udelay/src/sl_udelay_armv6m_gcc.o
LOAD ./simplicity_sdk_2024.6.0/util/third_party/freertos/cmsis/Source/cmsis_os2.o
LOAD ./simplicity_sdk_2024.6.0/util/third_party/freertos/kernel/croutine.o
LOAD ./simplicity_sdk_2024.6.0/util/third_party/freertos/kernel/event_groups.o
LOAD ./simplicity_sdk_2024.6.0/util/third_party/freertos/kernel/list.o
LOAD ./simplicity_sdk_2024.6.0/util/third_party/freertos/kernel/queue.o
LOAD ./simplicity_sdk_2024.6.0/util/third_party/freertos/kernel/stream_buffer.o
LOAD ./simplicity_sdk_2024.6.0/util/third_party/freertos/kernel/tasks.o
LOAD ./simplicity_sdk_2024.6.0/util/third_party/freertos/kernel/timers.o
LOAD ./simplicity_sdk_2024.6.0/util/third_party/freertos/kernel/portable/GCC/ARM_CM33_NTZ/non_secure/port.o
LOAD ./simplicity_sdk_2024.6.0/util/third_party/freertos/kernel/portable/GCC/ARM_CM33_NTZ/non_secure/portasm.o
LOAD ./simplicity_sdk_2024.6.0/util/third_party/freertos/kernel/portable/MemMang/heap_3.o
LOAD c:/siliconlabs/simplicitystudio/v5/developer/toolchains/gnu_arm/12.2.rel1_2023.7/bin/../lib/gcc/arm-none-eabi/12.2.1/thumb/v8-m.main+fp/hard\libgcc.a
LOAD c:/siliconlabs/simplicitystudio/v5/developer/toolchains/gnu_arm/12.2.rel1_2023.7/bin/../lib/gcc/arm-none-eabi/12.2.1/thumb/v8-m.main+fp/hard\libc_nano.a
LOAD c:/siliconlabs/simplicitystudio/v5/developer/toolchains/gnu_arm/12.2.rel1_2023.7/bin/../lib/gcc/arm-none-eabi/12.2.1/thumb/v8-m.main+fp/hard\libm.a
LOAD c:/siliconlabs/simplicitystudio/v5/developer/toolchains/gnu_arm/12.2.rel1_2023.7/bin/../lib/gcc/arm-none-eabi/12.2.1/thumb/v8-m.main+fp/hard\libnosys.a
END GROUP
START GROUP
LOAD c:/siliconlabs/simplicitystudio/v5/developer/toolchains/gnu_arm/12.2.rel1_2023.7/bin/../lib/gcc/arm-none-eabi/12.2.1/thumb/v8-m.main+fp/hard\libgcc.a
LOAD c:/siliconlabs/simplicitystudio/v5/developer/toolchains/gnu_arm/12.2.rel1_2023.7/bin/../lib/gcc/arm-none-eabi/12.2.1/thumb/v8-m.main+fp/hard\libc_nano.a
LOAD c:/siliconlabs/simplicitystudio/v5/developer/toolchains/gnu_arm/12.2.rel1_2023.7/bin/../lib/gcc/arm-none-eabi/12.2.1/thumb/v8-m.main+fp/hard\libnosys.a
END GROUP
START GROUP
LOAD c:/siliconlabs/simplicitystudio/v5/developer/toolchains/gnu_arm/12.2.rel1_2023.7/bin/../lib/gcc/arm-none-eabi/12.2.1/thumb/v8-m.main+fp/hard\libgcc.a
LOAD c:/siliconlabs/simplicitystudio/v5/developer/toolchains/gnu_arm/12.2.rel1_2023.7/bin/../lib/gcc/arm-none-eabi/12.2.1/thumb/v8-m.main+fp/hard\libg_nano.a
LOAD c:/siliconlabs/simplicitystudio/v5/developer/toolchains/gnu_arm/12.2.rel1_2023.7/bin/../lib/gcc/arm-none-eabi/12.2.1/thumb/v8-m.main+fp/hard\libc_nano.a
END GROUP
START GROUP
LOAD c:/siliconlabs/simplicitystudio/v5/developer/toolchains/gnu_arm/12.2.rel1_2023.7/bin/../lib/gcc/arm-none-eabi/12.2.1/thumb/v8-m.main+fp/hard\libgcc.a
LOAD c:/siliconlabs/simplicitystudio/v5/developer/toolchains/gnu_arm/12.2.rel1_2023.7/bin/../lib/gcc/arm-none-eabi/12.2.1/thumb/v8-m.main+fp/hard\libc_nano.a
END GROUP
LOAD c:/siliconlabs/simplicitystudio/v5/developer/toolchains/gnu_arm/12.2.rel1_2023.7/bin/../lib/gcc/arm-none-eabi/12.2.1/thumb/v8-m.main+fp/hard/crtend.o
LOAD c:/siliconlabs/simplicitystudio/v5/developer/toolchains/gnu_arm/12.2.rel1_2023.7/bin/../lib/gcc/arm-none-eabi/12.2.1/thumb/v8-m.main+fp/hard/crtn.o

.vectors        0x08000000      0x170
                0x08000000                linker_vectors_begin = .
 *(.vectors)
 .vectors       0x08000000      0x170 ./simplicity_sdk_2024.6.0/platform/Device/SiliconLabs/EFR32FG23/Source/startup_efr32fg23.o
                0x08000000                __Vectors
                0x08000170                linker_vectors_end = .
                0x08000170                __Vectors_End = .
                0x08000170                __Vectors_Size = (__Vectors_End - __Vectors)
                0x08000170                __lma_ramfuncs_start__ = .

.stack          0x20000000     0x1000
                0x20000000                . = ALIGN (0x8)
                0x20000000                __StackLimit = .
 *(.stack*)
 .stack         0x20000000     0x1000 ./simplicity_sdk_2024.6.0/platform/service/memory_manager/src/sl_memory_manager_region.o
                0x20001000                . = ALIGN (0x4)
                0x20001000                __StackTop = .
                0x20001000                PROVIDE (__stack = __StackTop)

.noinit
 *(.noinit*)

.bss            0x20001000     0x17f0
                0x20001000                . = ALIGN (0x4)
                0x20001000                __bss_start__ = .
 *(SORT_BY_ALIGNMENT(.bss*))
 .bss.object.0  0x20001000       0x18 c:/siliconlabs/simplicitystudio/v5/developer/toolchains/gnu_arm/12.2.rel1_2023.7/bin/../lib/gcc/arm-none-eabi/12.2.1/thumb/v8-m.main+fp/hard/crtbegin.o
 .bss.context_vcom
                0x20001018      0x148 ./autogen/sl_iostream_init_usart_instances.o
 .bss.sl_iostream_vcom
                0x20001160       0x20 ./autogen/sl_iostream_init_usart_instances.o
 .bss.me_util_instance
                0x20001180        0x4 ./optiga-trust-m/example/example_optiga_init_deinit.o
                0x20001180                me_util_instance
 .bss.xIicSemaphoreHandle
                0x20001184        0x4 ./optiga-trust-m/extras/pal/EFR32/pal_i2c.o
                0x20001184                xIicSemaphoreHandle
 .bss.xIicCallbackTaskHandle
                0x20001188        0x4 ./optiga-trust-m/extras/pal/EFR32/pal_i2c.o
                0x20001188                xIicCallbackTaskHandle
 .bss.trustx_i2cresult_queue
                0x2000118c        0x4 ./optiga-trust-m/extras/pal/EFR32/pal_i2c.o
                0x2000118c                trustx_i2cresult_queue
 .bss.gp_pal_i2c_current_ctx
                0x20001190        0x4 ./optiga-trust-m/extras/pal/EFR32/pal_i2c.o
 .bss.logger_console
                0x20001194        0x8 ./optiga-trust-m/extras/pal/EFR32/pal_logger.o
                0x20001194                logger_console
 .bss.pal_os_ts_0
                0x2000119c        0x4 ./optiga-trust-m/extras/pal/EFR32/pal_os_event.o
 .bss.pal_os_event_0
                0x200011a0       0x18 ./optiga-trust-m/extras/pal/EFR32/pal_os_event.o
 .bss.g_optiga  0x200011b8      0x67c ./optiga-trust-m/src/cmd/optiga_cmd.o
 .bss.dmaXfer   0x20001834      0x100 ./simplicity_sdk_2024.6.0/platform/emdrv/dmadrv/src/dmadrv.o
 .bss.chTable   0x20001934       0x80 ./simplicity_sdk_2024.6.0/platform/emdrv/dmadrv/src/dmadrv.o
 .bss.i2cTransfer
                0x200019b4       0x18 ./simplicity_sdk_2024.6.0/platform/emlib/src/em_i2c.o
 .bss.sli_iostream_default
                0x200019cc        0x4 ./simplicity_sdk_2024.6.0/platform/service/iostream/src/sl_iostream.o
 .bss.sli_iostream_system_default
                0x200019d0        0x4 ./simplicity_sdk_2024.6.0/platform/service/iostream/src/sl_iostream.o
 .bss.heap_high_watermark
                0x200019d4        0x4 ./simplicity_sdk_2024.6.0/platform/service/memory_manager/src/sl_memory_manager.o
 .bss.heap_size
                0x200019d8        0x4 ./simplicity_sdk_2024.6.0/platform/service/memory_manager/src/sl_memory_manager.o
 .bss.sli_free_blocks_number
                0x200019dc        0x4 ./simplicity_sdk_2024.6.0/platform/service/memory_manager/src/sli_memory_manager_common.o
                0x200019dc                sli_free_blocks_number
 .bss.sli_free_st_list_head
                0x200019e0        0x4 ./simplicity_sdk_2024.6.0/platform/service/memory_manager/src/sli_memory_manager_common.o
                0x200019e0                sli_free_st_list_head
 .bss.sli_free_lt_list_head
                0x200019e4        0x4 ./simplicity_sdk_2024.6.0/platform/service/memory_manager/src/sli_memory_manager_common.o
                0x200019e4                sli_free_lt_list_head
 .bss.max_millisecond_conversion
                0x200019e8        0x4 ./simplicity_sdk_2024.6.0/platform/service/sleeptimer/src/sl_sleeptimer.o
 .bss.last_delta_update_count
                0x200019ec        0x4 ./simplicity_sdk_2024.6.0/platform/service/sleeptimer/src/sl_sleeptimer.o
 .bss.timer_head
                0x200019f0        0x4 ./simplicity_sdk_2024.6.0/platform/service/sleeptimer/src/sl_sleeptimer.o
 .bss.timer_frequency
                0x200019f4        0x4 ./simplicity_sdk_2024.6.0/platform/service/sleeptimer/src/sl_sleeptimer.o
 .bss.Timer_Stack.0
                0x200019f8      0x280 ./simplicity_sdk_2024.6.0/util/third_party/freertos/cmsis/Source/cmsis_os2.o
 .bss.Timer_TCB.1
                0x20001c78       0x60 ./simplicity_sdk_2024.6.0/util/third_party/freertos/cmsis/Source/cmsis_os2.o
 .bss.Idle_Stack.2
                0x20001cd8      0x280 ./simplicity_sdk_2024.6.0/util/third_party/freertos/cmsis/Source/cmsis_os2.o
 .bss.Idle_TCB.3
                0x20001f58       0x60 ./simplicity_sdk_2024.6.0/util/third_party/freertos/cmsis/Source/cmsis_os2.o
 .bss.KernelState
                0x20001fb8        0x4 ./simplicity_sdk_2024.6.0/util/third_party/freertos/cmsis/Source/cmsis_os2.o
 .bss.xQueueRegistry
                0x20001fbc       0x50 ./simplicity_sdk_2024.6.0/util/third_party/freertos/kernel/queue.o
                0x20001fbc                xQueueRegistry
 .bss.uxSchedulerSuspended
                0x2000200c        0x4 ./simplicity_sdk_2024.6.0/util/third_party/freertos/kernel/tasks.o
 .bss.xNextTaskUnblockTime
                0x20002010        0x4 ./simplicity_sdk_2024.6.0/util/third_party/freertos/kernel/tasks.o
 .bss.uxTaskNumber
                0x20002014        0x4 ./simplicity_sdk_2024.6.0/util/third_party/freertos/kernel/tasks.o
 .bss.xNumOfOverflows
                0x20002018        0x4 ./simplicity_sdk_2024.6.0/util/third_party/freertos/kernel/tasks.o
 .bss.xYieldPending
                0x2000201c        0x4 ./simplicity_sdk_2024.6.0/util/third_party/freertos/kernel/tasks.o
 .bss.xPendedTicks
                0x20002020        0x4 ./simplicity_sdk_2024.6.0/util/third_party/freertos/kernel/tasks.o
 .bss.xSchedulerRunning
                0x20002024        0x4 ./simplicity_sdk_2024.6.0/util/third_party/freertos/kernel/tasks.o
 .bss.uxTopReadyPriority
                0x20002028        0x4 ./simplicity_sdk_2024.6.0/util/third_party/freertos/kernel/tasks.o
 .bss.xTickCount
                0x2000202c        0x4 ./simplicity_sdk_2024.6.0/util/third_party/freertos/kernel/tasks.o
 .bss.uxCurrentNumberOfTasks
                0x20002030        0x4 ./simplicity_sdk_2024.6.0/util/third_party/freertos/kernel/tasks.o
 .bss.xSuspendedTaskList
                0x20002034       0x14 ./simplicity_sdk_2024.6.0/util/third_party/freertos/kernel/tasks.o
 .bss.uxDeletedTasksWaitingCleanUp
                0x20002048        0x4 ./simplicity_sdk_2024.6.0/util/third_party/freertos/kernel/tasks.o
 .bss.xTasksWaitingTermination
                0x2000204c       0x14 ./simplicity_sdk_2024.6.0/util/third_party/freertos/kernel/tasks.o
 .bss.xPendingReadyList
                0x20002060       0x14 ./simplicity_sdk_2024.6.0/util/third_party/freertos/kernel/tasks.o
 .bss.pxOverflowDelayedTaskList
                0x20002074        0x4 ./simplicity_sdk_2024.6.0/util/third_party/freertos/kernel/tasks.o
 .bss.pxDelayedTaskList
                0x20002078        0x4 ./simplicity_sdk_2024.6.0/util/third_party/freertos/kernel/tasks.o
 .bss.xDelayedTaskList2
                0x2000207c       0x14 ./simplicity_sdk_2024.6.0/util/third_party/freertos/kernel/tasks.o
 .bss.xDelayedTaskList1
                0x20002090       0x14 ./simplicity_sdk_2024.6.0/util/third_party/freertos/kernel/tasks.o
 .bss.pxReadyTasksLists
                0x200020a4      0x460 ./simplicity_sdk_2024.6.0/util/third_party/freertos/kernel/tasks.o
 .bss.pxCurrentTCB
                0x20002504        0x4 ./simplicity_sdk_2024.6.0/util/third_party/freertos/kernel/tasks.o
                0x20002504                pxCurrentTCB
 .bss.xStaticTimerQueue.0
                0x20002508       0x50 ./simplicity_sdk_2024.6.0/util/third_party/freertos/kernel/timers.o
 .bss.xLastTime.2
                0x20002558        0x4 ./simplicity_sdk_2024.6.0/util/third_party/freertos/kernel/timers.o
 .bss.xTimerTaskHandle
                0x2000255c        0x4 ./simplicity_sdk_2024.6.0/util/third_party/freertos/kernel/timers.o
 .bss.xTimerQueue
                0x20002560        0x4 ./simplicity_sdk_2024.6.0/util/third_party/freertos/kernel/timers.o
 .bss.pxOverflowTimerList
                0x20002564        0x4 ./simplicity_sdk_2024.6.0/util/third_party/freertos/kernel/timers.o
 .bss.pxCurrentTimerList
                0x20002568        0x4 ./simplicity_sdk_2024.6.0/util/third_party/freertos/kernel/timers.o
 .bss.xActiveTimerList2
                0x2000256c       0x14 ./simplicity_sdk_2024.6.0/util/third_party/freertos/kernel/timers.o
 .bss.xActiveTimerList1
                0x20002580       0x14 ./simplicity_sdk_2024.6.0/util/third_party/freertos/kernel/timers.o
 .bss.__sf      0x20002594      0x138 c:/siliconlabs/simplicitystudio/v5/developer/toolchains/gnu_arm/12.2.rel1_2023.7/bin/../lib/gcc/arm-none-eabi/12.2.1/thumb/v8-m.main+fp/hard\libc_nano.a(libc_a-findfp.o)
                0x20002594                __sf
 .bss.__stdio_exit_handler
                0x200026cc        0x4 c:/siliconlabs/simplicitystudio/v5/developer/toolchains/gnu_arm/12.2.rel1_2023.7/bin/../lib/gcc/arm-none-eabi/12.2.1/thumb/v8-m.main+fp/hard\libc_nano.a(libc_a-findfp.o)
                0x200026cc                __stdio_exit_handler
 .bss.errno     0x200026d0        0x4 c:/siliconlabs/simplicitystudio/v5/developer/toolchains/gnu_arm/12.2.rel1_2023.7/bin/../lib/gcc/arm-none-eabi/12.2.1/thumb/v8-m.main+fp/hard\libc_nano.a(libc_a-reent.o)
                0x200026d0                errno
 .bss.optiga_lib_status
                0x200026d4        0x2 ./optiga-trust-m/example/example_optiga_init_deinit.o
 .bss.overflow_counter
                0x200026d6        0x2 ./simplicity_sdk_2024.6.0/platform/service/sleeptimer/src/sl_sleeptimer.o
 .bss.completed.1
                0x200026d8        0x1 c:/siliconlabs/simplicitystudio/v5/developer/toolchains/gnu_arm/12.2.rel1_2023.7/bin/../lib/gcc/arm-none-eabi/12.2.1/thumb/v8-m.main+fp/hard/crtbegin.o
 .bss.rx_buffer_vcom
                0x200026d9       0x20 ./autogen/sl_iostream_init_usart_instances.o
 .bss.data_store_app_context_buffer
                0x200026f9        0xa ./optiga-trust-m/extras/pal/EFR32/pal_os_datastore.o
                0x200026f9                data_store_app_context_buffer
 .bss.data_store_manage_context_buffer
                0x20002703       0x44 ./optiga-trust-m/extras/pal/EFR32/pal_os_datastore.o
                0x20002703                data_store_manage_context_buffer
 .bss.initialized
                0x20002747        0x1 ./simplicity_sdk_2024.6.0/platform/emdrv/dmadrv/src/dmadrv.o
 .bss.vScaleEM01Config
                0x20002748        0x1 ./simplicity_sdk_2024.6.0/platform/emlib/src/em_emu.o
 .bss.sleep_on_isr_exit
                0x20002749        0x1 ./simplicity_sdk_2024.6.0/platform/service/sleeptimer/src/sl_sleeptimer.o
 .bss.next_timer_to_expire_is_power_manager
                0x2000274a        0x1 ./simplicity_sdk_2024.6.0/platform/service/sleeptimer/src/sl_sleeptimer.o
 .bss.is_sleeptimer_initialized
                0x2000274b        0x1 ./simplicity_sdk_2024.6.0/platform/service/sleeptimer/src/sl_sleeptimer.o
 .bss.ucStaticTimerQueueStorage.1
                0x2000274c       0xa0 ./simplicity_sdk_2024.6.0/util/third_party/freertos/kernel/timers.o
 .bss.__lock___sfp_recursive_mutex
                0x200027ec        0x1 c:/siliconlabs/simplicitystudio/v5/developer/toolchains/gnu_arm/12.2.rel1_2023.7/bin/../lib/gcc/arm-none-eabi/12.2.1/thumb/v8-m.main+fp/hard\libc_nano.a(libc_a-lock.o)
                0x200027ec                __lock___sfp_recursive_mutex
 *(COMMON)
                0x200027f0                . = ALIGN (0x4)
 *fill*         0x200027ed        0x3 
                0x200027f0                __bss_end__ = .

text_application_ram
                0x200027f0        0x0 load address 0x08000170
                0x200027f0                . = ALIGN (0x4)
                0x200027f0                __vma_ramfuncs_start__ = .
                0x200027f0                __text_application_ram_start__ = .
 *(text_application_ram)
                0x200027f0                . = ALIGN (0x4)
                0x200027f0                __vma_ramfuncs_end__ = .
                0x200027f0                __text_application_ram_end__ = .

.rodata         0x08000170        0x0
                0x08000170                __lma_ramfuncs_end__ = .
                0x08000170                __rodata_start__ = .
                0x08000170                __rodata_end__ = .

.text           0x08000170     0xac38
                0x08000170                linker_code_begin = .
 *(SORT_BY_ALIGNMENT(.text*))
 .text          0x08000170        0x8 ./simplicity_sdk_2024.6.0/platform/service/udelay/src/sl_udelay_armv6m_gcc.o
                0x08000170                sli_delay_loop
 *fill*         0x08000178        0x8 
 .text.vRestoreContextOfFirstTask
                0x08000180       0x34 ./simplicity_sdk_2024.6.0/util/third_party/freertos/kernel/portable/GCC/ARM_CM33_NTZ/non_secure/portasm.o
                0x08000180                vRestoreContextOfFirstTask
 *fill*         0x080001b4        0xc 
 .text.vStartFirstTask
                0x080001c0       0x24 ./simplicity_sdk_2024.6.0/util/third_party/freertos/kernel/portable/GCC/ARM_CM33_NTZ/non_secure/portasm.o
                0x080001c0                vStartFirstTask
 *fill*         0x080001e4        0xc 
 .text.PendSV_Handler
                0x080001f0       0x64 ./simplicity_sdk_2024.6.0/util/third_party/freertos/kernel/portable/GCC/ARM_CM33_NTZ/non_secure/portasm.o
                0x080001f0                PendSV_Handler
 *fill*         0x08000254        0xc 
 .text.SVC_Handler
                0x08000260       0x24 ./simplicity_sdk_2024.6.0/util/third_party/freertos/kernel/portable/GCC/ARM_CM33_NTZ/non_secure/portasm.o
                0x08000260                SVC_Handler
 .text.deregister_tm_clones
                0x08000284       0x1c c:/siliconlabs/simplicitystudio/v5/developer/toolchains/gnu_arm/12.2.rel1_2023.7/bin/../lib/gcc/arm-none-eabi/12.2.1/thumb/v8-m.main+fp/hard/crtbegin.o
 .text.register_tm_clones
                0x080002a0       0x28 c:/siliconlabs/simplicitystudio/v5/developer/toolchains/gnu_arm/12.2.rel1_2023.7/bin/../lib/gcc/arm-none-eabi/12.2.1/thumb/v8-m.main+fp/hard/crtbegin.o
 .text.__do_global_dtors_aux
                0x080002c8       0x28 c:/siliconlabs/simplicitystudio/v5/developer/toolchains/gnu_arm/12.2.rel1_2023.7/bin/../lib/gcc/arm-none-eabi/12.2.1/thumb/v8-m.main+fp/hard/crtbegin.o
 .text.frame_dummy
                0x080002f0       0x24 c:/siliconlabs/simplicitystudio/v5/developer/toolchains/gnu_arm/12.2.rel1_2023.7/bin/../lib/gcc/arm-none-eabi/12.2.1/thumb/v8-m.main+fp/hard/crtbegin.o
 .text          0x08000314       0x7c c:/siliconlabs/simplicitystudio/v5/developer/toolchains/gnu_arm/12.2.rel1_2023.7/bin/../lib/gcc/arm-none-eabi/12.2.1/thumb/v8-m.main+fp/hard/crt0.o
                0x08000314                _stack_init
                0x0800031c                _start
                0x0800031c                _mainCRTStartup
 .text.startup.main
                0x08000390       0x2c ./main.o
                0x08000390                main
 .text.sl_platform_init
                0x080003bc       0x9c ./autogen/sl_event_handler.o
                0x080003bc                sl_platform_init
 .text.sl_i2cspm_init_instances
                0x08000458       0x1c ./autogen/sl_i2cspm_init.o
                0x08000458                sl_i2cspm_init_instances
 .text.sl_iostream_usart_init_vcom
                0x08000474       0xa4 ./autogen/sl_iostream_init_usart_instances.o
                0x08000474                sl_iostream_usart_init_vcom
 .text.sl_iostream_usart_init_instances
                0x08000518       0x1c ./autogen/sl_iostream_init_usart_instances.o
                0x08000518                sl_iostream_usart_init_instances
 .text.USART0_RX_IRQHandler
                0x08000534        0xc ./autogen/sl_iostream_init_usart_instances.o
                0x08000534                USART0_RX_IRQHandler
 .text.optiga_lib_callback
                0x08000540       0x24 ./optiga-trust-m/example/example_optiga_init_deinit.o
 .text.example_optiga_init
                0x08000564       0xac ./optiga-trust-m/example/example_optiga_init_deinit.o
                0x08000564                example_optiga_init
 .text.pal_gpio_set_high
                0x08000610       0x40 ./optiga-trust-m/extras/pal/EFR32/pal_gpio.o
                0x08000610                pal_gpio_set_high
 .text.pal_gpio_set_low
                0x08000650       0x40 ./optiga-trust-m/extras/pal/EFR32/pal_gpio.o
                0x08000650                pal_gpio_set_low
 .text.pal_i2c_release.constprop.0
                0x08000690       0x1c ./optiga-trust-m/extras/pal/EFR32/pal_i2c.o
 .text.pal_i2c_acquire.constprop.0
                0x080006ac       0x20 ./optiga-trust-m/extras/pal/EFR32/pal_i2c.o
 .text.i2c_result_handler
                0x080006cc       0x24 ./optiga-trust-m/extras/pal/EFR32/pal_i2c.o
                0x080006cc                i2c_result_handler
 .text.pal_i2c_init
                0x080006f0       0x78 ./optiga-trust-m/extras/pal/EFR32/pal_i2c.o
                0x080006f0                pal_i2c_init
 .text.pal_i2c_deinit
                0x08000768       0x24 ./optiga-trust-m/extras/pal/EFR32/pal_i2c.o
                0x08000768                pal_i2c_deinit
 .text.pal_i2c_write
                0x0800078c       0x60 ./optiga-trust-m/extras/pal/EFR32/pal_i2c.o
                0x0800078c                pal_i2c_write
 .text.pal_i2c_read
                0x080007ec       0x60 ./optiga-trust-m/extras/pal/EFR32/pal_i2c.o
                0x080007ec                pal_i2c_read
 .text.pal_logger_write
                0x0800084c       0x2c ./optiga-trust-m/extras/pal/EFR32/pal_logger.o
                0x0800084c                pal_logger_write
 .text.pal_os_datastore_write
                0x08000878       0x40 ./optiga-trust-m/extras/pal/EFR32/pal_os_datastore.o
                0x08000878                pal_os_datastore_write
 .text.pal_os_datastore_read
                0x080008b8       0x58 ./optiga-trust-m/extras/pal/EFR32/pal_os_datastore.o
                0x080008b8                pal_os_datastore_read
 .text.pal_os_event_register_callback_oneshot
                0x08000910       0x28 ./optiga-trust-m/extras/pal/EFR32/pal_os_event.o
                0x08000910                pal_os_event_register_callback_oneshot
 .text.pal_os_event_create
                0x08000938       0x18 ./optiga-trust-m/extras/pal/EFR32/pal_os_event.o
                0x08000938                pal_os_event_create
 .text.optiga_cmd_queue_reset_slot
                0x08000950       0x30 ./optiga-trust-m/src/cmd/optiga_cmd.o
 .text.optiga_cmd_execute_handler
                0x08000980      0x320 ./optiga-trust-m/src/cmd/optiga_cmd.o
 .text.optiga_cmd_queue_scheduler
                0x08000ca0      0x164 ./optiga-trust-m/src/cmd/optiga_cmd.o
 .text.optiga_cmd_open_application_handler
                0x08000e04       0xd0 ./optiga-trust-m/src/cmd/optiga_cmd.o
 .text.optiga_cmd_create
                0x08000ed4       0xa0 ./optiga-trust-m/src/cmd/optiga_cmd.o
                0x08000ed4                optiga_cmd_create
 .text.optiga_cmd_open_application
                0x08000f74       0x24 ./optiga-trust-m/src/cmd/optiga_cmd.o
                0x08000f74                optiga_cmd_open_application
 .text.optiga_lib_print_message
                0x08000f98       0x4c ./optiga-trust-m/src/common/optiga_lib_logger.o
                0x08000f98                optiga_lib_print_message
 .text.optiga_lib_print_status
                0x08000fe4       0xc8 ./optiga-trust-m/src/common/optiga_lib_logger.o
                0x08000fe4                optiga_lib_print_status
 .text.ifx_i2c_init
                0x080010ac       0x98 ./optiga-trust-m/src/comms/ifx_i2c/ifx_i2c.o
 .text.ifx_i2c_pl_event_handler
                0x08001144      0x2c8 ./optiga-trust-m/src/comms/ifx_i2c/ifx_i2c_data_link_layer.o
 .text.ifx_i2c_dl_init
                0x0800140c       0x44 ./optiga-trust-m/src/comms/ifx_i2c/ifx_i2c_data_link_layer.o
                0x0800140c                ifx_i2c_dl_init
 .text.ifx_i2c_dl_receive_frame
                0x08001450       0x3c ./optiga-trust-m/src/comms/ifx_i2c/ifx_i2c_data_link_layer.o
                0x08001450                ifx_i2c_dl_receive_frame
 .text.ifx_i2c_pl_read_register
                0x0800148c       0x28 ./optiga-trust-m/src/comms/ifx_i2c/ifx_i2c_physical_layer.o
 .text.ifx_i2c_pl_set_bit_rate
                0x080014b4       0x44 ./optiga-trust-m/src/comms/ifx_i2c/ifx_i2c_physical_layer.o
 .text.ifx_i2c_pl_negotiation_event_handler
                0x080014f8      0x168 ./optiga-trust-m/src/comms/ifx_i2c/ifx_i2c_physical_layer.o
 .text.ifx_i2c_pl_soft_reset
                0x08001660       0x90 ./optiga-trust-m/src/comms/ifx_i2c/ifx_i2c_physical_layer.o
 .text.ifx_i2c_pl_frame_event_handler.part.0
                0x080016f0       0xe4 ./optiga-trust-m/src/comms/ifx_i2c/ifx_i2c_physical_layer.o
 .text.ifx_i2c_pl_pal_event_handler
                0x080017d4       0x54 ./optiga-trust-m/src/comms/ifx_i2c/ifx_i2c_physical_layer.o
 .text.ifx_i2c_pl_init
                0x08001828       0x64 ./optiga-trust-m/src/comms/ifx_i2c/ifx_i2c_physical_layer.o
                0x08001828                ifx_i2c_pl_init
 .text.ifx_i2c_dl_event_handler
                0x0800188c      0x244 ./optiga-trust-m/src/comms/ifx_i2c/ifx_i2c_transport_layer.o
 .text.ifx_i2c_tl_init
                0x08001ad0       0x30 ./optiga-trust-m/src/comms/ifx_i2c/ifx_i2c_transport_layer.o
                0x08001ad0                ifx_i2c_tl_init
 .text.optiga_comms_create
                0x08001b00       0x28 ./optiga-trust-m/src/comms/optiga_comms_ifx_i2c.o
                0x08001b00                optiga_comms_create
 .text.optiga_comms_open
                0x08001b28       0x38 ./optiga-trust-m/src/comms/optiga_comms_ifx_i2c.o
                0x08001b28                optiga_comms_open
 .text.optiga_comms_transceive
                0x08001b60       0x38 ./optiga-trust-m/src/comms/optiga_comms_ifx_i2c.o
                0x08001b60                optiga_comms_transceive
 .text.optiga_comms_close
                0x08001b98       0x34 ./optiga-trust-m/src/comms/optiga_comms_ifx_i2c.o
                0x08001b98                optiga_comms_close
 .text.optiga_util_create
                0x08001bcc       0x3c ./optiga-trust-m/src/util/optiga_util.o
                0x08001bcc                optiga_util_create
 .text.sl_board_init
                0x08001c08       0x14 ./simplicity_sdk_2024.6.0/hardware/board/src/sl_board_init.o
                0x08001c08                sl_board_init
 .text.sl_board_preinit
                0x08001c1c        0xc ./simplicity_sdk_2024.6.0/hardware/board/src/sl_board_init.o
                0x08001c1c                sl_board_preinit
 .text.CopyRamFuncs
                0x08001c28       0x1c ./simplicity_sdk_2024.6.0/platform/Device/SiliconLabs/EFR32FG23/Source/startup_efr32fg23.o
                0x08001c28                CopyRamFuncs
 .text.Reset_Handler
                0x08001c44       0x64 ./simplicity_sdk_2024.6.0/platform/Device/SiliconLabs/EFR32FG23/Source/startup_efr32fg23.o
                0x08001c44                Reset_Handler
 .text.SystemInit
                0x08001ca8       0x64 ./simplicity_sdk_2024.6.0/platform/Device/SiliconLabs/EFR32FG23/Source/system_efr32fg23.o
                0x08001ca8                SystemInit
 .text.SystemHFRCODPLLClockGet
                0x08001d0c        0xc ./simplicity_sdk_2024.6.0/platform/Device/SiliconLabs/EFR32FG23/Source/system_efr32fg23.o
                0x08001d0c                SystemHFRCODPLLClockGet
 .text.SystemHFRCODPLLClockSet
                0x08001d18        0xc ./simplicity_sdk_2024.6.0/platform/Device/SiliconLabs/EFR32FG23/Source/system_efr32fg23.o
                0x08001d18                SystemHFRCODPLLClockSet
 .text.SystemSYSCLKGet
                0x08001d24       0x34 ./simplicity_sdk_2024.6.0/platform/Device/SiliconLabs/EFR32FG23/Source/system_efr32fg23.o
                0x08001d24                SystemSYSCLKGet
 .text.SystemHCLKGet
                0x08001d58       0x24 ./simplicity_sdk_2024.6.0/platform/Device/SiliconLabs/EFR32FG23/Source/system_efr32fg23.o
                0x08001d58                SystemHCLKGet
 .text.SystemMaxCoreClockGet
                0x08001d7c        0x8 ./simplicity_sdk_2024.6.0/platform/Device/SiliconLabs/EFR32FG23/Source/system_efr32fg23.o
                0x08001d7c                SystemMaxCoreClockGet
 .text.SystemHFXOClockGet
                0x08001d84        0xc ./simplicity_sdk_2024.6.0/platform/Device/SiliconLabs/EFR32FG23/Source/system_efr32fg23.o
                0x08001d84                SystemHFXOClockGet
 .text.SystemHFXOClockSet
                0x08001d90       0x20 ./simplicity_sdk_2024.6.0/platform/Device/SiliconLabs/EFR32FG23/Source/system_efr32fg23.o
                0x08001d90                SystemHFXOClockSet
 .text.SystemFSRCOClockGet
                0x08001db0        0x8 ./simplicity_sdk_2024.6.0/platform/Device/SiliconLabs/EFR32FG23/Source/system_efr32fg23.o
                0x08001db0                SystemFSRCOClockGet
 .text.SystemHFRCOEM23ClockGet
                0x08001db8       0x84 ./simplicity_sdk_2024.6.0/platform/Device/SiliconLabs/EFR32FG23/Source/system_efr32fg23.o
                0x08001db8                SystemHFRCOEM23ClockGet
 .text.SystemLFXOClockGet
                0x08001e3c        0xc ./simplicity_sdk_2024.6.0/platform/Device/SiliconLabs/EFR32FG23/Source/system_efr32fg23.o
                0x08001e3c                SystemLFXOClockGet
 .text.sl_debug_swo_init
                0x08001e48       0xcc ./simplicity_sdk_2024.6.0/platform/driver/debug/src/sl_debug_swo.o
                0x08001e48                sl_debug_swo_init
 .text.sl_debug_swo_write_u8
                0x08001f14       0x44 ./simplicity_sdk_2024.6.0/platform/driver/debug/src/sl_debug_swo.o
                0x08001f14                sl_debug_swo_write_u8
 .text.I2CSPM_Init
                0x08001f58      0x148 ./simplicity_sdk_2024.6.0/platform/driver/i2cspm/src/sl_i2cspm.o
                0x08001f58                I2CSPM_Init
 .text.I2CSPM_Transfer
                0x080020a0       0x20 ./simplicity_sdk_2024.6.0/platform/driver/i2cspm/src/sl_i2cspm.o
                0x080020a0                I2CSPM_Transfer
 .text.StartTransfer
                0x080020c0      0x17c ./simplicity_sdk_2024.6.0/platform/emdrv/dmadrv/src/dmadrv.o
 .text.DMADRV_AllocateChannel
                0x0800223c       0x60 ./simplicity_sdk_2024.6.0/platform/emdrv/dmadrv/src/dmadrv.o
                0x0800223c                DMADRV_AllocateChannel
 .text.DMADRV_DeInit
                0x0800229c       0x44 ./simplicity_sdk_2024.6.0/platform/emdrv/dmadrv/src/dmadrv.o
                0x0800229c                DMADRV_DeInit
 .text.DMADRV_FreeChannel
                0x080022e0       0x4c ./simplicity_sdk_2024.6.0/platform/emdrv/dmadrv/src/dmadrv.o
                0x080022e0                DMADRV_FreeChannel
 .text.DMADRV_Init
                0x0800232c       0x68 ./simplicity_sdk_2024.6.0/platform/emdrv/dmadrv/src/dmadrv.o
                0x0800232c                DMADRV_Init
 .text.DMADRV_PauseTransfer
                0x08002394       0x40 ./simplicity_sdk_2024.6.0/platform/emdrv/dmadrv/src/dmadrv.o
                0x08002394                DMADRV_PauseTransfer
 .text.DMADRV_ResumeTransfer
                0x080023d4       0x40 ./simplicity_sdk_2024.6.0/platform/emdrv/dmadrv/src/dmadrv.o
                0x080023d4                DMADRV_ResumeTransfer
 .text.DMADRV_StopTransfer
                0x08002414       0x40 ./simplicity_sdk_2024.6.0/platform/emdrv/dmadrv/src/dmadrv.o
                0x08002414                DMADRV_StopTransfer
 .text.DMADRV_TransferCompletePending
                0x08002454       0x50 ./simplicity_sdk_2024.6.0/platform/emdrv/dmadrv/src/dmadrv.o
                0x08002454                DMADRV_TransferCompletePending
 .text.DMADRV_TransferDone
                0x080024a4       0x44 ./simplicity_sdk_2024.6.0/platform/emdrv/dmadrv/src/dmadrv.o
                0x080024a4                DMADRV_TransferDone
 .text.LDMA_IRQHandler
                0x080024e8       0x74 ./simplicity_sdk_2024.6.0/platform/emdrv/dmadrv/src/dmadrv.o
                0x080024e8                LDMA_IRQHandler
 .text.EMU_VScaleGet
                0x0800255c       0x18 ./simplicity_sdk_2024.6.0/platform/emlib/src/em_cmu.o
 .text.HFRCODPLLDevinfoGet
                0x08002574      0x108 ./simplicity_sdk_2024.6.0/platform/emlib/src/em_cmu.o
 .text.em01GrpaClkGet
                0x0800267c       0x74 ./simplicity_sdk_2024.6.0/platform/emlib/src/em_cmu.o
 .text.em01GrpcClkGet
                0x080026f0       0x70 ./simplicity_sdk_2024.6.0/platform/emlib/src/em_cmu.o
 .text.iadcClkGet
                0x08002760       0x60 ./simplicity_sdk_2024.6.0/platform/emlib/src/em_cmu.o
 .text.lesenseHFClkGet
                0x080027c0       0x48 ./simplicity_sdk_2024.6.0/platform/emlib/src/em_cmu.o
 .text.eusart0ClkGet
                0x08002808       0x74 ./simplicity_sdk_2024.6.0/platform/emlib/src/em_cmu.o
 .text.em23GrpaClkGet
                0x0800287c       0x48 ./simplicity_sdk_2024.6.0/platform/emlib/src/em_cmu.o
 .text.vdac0ClkGet
                0x080028c4       0x70 ./simplicity_sdk_2024.6.0/platform/emlib/src/em_cmu.o
 .text.pcnt0ClkGet
                0x08002934       0x4c ./simplicity_sdk_2024.6.0/platform/emlib/src/em_cmu.o
 .text.wdog0ClkGet
                0x08002980       0x64 ./simplicity_sdk_2024.6.0/platform/emlib/src/em_cmu.o
 .text.wdog1ClkGet
                0x080029e4       0x64 ./simplicity_sdk_2024.6.0/platform/emlib/src/em_cmu.o
 .text.sysrtcClkGet
                0x08002a48       0x48 ./simplicity_sdk_2024.6.0/platform/emlib/src/em_cmu.o
 .text.lcdClkGet
                0x08002a90       0x54 ./simplicity_sdk_2024.6.0/platform/emlib/src/em_cmu.o
 .text.em4GrpaClkGet
                0x08002ae4       0x48 ./simplicity_sdk_2024.6.0/platform/emlib/src/em_cmu.o
 .text.CMU_ClockDivGet
                0x08002b2c       0x84 ./simplicity_sdk_2024.6.0/platform/emlib/src/em_cmu.o
                0x08002b2c                CMU_ClockDivGet
 .text.flashWaitStateControl
                0x08002bb0       0x58 ./simplicity_sdk_2024.6.0/platform/emlib/src/em_cmu.o
 .text.CMU_ClockEnable
                0x08002c08       0x50 ./simplicity_sdk_2024.6.0/platform/emlib/src/em_cmu.o
                0x08002c08                CMU_ClockEnable
 .text.CMU_ClockFreqGet
                0x08002c58      0x274 ./simplicity_sdk_2024.6.0/platform/emlib/src/em_cmu.o
                0x08002c58                CMU_ClockFreqGet
 .text.rhclkPrescOptimize
                0x08002ecc       0x20 ./simplicity_sdk_2024.6.0/platform/emlib/src/em_cmu.o
 .text.CMU_ClockSelectGet
                0x08002eec      0x268 ./simplicity_sdk_2024.6.0/platform/emlib/src/em_cmu.o
                0x08002eec                CMU_ClockSelectGet
 .text.sli_em_cmu_SYSTICEXTCLKENClear
                0x08003154       0x30 ./simplicity_sdk_2024.6.0/platform/emlib/src/em_cmu.o
                0x08003154                sli_em_cmu_SYSTICEXTCLKENClear
 .text.CMU_HFXOInit
                0x08003184      0x238 ./simplicity_sdk_2024.6.0/platform/emlib/src/em_cmu.o
                0x08003184                CMU_HFXOInit
 .text.CMU_HFXOCTuneDeltaGet
                0x080033bc        0xc ./simplicity_sdk_2024.6.0/platform/emlib/src/em_cmu.o
                0x080033bc                CMU_HFXOCTuneDeltaGet
 .text.CMU_LFXOInit
                0x080033c8       0xc4 ./simplicity_sdk_2024.6.0/platform/emlib/src/em_cmu.o
                0x080033c8                CMU_LFXOInit
 .text.CMU_LFXOPrecisionSet
                0x0800348c        0xc ./simplicity_sdk_2024.6.0/platform/emlib/src/em_cmu.o
                0x0800348c                CMU_LFXOPrecisionSet
 .text.CMU_HFXOPrecisionSet
                0x08003498        0xc ./simplicity_sdk_2024.6.0/platform/emlib/src/em_cmu.o
                0x08003498                CMU_HFXOPrecisionSet
 .text.CMU_ClockDivSet
                0x080034a4      0x104 ./simplicity_sdk_2024.6.0/platform/emlib/src/em_cmu.o
                0x080034a4                CMU_ClockDivSet
 .text.sli_em_cmu_SYSCLKInitPreClockSelect
                0x080035a8       0x20 ./simplicity_sdk_2024.6.0/platform/emlib/src/em_cmu.o
                0x080035a8                sli_em_cmu_SYSCLKInitPreClockSelect
 .text.pclkDivOptimize
                0x080035c8       0x24 ./simplicity_sdk_2024.6.0/platform/emlib/src/em_cmu.o
 .text.CMU_HFRCODPLLBandSet
                0x080035ec      0x11c ./simplicity_sdk_2024.6.0/platform/emlib/src/em_cmu.o
                0x080035ec                CMU_HFRCODPLLBandSet
 .text.CMU_HFRCOEM23BandSet
                0x08003708      0x168 ./simplicity_sdk_2024.6.0/platform/emlib/src/em_cmu.o
                0x08003708                CMU_HFRCOEM23BandSet
 .text.EMU_DCDCSync
                0x08003870       0x10 ./simplicity_sdk_2024.6.0/platform/emlib/src/em_emu.o
 .text.EMU_EM4Init
                0x08003880       0x14 ./simplicity_sdk_2024.6.0/platform/emlib/src/em_emu.o
                0x08003880                EMU_EM4Init
 .text.EMU_VScaleEM01
                0x08003894       0xa8 ./simplicity_sdk_2024.6.0/platform/emlib/src/em_emu.o
                0x08003894                EMU_VScaleEM01
 .text.EMU_VScaleEM01ByClock
                0x0800393c       0x30 ./simplicity_sdk_2024.6.0/platform/emlib/src/em_emu.o
                0x0800393c                EMU_VScaleEM01ByClock
 .text.EMU_DCDCModeSet
                0x0800396c       0xac ./simplicity_sdk_2024.6.0/platform/emlib/src/em_emu.o
                0x0800396c                EMU_DCDCModeSet
 .text.EMU_DCDCInit
                0x08003a18       0x70 ./simplicity_sdk_2024.6.0/platform/emlib/src/em_emu.o
                0x08003a18                EMU_DCDCInit
 .text.EMU_DCDCSetPFMXModePeakCurrent
                0x08003a88       0x6c ./simplicity_sdk_2024.6.0/platform/emlib/src/em_emu.o
                0x08003a88                EMU_DCDCSetPFMXModePeakCurrent
 .text.GPIO_PinOutSet
                0x08003af4       0x3c ./simplicity_sdk_2024.6.0/platform/emlib/src/em_gpio.o
 .text.GPIO_PinOutClear
                0x08003b30       0x3c ./simplicity_sdk_2024.6.0/platform/emlib/src/em_gpio.o
 .text.GPIO_PinModeSet
                0x08003b6c       0x94 ./simplicity_sdk_2024.6.0/platform/emlib/src/em_gpio.o
                0x08003b6c                GPIO_PinModeSet
 .text.I2C_BusFreqGet
                0x08003c00       0x4c ./simplicity_sdk_2024.6.0/platform/emlib/src/em_i2c.o
                0x08003c00                I2C_BusFreqGet
 .text.I2C_BusFreqSet
                0x08003c4c      0x108 ./simplicity_sdk_2024.6.0/platform/emlib/src/em_i2c.o
                0x08003c4c                I2C_BusFreqSet
 .text.I2C_Enable
                0x08003d54       0x38 ./simplicity_sdk_2024.6.0/platform/emlib/src/em_i2c.o
                0x08003d54                I2C_Enable
 .text.I2C_Init
                0x08003d8c       0x64 ./simplicity_sdk_2024.6.0/platform/emlib/src/em_i2c.o
                0x08003d8c                I2C_Init
 .text.I2C_Transfer
                0x08003df0      0x23c ./simplicity_sdk_2024.6.0/platform/emlib/src/em_i2c.o
                0x08003df0                I2C_Transfer
 .text.I2C_TransferInit
                0x0800402c       0xbc ./simplicity_sdk_2024.6.0/platform/emlib/src/em_i2c.o
                0x0800402c                I2C_TransferInit
 .text.LDMA_DeInit
                0x080040e8       0x2c ./simplicity_sdk_2024.6.0/platform/emlib/src/em_ldma.o
                0x080040e8                LDMA_DeInit
 .text.LDMA_EnableChannelRequest
                0x08004114       0x40 ./simplicity_sdk_2024.6.0/platform/emlib/src/em_ldma.o
                0x08004114                LDMA_EnableChannelRequest
 .text.LDMA_Init
                0x08004154       0x90 ./simplicity_sdk_2024.6.0/platform/emlib/src/em_ldma.o
                0x08004154                LDMA_Init
 .text.LDMA_StartTransfer
                0x080041e4      0x10c ./simplicity_sdk_2024.6.0/platform/emlib/src/em_ldma.o
                0x080041e4                LDMA_StartTransfer
 .text.LDMA_StopTransfer
                0x080042f0       0x38 ./simplicity_sdk_2024.6.0/platform/emlib/src/em_ldma.o
                0x080042f0                LDMA_StopTransfer
 .text.LDMA_TransferDone
                0x08004328       0x44 ./simplicity_sdk_2024.6.0/platform/emlib/src/em_ldma.o
                0x08004328                LDMA_TransferDone
 .text.USART_BaudrateAsyncSet
                0x0800436c       0xe0 ./simplicity_sdk_2024.6.0/platform/emlib/src/em_usart.o
                0x0800436c                USART_BaudrateAsyncSet
 .text.USART_Enable
                0x0800444c       0x3c ./simplicity_sdk_2024.6.0/platform/emlib/src/em_usart.o
                0x0800444c                USART_Enable
 .text.USART_Reset
                0x08004488       0x58 ./simplicity_sdk_2024.6.0/platform/emlib/src/em_usart.o
                0x08004488                USART_Reset
 .text.USART_InitAsync
                0x080044e0       0xd4 ./simplicity_sdk_2024.6.0/platform/emlib/src/em_usart.o
                0x080044e0                USART_InitAsync
 .text.sl_hal_sysrtc_wait_sync
                0x080045b4       0x14 ./simplicity_sdk_2024.6.0/platform/peripheral/src/sl_hal_sysrtc.o
                0x080045b4                sl_hal_sysrtc_wait_sync
 .text.sl_hal_sysrtc_wait_ready
                0x080045c8       0x1c ./simplicity_sdk_2024.6.0/platform/peripheral/src/sl_hal_sysrtc.o
                0x080045c8                sl_hal_sysrtc_wait_ready
 .text.sl_hal_sysrtc_stop
                0x080045e4       0x14 ./simplicity_sdk_2024.6.0/platform/peripheral/src/sl_hal_sysrtc.o
                0x080045e4                sl_hal_sysrtc_stop
 .text.sl_hal_sysrtc_enable
                0x080045f8       0x18 ./simplicity_sdk_2024.6.0/platform/peripheral/src/sl_hal_sysrtc.o
                0x080045f8                sl_hal_sysrtc_enable
 .text.sl_hal_sysrtc_disable
                0x08004610       0x1c ./simplicity_sdk_2024.6.0/platform/peripheral/src/sl_hal_sysrtc.o
                0x08004610                sl_hal_sysrtc_disable
 .text.sl_hal_sysrtc_init
                0x0800462c       0x20 ./simplicity_sdk_2024.6.0/platform/peripheral/src/sl_hal_sysrtc.o
                0x0800462c                sl_hal_sysrtc_init
 .text.sl_hal_sysrtc_init_group
                0x0800464c       0x48 ./simplicity_sdk_2024.6.0/platform/peripheral/src/sl_hal_sysrtc.o
                0x0800464c                sl_hal_sysrtc_init_group
 .text.sl_hal_sysrtc_enable_group_interrupts
                0x08004694       0x1c ./simplicity_sdk_2024.6.0/platform/peripheral/src/sl_hal_sysrtc.o
                0x08004694                sl_hal_sysrtc_enable_group_interrupts
 .text.sl_hal_sysrtc_disable_group_interrupts
                0x080046b0       0x1c ./simplicity_sdk_2024.6.0/platform/peripheral/src/sl_hal_sysrtc.o
                0x080046b0                sl_hal_sysrtc_disable_group_interrupts
 .text.sl_hal_sysrtc_clear_group_interrupts
                0x080046cc       0x1c ./simplicity_sdk_2024.6.0/platform/peripheral/src/sl_hal_sysrtc.o
                0x080046cc                sl_hal_sysrtc_clear_group_interrupts
 .text.sl_hal_sysrtc_get_group_interrupts
                0x080046e8       0x20 ./simplicity_sdk_2024.6.0/platform/peripheral/src/sl_hal_sysrtc.o
                0x080046e8                sl_hal_sysrtc_get_group_interrupts
 .text.sl_hal_sysrtc_get_group_compare_channel_value
                0x08004708       0x30 ./simplicity_sdk_2024.6.0/platform/peripheral/src/sl_hal_sysrtc.o
                0x08004708                sl_hal_sysrtc_get_group_compare_channel_value
 .text.sl_hal_sysrtc_set_group_compare_channel_value
                0x08004738       0x28 ./simplicity_sdk_2024.6.0/platform/peripheral/src/sl_hal_sysrtc.o
                0x08004738                sl_hal_sysrtc_set_group_compare_channel_value
 .text.sli_clock_manager_hal_enable_bus_clock
                0x08004760       0x54 ./simplicity_sdk_2024.6.0/platform/service/clock_manager/src/sl_clock_manager_hal_s2.o
                0x08004760                sli_clock_manager_hal_enable_bus_clock
 .text.sli_clock_manager_hal_init
                0x080047b4      0x1fc ./simplicity_sdk_2024.6.0/platform/service/clock_manager/src/sl_clock_manager_init_hal_s2.o
                0x080047b4                sli_clock_manager_hal_init
 .text.sl_device_init_dcdc
                0x080049b0       0x2c ./simplicity_sdk_2024.6.0/platform/service/device_init/src/sl_device_init_dcdc_s2.o
                0x080049b0                sl_device_init_dcdc
 .text.sl_device_init_emu
                0x080049dc       0x24 ./simplicity_sdk_2024.6.0/platform/service/device_init/src/sl_device_init_emu_s2.o
                0x080049dc                sl_device_init_emu
 .text.sl_interrupt_manager_disable_irq
                0x08004a00       0x3c ./simplicity_sdk_2024.6.0/platform/service/interrupt_manager/src/sl_interrupt_manager_cortexm.o
                0x08004a00                sl_interrupt_manager_disable_irq
 .text.sl_interrupt_manager_enable_irq
                0x08004a3c       0x34 ./simplicity_sdk_2024.6.0/platform/service/interrupt_manager/src/sl_interrupt_manager_cortexm.o
                0x08004a3c                sl_interrupt_manager_enable_irq
 .text.sl_interrupt_manager_clear_irq_pending
                0x08004a70       0x1c ./simplicity_sdk_2024.6.0/platform/service/interrupt_manager/src/sl_interrupt_manager_cortexm.o
                0x08004a70                sl_interrupt_manager_clear_irq_pending
 .text.sl_interrupt_manager_set_irq_priority
                0x08004a8c       0x50 ./simplicity_sdk_2024.6.0/platform/service/interrupt_manager/src/sl_interrupt_manager_cortexm.o
                0x08004a8c                sl_interrupt_manager_set_irq_priority
 .text.sl_iostream_get_default
                0x08004adc       0x58 ./simplicity_sdk_2024.6.0/platform/service/iostream/src/sl_iostream.o
                0x08004adc                sl_iostream_get_default
 .text.sl_iostream_set_system_default
                0x08004b34       0x18 ./simplicity_sdk_2024.6.0/platform/service/iostream/src/sl_iostream.o
                0x08004b34                sl_iostream_set_system_default
 .text._write   0x08004b4c       0x20 ./simplicity_sdk_2024.6.0/platform/service/iostream/src/sl_iostream_retarget_stdio.o
                0x08004b4c                _write
 .text.sl_iostream_stdlib_disable_buffering
                0x08004b6c       0x14 ./simplicity_sdk_2024.6.0/platform/service/iostream/src/sl_iostream_stdlib_config.o
                0x08004b6c                sl_iostream_stdlib_disable_buffering
 .text.get_write_ptr
                0x08004b80       0x40 ./simplicity_sdk_2024.6.0/platform/service/iostream/src/sl_iostream_uart.o
 .text.dma_irq_handler
                0x08004bc0       0x74 ./simplicity_sdk_2024.6.0/platform/service/iostream/src/sl_iostream_uart.o
 .text.set_read_block
                0x08004c34       0x98 ./simplicity_sdk_2024.6.0/platform/service/iostream/src/sl_iostream_uart.o
 .text.uart_deinit
                0x08004ccc       0xec ./simplicity_sdk_2024.6.0/platform/service/iostream/src/sl_iostream_uart.o
 .text.uart_read
                0x08004db8      0x284 ./simplicity_sdk_2024.6.0/platform/service/iostream/src/sl_iostream_uart.o
 .text.uart_write
                0x0800503c       0xfc ./simplicity_sdk_2024.6.0/platform/service/iostream/src/sl_iostream_uart.o
 .text.sli_iostream_uart_context_init
                0x08005138      0x17c ./simplicity_sdk_2024.6.0/platform/service/iostream/src/sl_iostream_uart.o
                0x08005138                sli_iostream_uart_context_init
 .text.sl_iostream_usart_init
                0x080052b4      0x178 ./simplicity_sdk_2024.6.0/platform/service/iostream/src/sl_iostream_usart.o
                0x080052b4                sl_iostream_usart_init
 .text.sl_iostream_usart_irq_handler
                0x0800542c       0xa0 ./simplicity_sdk_2024.6.0/platform/service/iostream/src/sl_iostream_usart.o
                0x0800542c                sl_iostream_usart_irq_handler
 .text.sl_memory_init
                0x080054cc       0x50 ./simplicity_sdk_2024.6.0/platform/service/memory_manager/src/sl_memory_manager.o
                0x080054cc                sl_memory_init
 .text.sl_memory_alloc_advanced
                0x0800551c      0x228 ./simplicity_sdk_2024.6.0/platform/service/memory_manager/src/sl_memory_manager.o
                0x0800551c                sl_memory_alloc_advanced
 .text.sl_memory_free
                0x08005744      0x18c ./simplicity_sdk_2024.6.0/platform/service/memory_manager/src/sl_memory_manager.o
                0x08005744                sl_memory_free
 .text.sl_memory_realloc
                0x080058d0      0x294 ./simplicity_sdk_2024.6.0/platform/service/memory_manager/src/sl_memory_manager.o
                0x080058d0                sl_memory_realloc
 .text.sl_memory_get_heap_region
                0x08005b64       0x14 ./simplicity_sdk_2024.6.0/platform/service/memory_manager/src/sl_memory_manager_region.o
                0x08005b64                sl_memory_get_heap_region
 .text.sli_memory_find_free_block
                0x08005b78       0x90 ./simplicity_sdk_2024.6.0/platform/service/memory_manager/src/sli_memory_manager_common.o
                0x08005b78                sli_memory_find_free_block
 .text.sli_memory_find_head_free_block
                0x08005c08       0x9c ./simplicity_sdk_2024.6.0/platform/service/memory_manager/src/sli_memory_manager_common.o
                0x08005c08                sli_memory_find_head_free_block
 .text.delta_list_insert_timer
                0x08005ca4       0x40 ./simplicity_sdk_2024.6.0/platform/service/sleeptimer/src/sl_sleeptimer.o
 .text.update_delta_list
                0x08005ce4       0x34 ./simplicity_sdk_2024.6.0/platform/service/sleeptimer/src/sl_sleeptimer.o
 .text.set_comparator_for_next_timer
                0x08005d18       0x5c ./simplicity_sdk_2024.6.0/platform/service/sleeptimer/src/sl_sleeptimer.o
 .text.delta_list_remove_timer
                0x08005d74       0x38 ./simplicity_sdk_2024.6.0/platform/service/sleeptimer/src/sl_sleeptimer.o
 .text.sl_sleeptimer_init
                0x08005dac       0x74 ./simplicity_sdk_2024.6.0/platform/service/sleeptimer/src/sl_sleeptimer.o
                0x08005dac                sl_sleeptimer_init
 .text.process_timer_irq
                0x08005e20      0x150 ./simplicity_sdk_2024.6.0/platform/service/sleeptimer/src/sl_sleeptimer.o
                0x08005e20                process_timer_irq
 .text.sleeptimer_hal_init_timer
                0x08005f70       0x68 ./simplicity_sdk_2024.6.0/platform/service/sleeptimer/src/sl_sleeptimer_hal_sysrtc.o
                0x08005f70                sleeptimer_hal_init_timer
 .text.sleeptimer_hal_get_counter
                0x08005fd8       0x10 ./simplicity_sdk_2024.6.0/platform/service/sleeptimer/src/sl_sleeptimer_hal_sysrtc.o
                0x08005fd8                sleeptimer_hal_get_counter
 .text.sleeptimer_hal_set_compare
                0x08005fe8       0x70 ./simplicity_sdk_2024.6.0/platform/service/sleeptimer/src/sl_sleeptimer_hal_sysrtc.o
                0x08005fe8                sleeptimer_hal_set_compare
 .text.sleeptimer_hal_disable_int
                0x08006058       0x2c ./simplicity_sdk_2024.6.0/platform/service/sleeptimer/src/sl_sleeptimer_hal_sysrtc.o
                0x08006058                sleeptimer_hal_disable_int
 .text.sleeptimer_hal_set_int
                0x08006084       0x10 ./simplicity_sdk_2024.6.0/platform/service/sleeptimer/src/sl_sleeptimer_hal_sysrtc.o
                0x08006084                sleeptimer_hal_set_int
 .text.sleeptimer_hal_get_timer_frequency
                0x08006094       0x18 ./simplicity_sdk_2024.6.0/platform/service/sleeptimer/src/sl_sleeptimer_hal_sysrtc.o
                0x08006094                sleeptimer_hal_get_timer_frequency
 .text.sl_udelay_wait
                0x080060ac       0x58 ./simplicity_sdk_2024.6.0/platform/service/udelay/src/sl_udelay.o
                0x080060ac                sl_udelay_wait
 .text.osKernelInitialize
                0x08006104       0x34 ./simplicity_sdk_2024.6.0/util/third_party/freertos/cmsis/Source/cmsis_os2.o
                0x08006104                osKernelInitialize
 .text.osKernelGetState
                0x08006138       0x20 ./simplicity_sdk_2024.6.0/util/third_party/freertos/cmsis/Source/cmsis_os2.o
                0x08006138                osKernelGetState
 .text.osKernelStart
                0x08006158       0x48 ./simplicity_sdk_2024.6.0/util/third_party/freertos/cmsis/Source/cmsis_os2.o
                0x08006158                osKernelStart
 .text.osMutexNew
                0x080061a0       0x94 ./simplicity_sdk_2024.6.0/util/third_party/freertos/cmsis/Source/cmsis_os2.o
                0x080061a0                osMutexNew
 .text.osMutexAcquire
                0x08006234       0x60 ./simplicity_sdk_2024.6.0/util/third_party/freertos/cmsis/Source/cmsis_os2.o
                0x08006234                osMutexAcquire
 .text.osMutexRelease
                0x08006294       0x58 ./simplicity_sdk_2024.6.0/util/third_party/freertos/cmsis/Source/cmsis_os2.o
                0x08006294                osMutexRelease
 .text.osMutexDelete
                0x080062ec       0x48 ./simplicity_sdk_2024.6.0/util/third_party/freertos/cmsis/Source/cmsis_os2.o
                0x080062ec                osMutexDelete
 .text.osSemaphoreNew
                0x08006334       0xb0 ./simplicity_sdk_2024.6.0/util/third_party/freertos/cmsis/Source/cmsis_os2.o
                0x08006334                osSemaphoreNew
 .text.osSemaphoreAcquire
                0x080063e4       0x6c ./simplicity_sdk_2024.6.0/util/third_party/freertos/cmsis/Source/cmsis_os2.o
                0x080063e4                osSemaphoreAcquire
 .text.osSemaphoreRelease
                0x08006450       0x64 ./simplicity_sdk_2024.6.0/util/third_party/freertos/cmsis/Source/cmsis_os2.o
                0x08006450                osSemaphoreRelease
 .text.osSemaphoreGetCount
                0x080064b4       0x30 ./simplicity_sdk_2024.6.0/util/third_party/freertos/cmsis/Source/cmsis_os2.o
                0x080064b4                osSemaphoreGetCount
 .text.osSemaphoreDelete
                0x080064e4       0x40 ./simplicity_sdk_2024.6.0/util/third_party/freertos/cmsis/Source/cmsis_os2.o
                0x080064e4                osSemaphoreDelete
 .text.vApplicationStackOverflowHook
                0x08006524       0x10 ./simplicity_sdk_2024.6.0/util/third_party/freertos/cmsis/Source/cmsis_os2.o
                0x08006524                vApplicationStackOverflowHook
 .text.vApplicationGetIdleTaskMemory
                0x08006534       0x18 ./simplicity_sdk_2024.6.0/util/third_party/freertos/cmsis/Source/cmsis_os2.o
                0x08006534                vApplicationGetIdleTaskMemory
 .text.vApplicationGetTimerTaskMemory
                0x0800654c       0x18 ./simplicity_sdk_2024.6.0/util/third_party/freertos/cmsis/Source/cmsis_os2.o
                0x0800654c                vApplicationGetTimerTaskMemory
 .text.xQueueGenericReset
                0x08006564       0x6c ./simplicity_sdk_2024.6.0/util/third_party/freertos/kernel/queue.o
                0x08006564                xQueueGenericReset
 .text.xQueueGenericCreateStatic
                0x080065d0       0x7c ./simplicity_sdk_2024.6.0/util/third_party/freertos/kernel/queue.o
                0x080065d0                xQueueGenericCreateStatic
 .text.xQueueGenericCreate
                0x0800664c       0x78 ./simplicity_sdk_2024.6.0/util/third_party/freertos/kernel/queue.o
                0x0800664c                xQueueGenericCreate
 .text.xQueueCreateCountingSemaphoreStatic
                0x080066c4       0x40 ./simplicity_sdk_2024.6.0/util/third_party/freertos/kernel/queue.o
                0x080066c4                xQueueCreateCountingSemaphoreStatic
 .text.xQueueCreateCountingSemaphore
                0x08006704       0x34 ./simplicity_sdk_2024.6.0/util/third_party/freertos/kernel/queue.o
                0x08006704                xQueueCreateCountingSemaphore
 .text.xQueueGenericSend
                0x08006738      0x13c ./simplicity_sdk_2024.6.0/util/third_party/freertos/kernel/queue.o
                0x08006738                xQueueGenericSend
 .text.xQueueGiveMutexRecursive
                0x08006874       0x3c ./simplicity_sdk_2024.6.0/util/third_party/freertos/kernel/queue.o
                0x08006874                xQueueGiveMutexRecursive
 .text.xQueueGenericSendFromISR
                0x080068b0       0xb0 ./simplicity_sdk_2024.6.0/util/third_party/freertos/kernel/queue.o
                0x080068b0                xQueueGenericSendFromISR
 .text.xQueueGiveFromISR
                0x08006960       0x90 ./simplicity_sdk_2024.6.0/util/third_party/freertos/kernel/queue.o
                0x08006960                xQueueGiveFromISR
 .text.xQueueReceive
                0x080069f0      0x108 ./simplicity_sdk_2024.6.0/util/third_party/freertos/kernel/queue.o
                0x080069f0                xQueueReceive
 .text.xQueueSemaphoreTake
                0x08006af8      0x13c ./simplicity_sdk_2024.6.0/util/third_party/freertos/kernel/queue.o
                0x08006af8                xQueueSemaphoreTake
 .text.xQueueTakeMutexRecursive
                0x08006c34       0x40 ./simplicity_sdk_2024.6.0/util/third_party/freertos/kernel/queue.o
                0x08006c34                xQueueTakeMutexRecursive
 .text.xQueueReceiveFromISR
                0x08006c74       0x90 ./simplicity_sdk_2024.6.0/util/third_party/freertos/kernel/queue.o
                0x08006c74                xQueueReceiveFromISR
 .text.uxQueueMessagesWaiting
                0x08006d04       0x24 ./simplicity_sdk_2024.6.0/util/third_party/freertos/kernel/queue.o
                0x08006d04                uxQueueMessagesWaiting
 .text.uxQueueMessagesWaitingFromISR
                0x08006d28       0x18 ./simplicity_sdk_2024.6.0/util/third_party/freertos/kernel/queue.o
                0x08006d28                uxQueueMessagesWaitingFromISR
 .text.vQueueAddToRegistry
                0x08006d40       0x24 ./simplicity_sdk_2024.6.0/util/third_party/freertos/kernel/queue.o
                0x08006d40                vQueueAddToRegistry
 .text.vQueueUnregisterQueue
                0x08006d64       0x30 ./simplicity_sdk_2024.6.0/util/third_party/freertos/kernel/queue.o
                0x08006d64                vQueueUnregisterQueue
 .text.vQueueDelete
                0x08006d94       0x2c ./simplicity_sdk_2024.6.0/util/third_party/freertos/kernel/queue.o
                0x08006d94                vQueueDelete
 .text.prvAddNewTaskToReadyList
                0x08006dc0       0xf4 ./simplicity_sdk_2024.6.0/util/third_party/freertos/kernel/tasks.o
 .text.prvAddCurrentTaskToDelayedList
                0x08006eb4       0x70 ./simplicity_sdk_2024.6.0/util/third_party/freertos/kernel/tasks.o
 .text.prvResetNextTaskUnblockTime
                0x08006f24       0x24 ./simplicity_sdk_2024.6.0/util/third_party/freertos/kernel/tasks.o
 .text.prvDeleteTCB
                0x08006f48       0x38 ./simplicity_sdk_2024.6.0/util/third_party/freertos/kernel/tasks.o
 .text.prvIdleTask
                0x08006f80       0x50 ./simplicity_sdk_2024.6.0/util/third_party/freertos/kernel/tasks.o
 .text.xTaskCreateStatic
                0x08006fd0       0x9c ./simplicity_sdk_2024.6.0/util/third_party/freertos/kernel/tasks.o
                0x08006fd0                xTaskCreateStatic
 .text.vTaskDelete
                0x0800706c       0xa0 ./simplicity_sdk_2024.6.0/util/third_party/freertos/kernel/tasks.o
                0x0800706c                vTaskDelete
 .text.vTaskStartScheduler
                0x0800710c       0x84 ./simplicity_sdk_2024.6.0/util/third_party/freertos/kernel/tasks.o
                0x0800710c                vTaskStartScheduler
 .text.vTaskSuspendAll
                0x08007190       0x10 ./simplicity_sdk_2024.6.0/util/third_party/freertos/kernel/tasks.o
                0x08007190                vTaskSuspendAll
 .text.xTaskGetTickCount
                0x080071a0        0xc ./simplicity_sdk_2024.6.0/util/third_party/freertos/kernel/tasks.o
                0x080071a0                xTaskGetTickCount
 .text.xTaskIncrementTick
                0x080071ac      0x128 ./simplicity_sdk_2024.6.0/util/third_party/freertos/kernel/tasks.o
                0x080071ac                xTaskIncrementTick
 .text.xTaskResumeAll
                0x080072d4       0xd4 ./simplicity_sdk_2024.6.0/util/third_party/freertos/kernel/tasks.o
                0x080072d4                xTaskResumeAll
 .text.vTaskDelay
                0x080073a8       0x3c ./simplicity_sdk_2024.6.0/util/third_party/freertos/kernel/tasks.o
                0x080073a8                vTaskDelay
 .text.vTaskSwitchContext
                0x080073e4       0xa8 ./simplicity_sdk_2024.6.0/util/third_party/freertos/kernel/tasks.o
                0x080073e4                vTaskSwitchContext
 .text.vTaskPlaceOnEventList
                0x0800748c       0x34 ./simplicity_sdk_2024.6.0/util/third_party/freertos/kernel/tasks.o
                0x0800748c                vTaskPlaceOnEventList
 .text.vTaskPlaceOnEventListRestricted
                0x080074c0       0x40 ./simplicity_sdk_2024.6.0/util/third_party/freertos/kernel/tasks.o
                0x080074c0                vTaskPlaceOnEventListRestricted
 .text.xTaskRemoveFromEventList
                0x08007500       0x7c ./simplicity_sdk_2024.6.0/util/third_party/freertos/kernel/tasks.o
                0x08007500                xTaskRemoveFromEventList
 .text.vTaskInternalSetTimeOutState
                0x0800757c       0x18 ./simplicity_sdk_2024.6.0/util/third_party/freertos/kernel/tasks.o
                0x0800757c                vTaskInternalSetTimeOutState
 .text.xTaskCheckForTimeOut
                0x08007594       0x6c ./simplicity_sdk_2024.6.0/util/third_party/freertos/kernel/tasks.o
                0x08007594                xTaskCheckForTimeOut
 .text.vTaskMissedYield
                0x08007600        0xc ./simplicity_sdk_2024.6.0/util/third_party/freertos/kernel/tasks.o
                0x08007600                vTaskMissedYield
 .text.pvTaskGetThreadLocalStoragePointer
                0x0800760c       0x1c ./simplicity_sdk_2024.6.0/util/third_party/freertos/kernel/tasks.o
                0x0800760c                pvTaskGetThreadLocalStoragePointer
 .text.xTaskGetCurrentTaskHandle
                0x08007628        0xc ./simplicity_sdk_2024.6.0/util/third_party/freertos/kernel/tasks.o
                0x08007628                xTaskGetCurrentTaskHandle
 .text.xTaskGetSchedulerState
                0x08007634       0x20 ./simplicity_sdk_2024.6.0/util/third_party/freertos/kernel/tasks.o
                0x08007634                xTaskGetSchedulerState
 .text.xTaskPriorityInherit
                0x08007654       0x7c ./simplicity_sdk_2024.6.0/util/third_party/freertos/kernel/tasks.o
                0x08007654                xTaskPriorityInherit
 .text.xTaskPriorityDisinherit
                0x080076d0       0x7c ./simplicity_sdk_2024.6.0/util/third_party/freertos/kernel/tasks.o
                0x080076d0                xTaskPriorityDisinherit
 .text.vTaskPriorityDisinheritAfterTimeout
                0x0800774c       0x94 ./simplicity_sdk_2024.6.0/util/third_party/freertos/kernel/tasks.o
                0x0800774c                vTaskPriorityDisinheritAfterTimeout
 .text.pvTaskIncrementMutexHeldCount
                0x080077e0       0x18 ./simplicity_sdk_2024.6.0/util/third_party/freertos/kernel/tasks.o
                0x080077e0                pvTaskIncrementMutexHeldCount
 .text.prvInsertTimerInActiveList
                0x080077f8       0x3c ./simplicity_sdk_2024.6.0/util/third_party/freertos/kernel/timers.o
 .text.prvCheckForValidListAndQueue
                0x08007834       0x68 ./simplicity_sdk_2024.6.0/util/third_party/freertos/kernel/timers.o
 .text.xTimerCreateTimerTask
                0x0800789c       0x64 ./simplicity_sdk_2024.6.0/util/third_party/freertos/kernel/timers.o
                0x0800789c                xTimerCreateTimerTask
 .text.xTimerGenericCommand
                0x08007900       0x5c ./simplicity_sdk_2024.6.0/util/third_party/freertos/kernel/timers.o
                0x08007900                xTimerGenericCommand
 .text.prvSampleTimeNow
                0x0800795c       0xa0 ./simplicity_sdk_2024.6.0/util/third_party/freertos/kernel/timers.o
 .text.prvTimerTask
                0x080079fc      0x1bc ./simplicity_sdk_2024.6.0/util/third_party/freertos/kernel/timers.o
 .text.prvTaskExitError
                0x08007bb8       0x30 ./simplicity_sdk_2024.6.0/util/third_party/freertos/kernel/portable/GCC/ARM_CM33_NTZ/non_secure/port.o
 .text.vPortSetupTimerInterrupt
                0x08007be8       0x24 ./simplicity_sdk_2024.6.0/util/third_party/freertos/kernel/portable/GCC/ARM_CM33_NTZ/non_secure/port.o
                0x08007be8                vPortSetupTimerInterrupt
 .text.vPortEnterCritical
                0x08007c0c       0x1c ./simplicity_sdk_2024.6.0/util/third_party/freertos/kernel/portable/GCC/ARM_CM33_NTZ/non_secure/port.o
                0x08007c0c                vPortEnterCritical
 .text.vPortExitCritical
                0x08007c28       0x30 ./simplicity_sdk_2024.6.0/util/third_party/freertos/kernel/portable/GCC/ARM_CM33_NTZ/non_secure/port.o
                0x08007c28                vPortExitCritical
 .text.vPortSVCHandler_C
                0x08007c58       0x38 ./simplicity_sdk_2024.6.0/util/third_party/freertos/kernel/portable/GCC/ARM_CM33_NTZ/non_secure/port.o
                0x08007c58                vPortSVCHandler_C
 .text.pxPortInitialiseStack
                0x08007c90       0x70 ./simplicity_sdk_2024.6.0/util/third_party/freertos/kernel/portable/GCC/ARM_CM33_NTZ/non_secure/port.o
                0x08007c90                pxPortInitialiseStack
 .text.xPortStartScheduler
                0x08007d00       0x3c ./simplicity_sdk_2024.6.0/util/third_party/freertos/kernel/portable/GCC/ARM_CM33_NTZ/non_secure/port.o
                0x08007d00                xPortStartScheduler
 .text          0x08007d3c       0x30 c:/siliconlabs/simplicitystudio/v5/developer/toolchains/gnu_arm/12.2.rel1_2023.7/bin/../lib/gcc/arm-none-eabi/12.2.1/thumb/v8-m.main+fp/hard\libgcc.a(_aeabi_uldivmod.o)
                0x08007d3c                __aeabi_uldivmod
 .text.__udivmoddi4
                0x08007d6c      0x2ec c:/siliconlabs/simplicitystudio/v5/developer/toolchains/gnu_arm/12.2.rel1_2023.7/bin/../lib/gcc/arm-none-eabi/12.2.1/thumb/v8-m.main+fp/hard\libgcc.a(_udivmoddi4.o)
                0x08007d6c                __udivmoddi4
 .text          0x08008058        0x4 c:/siliconlabs/simplicitystudio/v5/developer/toolchains/gnu_arm/12.2.rel1_2023.7/bin/../lib/gcc/arm-none-eabi/12.2.1/thumb/v8-m.main+fp/hard\libgcc.a(_dvmd_tls.o)
                0x08008058                __aeabi_idiv0
                0x08008058                __aeabi_ldiv0
 .text.calloc   0x0800805c       0x10 c:/siliconlabs/simplicitystudio/v5/developer/toolchains/gnu_arm/12.2.rel1_2023.7/bin/../lib/gcc/arm-none-eabi/12.2.1/thumb/v8-m.main+fp/hard\libc_nano.a(libc_a-calloc.o)
                0x0800805c                calloc
 .text.exit     0x0800806c       0x24 c:/siliconlabs/simplicitystudio/v5/developer/toolchains/gnu_arm/12.2.rel1_2023.7/bin/../lib/gcc/arm-none-eabi/12.2.1/thumb/v8-m.main+fp/hard\libc_nano.a(libc_a-exit.o)
                0x0800806c                exit
 .text.malloc   0x08008090       0x10 c:/siliconlabs/simplicitystudio/v5/developer/toolchains/gnu_arm/12.2.rel1_2023.7/bin/../lib/gcc/arm-none-eabi/12.2.1/thumb/v8-m.main+fp/hard\libc_nano.a(libc_a-malloc.o)
                0x08008090                malloc
 .text.free     0x080080a0       0x10 c:/siliconlabs/simplicitystudio/v5/developer/toolchains/gnu_arm/12.2.rel1_2023.7/bin/../lib/gcc/arm-none-eabi/12.2.1/thumb/v8-m.main+fp/hard\libc_nano.a(libc_a-malloc.o)
                0x080080a0                free
 .text.std      0x080080b0       0x6c c:/siliconlabs/simplicitystudio/v5/developer/toolchains/gnu_arm/12.2.rel1_2023.7/bin/../lib/gcc/arm-none-eabi/12.2.1/thumb/v8-m.main+fp/hard\libc_nano.a(libc_a-findfp.o)
 .text.stdio_exit_handler
                0x0800811c       0x18 c:/siliconlabs/simplicitystudio/v5/developer/toolchains/gnu_arm/12.2.rel1_2023.7/bin/../lib/gcc/arm-none-eabi/12.2.1/thumb/v8-m.main+fp/hard\libc_nano.a(libc_a-findfp.o)
 .text.cleanup_stdio
                0x08008134       0x40 c:/siliconlabs/simplicitystudio/v5/developer/toolchains/gnu_arm/12.2.rel1_2023.7/bin/../lib/gcc/arm-none-eabi/12.2.1/thumb/v8-m.main+fp/hard\libc_nano.a(libc_a-findfp.o)
 .text.global_stdio_init.part.0
                0x08008174       0x3c c:/siliconlabs/simplicitystudio/v5/developer/toolchains/gnu_arm/12.2.rel1_2023.7/bin/../lib/gcc/arm-none-eabi/12.2.1/thumb/v8-m.main+fp/hard\libc_nano.a(libc_a-findfp.o)
 .text.__sfp_lock_acquire
                0x080081b0        0xc c:/siliconlabs/simplicitystudio/v5/developer/toolchains/gnu_arm/12.2.rel1_2023.7/bin/../lib/gcc/arm-none-eabi/12.2.1/thumb/v8-m.main+fp/hard\libc_nano.a(libc_a-findfp.o)
                0x080081b0                __sfp_lock_acquire
 .text.__sfp_lock_release
                0x080081bc        0xc c:/siliconlabs/simplicitystudio/v5/developer/toolchains/gnu_arm/12.2.rel1_2023.7/bin/../lib/gcc/arm-none-eabi/12.2.1/thumb/v8-m.main+fp/hard\libc_nano.a(libc_a-findfp.o)
                0x080081bc                __sfp_lock_release
 .text.__sinit  0x080081c8       0x30 c:/siliconlabs/simplicitystudio/v5/developer/toolchains/gnu_arm/12.2.rel1_2023.7/bin/../lib/gcc/arm-none-eabi/12.2.1/thumb/v8-m.main+fp/hard\libc_nano.a(libc_a-findfp.o)
                0x080081c8                __sinit
 .text.printf   0x080081f8       0x24 c:/siliconlabs/simplicitystudio/v5/developer/toolchains/gnu_arm/12.2.rel1_2023.7/bin/../lib/gcc/arm-none-eabi/12.2.1/thumb/v8-m.main+fp/hard\libc_nano.a(libc_a-printf.o)
                0x080081f8                iprintf
                0x080081f8                printf
 .text.setvbuf  0x0800821c      0x168 c:/siliconlabs/simplicitystudio/v5/developer/toolchains/gnu_arm/12.2.rel1_2023.7/bin/../lib/gcc/arm-none-eabi/12.2.1/thumb/v8-m.main+fp/hard\libc_nano.a(libc_a-setvbuf.o)
                0x0800821c                setvbuf
 .text.sprintf  0x08008384       0x40 c:/siliconlabs/simplicitystudio/v5/developer/toolchains/gnu_arm/12.2.rel1_2023.7/bin/../lib/gcc/arm-none-eabi/12.2.1/thumb/v8-m.main+fp/hard\libc_nano.a(libc_a-sprintf.o)
                0x08008384                siprintf
                0x08008384                sprintf
 .text._close_r
                0x080083c4       0x20 c:/siliconlabs/simplicitystudio/v5/developer/toolchains/gnu_arm/12.2.rel1_2023.7/bin/../lib/gcc/arm-none-eabi/12.2.1/thumb/v8-m.main+fp/hard\libc_nano.a(libc_a-closer.o)
                0x080083c4                _close_r
 .text._lseek_r
                0x080083e4       0x24 c:/siliconlabs/simplicitystudio/v5/developer/toolchains/gnu_arm/12.2.rel1_2023.7/bin/../lib/gcc/arm-none-eabi/12.2.1/thumb/v8-m.main+fp/hard\libc_nano.a(libc_a-lseekr.o)
                0x080083e4                _lseek_r
 .text._read_r  0x08008408       0x24 c:/siliconlabs/simplicitystudio/v5/developer/toolchains/gnu_arm/12.2.rel1_2023.7/bin/../lib/gcc/arm-none-eabi/12.2.1/thumb/v8-m.main+fp/hard\libc_nano.a(libc_a-readr.o)
                0x08008408                _read_r
 .text._write_r
                0x0800842c       0x24 c:/siliconlabs/simplicitystudio/v5/developer/toolchains/gnu_arm/12.2.rel1_2023.7/bin/../lib/gcc/arm-none-eabi/12.2.1/thumb/v8-m.main+fp/hard\libc_nano.a(libc_a-writer.o)
                0x0800842c                _write_r
 .text.__libc_init_array
                0x08008450       0x48 c:/siliconlabs/simplicitystudio/v5/developer/toolchains/gnu_arm/12.2.rel1_2023.7/bin/../lib/gcc/arm-none-eabi/12.2.1/thumb/v8-m.main+fp/hard\libc_nano.a(libc_a-init.o)
                0x08008450                __libc_init_array
 .text._svfprintf_r
                0x08008498      0x1f8 c:/siliconlabs/simplicitystudio/v5/developer/toolchains/gnu_arm/12.2.rel1_2023.7/bin/../lib/gcc/arm-none-eabi/12.2.1/thumb/v8-m.main+fp/hard\libc_nano.a(libc_a-nano-svfprintf.o)
                0x08008498                _svfiprintf_r
                0x08008498                _svfprintf_r
 .text._vfprintf_r
                0x08008690      0x230 c:/siliconlabs/simplicitystudio/v5/developer/toolchains/gnu_arm/12.2.rel1_2023.7/bin/../lib/gcc/arm-none-eabi/12.2.1/thumb/v8-m.main+fp/hard\libc_nano.a(libc_a-nano-vfprintf.o)
                0x08008690                _vfprintf_r
                0x08008690                _vfiprintf_r
 .text._printf_i
                0x080088c0      0x258 c:/siliconlabs/simplicitystudio/v5/developer/toolchains/gnu_arm/12.2.rel1_2023.7/bin/../lib/gcc/arm-none-eabi/12.2.1/thumb/v8-m.main+fp/hard\libc_nano.a(libc_a-nano-vfprintf_i.o)
                0x080088c0                _printf_i
 .text.__swsetup_r
                0x08008b18       0xac c:/siliconlabs/simplicitystudio/v5/developer/toolchains/gnu_arm/12.2.rel1_2023.7/bin/../lib/gcc/arm-none-eabi/12.2.1/thumb/v8-m.main+fp/hard\libc_nano.a(libc_a-wsetup.o)
                0x08008b18                __swsetup_r
 .text._fstat_r
                0x08008bc4       0x24 c:/siliconlabs/simplicitystudio/v5/developer/toolchains/gnu_arm/12.2.rel1_2023.7/bin/../lib/gcc/arm-none-eabi/12.2.1/thumb/v8-m.main+fp/hard\libc_nano.a(libc_a-fstatr.o)
                0x08008bc4                _fstat_r
 .text._isatty_r
                0x08008be8       0x20 c:/siliconlabs/simplicitystudio/v5/developer/toolchains/gnu_arm/12.2.rel1_2023.7/bin/../lib/gcc/arm-none-eabi/12.2.1/thumb/v8-m.main+fp/hard\libc_nano.a(libc_a-isattyr.o)
                0x08008be8                _isatty_r
 .text.app_init
                0x08008c08        0x2 ./app.o
                0x08008c08                app_init
 .text.sl_board_default_init
                0x08008c0a        0x2 ./autogen/sl_board_default_init.o
                0x08008c0a                sl_board_default_init
 .text.sl_kernel_start
                0x08008c0c        0x4 ./autogen/sl_event_handler.o
                0x08008c0c                sl_kernel_start
 .text.sl_driver_init
                0x08008c10       0x12 ./autogen/sl_event_handler.o
                0x08008c10                sl_driver_init
 .text.sl_service_init
                0x08008c22       0x16 ./autogen/sl_event_handler.o
                0x08008c22                sl_service_init
 .text.sl_stack_init
                0x08008c38        0x2 ./autogen/sl_event_handler.o
                0x08008c38                sl_stack_init
 .text.sl_internal_app_init
                0x08008c3a        0x2 ./autogen/sl_event_handler.o
                0x08008c3a                sl_internal_app_init
 .text.USART0_TX_IRQHandler
                0x08008c3c        0x4 ./autogen/sl_iostream_init_usart_instances.o
                0x08008c3c                USART0_TX_IRQHandler
 .text.pal_init
                0x08008c40        0x4 ./optiga-trust-m/extras/pal/EFR32/pal.o
                0x08008c40                pal_init
 .text.invoke_upper_layer_callback
                0x08008c44       0x10 ./optiga-trust-m/extras/pal/EFR32/pal_i2c.o
                0x08008c44                invoke_upper_layer_callback
 .text.pal_i2c_set_bitrate
                0x08008c54       0x4a ./optiga-trust-m/extras/pal/EFR32/pal_i2c.o
                0x08008c54                pal_i2c_set_bitrate
 .text.pal_os_event_stop
                0x08008c9e        0x6 ./optiga-trust-m/extras/pal/EFR32/pal_os_event.o
                0x08008c9e                pal_os_event_stop
 .text.pal_os_event_start
                0x08008ca4       0x1c ./optiga-trust-m/extras/pal/EFR32/pal_os_event.o
                0x08008ca4                pal_os_event_start
 .text.pal_os_lock_enter_critical_section
                0x08008cc0        0x4 ./optiga-trust-m/extras/pal/EFR32/pal_os_lock.o
                0x08008cc0                pal_os_lock_enter_critical_section
 .text.pal_os_lock_exit_critical_section
                0x08008cc4        0x4 ./optiga-trust-m/extras/pal/EFR32/pal_os_lock.o
                0x08008cc4                pal_os_lock_exit_critical_section
 .text.pal_os_calloc
                0x08008cc8        0x4 ./optiga-trust-m/extras/pal/EFR32/pal_os_memory.o
                0x08008cc8                pal_os_calloc
 .text.pal_os_free
                0x08008ccc        0x4 ./optiga-trust-m/extras/pal/EFR32/pal_os_memory.o
                0x08008ccc                pal_os_free
 .text.pal_os_memcpy
                0x08008cd0        0x4 ./optiga-trust-m/extras/pal/EFR32/pal_os_memory.o
                0x08008cd0                pal_os_memcpy
 .text.pal_os_memset
                0x08008cd4        0x4 ./optiga-trust-m/extras/pal/EFR32/pal_os_memory.o
                0x08008cd4                pal_os_memset
 .text.pal_os_timer_get_time_in_microseconds
                0x08008cd8        0xe ./optiga-trust-m/extras/pal/EFR32/pal_os_timer.o
                0x08008cd8                pal_os_timer_get_time_in_microseconds
 .text.pal_os_timer_get_time_in_milliseconds
                0x08008ce6        0x4 ./optiga-trust-m/extras/pal/EFR32/pal_os_timer.o
                0x08008ce6                pal_os_timer_get_time_in_milliseconds
 .text.pal_os_timer_delay_in_milliseconds
                0x08008cea        0x4 ./optiga-trust-m/extras/pal/EFR32/pal_os_timer.o
                0x08008cea                pal_os_timer_delay_in_milliseconds
 .text.optiga_cmd_session_free
                0x08008cee       0x14 ./optiga-trust-m/src/cmd/optiga_cmd.o
 .text.optiga_cmd_queue_get_count_of
                0x08008d02       0x26 ./optiga-trust-m/src/cmd/optiga_cmd.o
 .text.optiga_cmd_queue_update_slot
                0x08008d28       0x66 ./optiga-trust-m/src/cmd/optiga_cmd.o
 .text.optiga_cmd_event_trigger_execute
                0x08008d8e        0x6 ./optiga-trust-m/src/cmd/optiga_cmd.o
 .text.optiga_common_set_uint16
                0x08008d94        0x8 ./optiga-trust-m/src/common/optiga_lib_common.o
                0x08008d94                optiga_common_set_uint16
 .text.optiga_common_get_uint32
                0x08008d9c        0x6 ./optiga-trust-m/src/common/optiga_lib_common.o
                0x08008d9c                optiga_common_get_uint32
 .text.optiga_lib_word_to_hex_string
                0x08008da2       0x4e ./optiga-trust-m/src/common/optiga_lib_logger.o
 .text.ifx_i2c_tl_event_handler
                0x08008df0       0x2e ./optiga-trust-m/src/comms/ifx_i2c/ifx_i2c.o
                0x08008df0                ifx_i2c_tl_event_handler
 .text.ifx_i2c_open
                0x08008e1e       0x3a ./optiga-trust-m/src/comms/ifx_i2c/ifx_i2c.o
                0x08008e1e                ifx_i2c_open
 .text.ifx_i2c_transceive
                0x08008e58       0x32 ./optiga-trust-m/src/comms/ifx_i2c/ifx_i2c.o
                0x08008e58                ifx_i2c_transceive
 .text.ifx_i2c_close
                0x08008e8a       0x44 ./optiga-trust-m/src/comms/ifx_i2c/ifx_i2c.o
                0x08008e8a                ifx_i2c_close
 .text.ifx_i2c_dl_calc_crc
                0x08008ece       0x36 ./optiga-trust-m/src/comms/ifx_i2c/ifx_i2c_data_link_layer.o
 .text.ifx_i2c_dl_send_frame_internal
                0x08008f04       0x8e ./optiga-trust-m/src/comms/ifx_i2c/ifx_i2c_data_link_layer.o
 .text.ifx_i2c_dl_send_frame
                0x08008f92       0x36 ./optiga-trust-m/src/comms/ifx_i2c/ifx_i2c_data_link_layer.o
                0x08008f92                ifx_i2c_dl_send_frame
 .text.ifx_i2c_pl_status_poll_callback
                0x08008fc8        0x8 ./optiga-trust-m/src/comms/ifx_i2c/ifx_i2c_physical_layer.o
 .text.ifx_i2c_pl_write_register
                0x08008fd0       0x38 ./optiga-trust-m/src/comms/ifx_i2c/ifx_i2c_physical_layer.o
 .text.ifx_i2c_pal_poll_callback
                0x08009008       0x2e ./optiga-trust-m/src/comms/ifx_i2c/ifx_i2c_physical_layer.o
 .text.ifx_i2c_pl_guard_time_callback
                0x08009036       0x30 ./optiga-trust-m/src/comms/ifx_i2c/ifx_i2c_physical_layer.o
 .text.ifx_i2c_pl_send_frame
                0x08009066       0x26 ./optiga-trust-m/src/comms/ifx_i2c/ifx_i2c_physical_layer.o
                0x08009066                ifx_i2c_pl_send_frame
 .text.ifx_i2c_pl_receive_frame
                0x0800908c       0x20 ./optiga-trust-m/src/comms/ifx_i2c/ifx_i2c_physical_layer.o
                0x0800908c                ifx_i2c_pl_receive_frame
 .text.ifx_i2c_tl_send_next_fragment
                0x080090ac       0x4e ./optiga-trust-m/src/comms/ifx_i2c/ifx_i2c_transport_layer.o
 .text.ifx_i2c_tl_transceive
                0x080090fa       0x54 ./optiga-trust-m/src/comms/ifx_i2c/ifx_i2c_transport_layer.o
                0x080090fa                ifx_i2c_tl_transceive
 .text.ifx_i2c_event_handler
                0x0800914e       0x10 ./optiga-trust-m/src/comms/optiga_comms_ifx_i2c.o
 .text.optiga_comms_set_callback_context
                0x0800915e        0x6 ./optiga-trust-m/src/comms/optiga_comms_ifx_i2c.o
                0x0800915e                optiga_comms_set_callback_context
 .text.optiga_util_generic_event_handler
                0x08009164        0xa ./optiga-trust-m/src/util/optiga_util.o
 .text.optiga_util_open_application
                0x0800916e       0x2e ./optiga-trust-m/src/util/optiga_util.o
                0x0800916e                optiga_util_open_application
 .text.sl_board_configure_vcom
                0x0800919c        0x4 ./simplicity_sdk_2024.6.0/hardware/board/src/sl_board_control_gpio.o
                0x0800919c                sl_board_configure_vcom
 .text.sli_cos_swo_itm_8_write.constprop.0.isra.0
                0x080091a0       0x78 ./simplicity_sdk_2024.6.0/hardware/driver/configuration_over_swo/src/sl_cos.o
 .text.sl_cos_send_config
                0x08009218       0x12 ./simplicity_sdk_2024.6.0/hardware/driver/configuration_over_swo/src/sl_cos.o
                0x08009218                sl_cos_send_config
 .text.sl_cos_config_vcom
                0x0800922a       0x1e ./simplicity_sdk_2024.6.0/hardware/driver/configuration_over_swo/src/sl_cos.o
                0x0800922a                sl_cos_config_vcom
 .text.Default_Handler
                0x08009248        0x2 ./simplicity_sdk_2024.6.0/platform/Device/SiliconLabs/EFR32FG23/Source/startup_efr32fg23.o
                0x08009248                ULFRCO_IRQHandler
                0x08009248                SW2_IRQHandler
                0x08009248                TIMER2_IRQHandler
                0x08009248                DebugMon_Handler
                0x08009248                IADC_IRQHandler
                0x08009248                EUSART0_TX_IRQHandler
                0x08009248                I2C0_IRQHandler
                0x08009248                LFXO_IRQHandler
                0x08009248                VDAC_IRQHandler
                0x08009248                HardFault_Handler
                0x08009248                SMU_SECURE_IRQHandler
                0x08009248                SYSRTC_SEQ_IRQHandler
                0x08009248                EMUEFP_IRQHandler
                0x08009248                EUSART2_TX_IRQHandler
                0x08009248                NMI_Handler
                0x08009248                SYNTH_IRQHandler
                0x08009248                HOSTMAILBOX_IRQHandler
                0x08009248                HFXO0_IRQHandler
                0x08009248                I2C1_IRQHandler
                0x08009248                WDOG0_IRQHandler
                0x08009248                TIMER3_IRQHandler
                0x08009248                SYSCFG_IRQHandler
                0x08009248                RFECA1_IRQHandler
                0x08009248                EMUDG_IRQHandler
                0x08009248                MSC_IRQHandler
                0x08009248                DPLL0_IRQHandler
                0x08009248                UsageFault_Handler
                0x08009248                WDOG1_IRQHandler
                0x08009248                M33CTI1_IRQHandler
                0x08009248                TIMER4_IRQHandler
                0x08009248                GPIO_EVEN_IRQHandler
                0x08009248                SEMBTX_IRQHandler
                0x08009248                SW0_IRQHandler
                0x08009248                TIMER0_IRQHandler