Archive member included to satisfy reference by file (symbol)

c:/siliconlabs/simplicitystudio/v5/developer/toolchains/gnu_arm/12.2.rel1_2023.7/bin/../lib/gcc/arm-none-eabi/12.2.1/thumb/v8-m.main+fp/hard\libgcc.a(_aeabi_ldivmod.o)
                              ./simplicity_sdk_2024.6.0/platform/emlib/src/em_usart.o (__aeabi_ldivmod)
c:/siliconlabs/simplicitystudio/v5/developer/toolchains/gnu_arm/12.2.rel1_2023.7/bin/../lib/gcc/arm-none-eabi/12.2.1/thumb/v8-m.main+fp/hard\libgcc.a(_aeabi_uldivmod.o)
                              ./simplicity_sdk_2024.6.0/app/common/util/app_timer/bm/app_timer.o (__aeabi_uldivmod)
c:/siliconlabs/simplicitystudio/v5/developer/toolchains/gnu_arm/12.2.rel1_2023.7/bin/../lib/gcc/arm-none-eabi/12.2.1/thumb/v8-m.main+fp/hard\libgcc.a(_udivmoddi4.o)
                              c:/siliconlabs/simplicitystudio/v5/developer/toolchains/gnu_arm/12.2.rel1_2023.7/bin/../lib/gcc/arm-none-eabi/12.2.1/thumb/v8-m.main+fp/hard\libgcc.a(_aeabi_ldivmod.o) (__udivmoddi4)
c:/siliconlabs/simplicitystudio/v5/developer/toolchains/gnu_arm/12.2.rel1_2023.7/bin/../lib/gcc/arm-none-eabi/12.2.1/thumb/v8-m.main+fp/hard\libgcc.a(_dvmd_tls.o)
                              c:/siliconlabs/simplicitystudio/v5/developer/toolchains/gnu_arm/12.2.rel1_2023.7/bin/../lib/gcc/arm-none-eabi/12.2.1/thumb/v8-m.main+fp/hard\libgcc.a(_aeabi_ldivmod.o) (__aeabi_ldiv0)
c:/siliconlabs/simplicitystudio/v5/developer/toolchains/gnu_arm/12.2.rel1_2023.7/bin/../lib/gcc/arm-none-eabi/12.2.1/thumb/v8-m.main+fp/hard\libc_nano.a(libc_a-calloc.o)
                              ./Pal/optiga_cmd.o (calloc)
c:/siliconlabs/simplicitystudio/v5/developer/toolchains/gnu_arm/12.2.rel1_2023.7/bin/../lib/gcc/arm-none-eabi/12.2.1/thumb/v8-m.main+fp/hard\libc_nano.a(libc_a-callocr.o)
                              c:/siliconlabs/simplicitystudio/v5/developer/toolchains/gnu_arm/12.2.rel1_2023.7/bin/../lib/gcc/arm-none-eabi/12.2.1/thumb/v8-m.main+fp/hard\libc_nano.a(libc_a-calloc.o) (_calloc_r)
c:/siliconlabs/simplicitystudio/v5/developer/toolchains/gnu_arm/12.2.rel1_2023.7/bin/../lib/gcc/arm-none-eabi/12.2.1/thumb/v8-m.main+fp/hard\libc_nano.a(libc_a-exit.o)
                              c:/siliconlabs/simplicitystudio/v5/developer/toolchains/gnu_arm/12.2.rel1_2023.7/bin/../lib/gcc/arm-none-eabi/12.2.1/thumb/v8-m.main+fp/hard/crt0.o (exit)
c:/siliconlabs/simplicitystudio/v5/developer/toolchains/gnu_arm/12.2.rel1_2023.7/bin/../lib/gcc/arm-none-eabi/12.2.1/thumb/v8-m.main+fp/hard\libc_nano.a(libc_a-malloc.o)
                              ./Pal/optiga_cmd.o (free)
c:/siliconlabs/simplicitystudio/v5/developer/toolchains/gnu_arm/12.2.rel1_2023.7/bin/../lib/gcc/arm-none-eabi/12.2.1/thumb/v8-m.main+fp/hard\libc_nano.a(libc_a-mallocr.o)
                              c:/siliconlabs/simplicitystudio/v5/developer/toolchains/gnu_arm/12.2.rel1_2023.7/bin/../lib/gcc/arm-none-eabi/12.2.1/thumb/v8-m.main+fp/hard\libc_nano.a(libc_a-callocr.o) (_malloc_r)
c:/siliconlabs/simplicitystudio/v5/developer/toolchains/gnu_arm/12.2.rel1_2023.7/bin/../lib/gcc/arm-none-eabi/12.2.1/thumb/v8-m.main+fp/hard\libc_nano.a(libc_a-mlock.o)
                              c:/siliconlabs/simplicitystudio/v5/developer/toolchains/gnu_arm/12.2.rel1_2023.7/bin/../lib/gcc/arm-none-eabi/12.2.1/thumb/v8-m.main+fp/hard\libc_nano.a(libc_a-mallocr.o) (__malloc_lock)
c:/siliconlabs/simplicitystudio/v5/developer/toolchains/gnu_arm/12.2.rel1_2023.7/bin/../lib/gcc/arm-none-eabi/12.2.1/thumb/v8-m.main+fp/hard\libc_nano.a(libc_a-ctype_.o)
                              ./simplicity_sdk_2024.6.0/platform/common/src/sl_string.o (_ctype_)
c:/siliconlabs/simplicitystudio/v5/developer/toolchains/gnu_arm/12.2.rel1_2023.7/bin/../lib/gcc/arm-none-eabi/12.2.1/thumb/v8-m.main+fp/hard\libc_nano.a(libc_a-findfp.o)
                              c:/siliconlabs/simplicitystudio/v5/developer/toolchains/gnu_arm/12.2.rel1_2023.7/bin/../lib/gcc/arm-none-eabi/12.2.1/thumb/v8-m.main+fp/hard\libc_nano.a(libc_a-exit.o) (__stdio_exit_handler)
c:/siliconlabs/simplicitystudio/v5/developer/toolchains/gnu_arm/12.2.rel1_2023.7/bin/../lib/gcc/arm-none-eabi/12.2.1/thumb/v8-m.main+fp/hard\libc_nano.a(libc_a-fwalk.o)
                              c:/siliconlabs/simplicitystudio/v5/developer/toolchains/gnu_arm/12.2.rel1_2023.7/bin/../lib/gcc/arm-none-eabi/12.2.1/thumb/v8-m.main+fp/hard\libc_nano.a(libc_a-findfp.o) (_fwalk_sglue)
c:/siliconlabs/simplicitystudio/v5/developer/toolchains/gnu_arm/12.2.rel1_2023.7/bin/../lib/gcc/arm-none-eabi/12.2.1/thumb/v8-m.main+fp/hard\libc_nano.a(libc_a-printf.o)
                              ./Pal/example_optiga_init_deinit.o (printf)
c:/siliconlabs/simplicitystudio/v5/developer/toolchains/gnu_arm/12.2.rel1_2023.7/bin/../lib/gcc/arm-none-eabi/12.2.1/thumb/v8-m.main+fp/hard\libc_nano.a(libc_a-sprintf.o)
                              ./Pal/optiga_lib_logger.o (sprintf)
[...]
Memory Configuration

Name             Origin             Length             Attributes
FLASH            0x08000000         0x0007e000         xr
RAM              0x20000000         0x00010000         xrw
*default*        0x00000000         0xffffffff

Linker script and memory map

LOAD c:/siliconlabs/simplicitystudio/v5/developer/toolchains/gnu_arm/12.2.rel1_2023.7/bin/../lib/gcc/arm-none-eabi/12.2.1/thumb/v8-m.main+fp/hard/crti.o
LOAD c:/siliconlabs/simplicitystudio/v5/developer/toolchains/gnu_arm/12.2.rel1_2023.7/bin/../lib/gcc/arm-none-eabi/12.2.1/thumb/v8-m.main+fp/hard/crtbegin.o
LOAD c:/siliconlabs/simplicitystudio/v5/developer/toolchains/gnu_arm/12.2.rel1_2023.7/bin/../lib/gcc/arm-none-eabi/12.2.1/thumb/v8-m.main+fp/hard/crt0.o
START GROUP
LOAD ./Pal/example_optiga_init_deinit.o
LOAD ./Pal/example_utilities.o
LOAD ./Pal/ifx_i2c.o
LOAD ./Pal/ifx_i2c_config.o
LOAD ./Pal/ifx_i2c_data_link_layer.o
LOAD ./Pal/ifx_i2c_physical_layer.o
LOAD ./Pal/ifx_i2c_presentation_layer.o
LOAD ./Pal/ifx_i2c_transport_layer.o
LOAD ./Pal/optiga_cmd.o
LOAD ./Pal/optiga_comms_ifx_i2c.o
LOAD ./Pal/optiga_crypt.o
LOAD ./Pal/optiga_lib_common.o
LOAD ./Pal/optiga_lib_logger.o
LOAD ./Pal/optiga_util.o
LOAD ./Pal/pal.o
LOAD ./Pal/pal_crypt_mbedtls.o
LOAD ./Pal/pal_gpio.o
LOAD ./Pal/pal_i2c.o
LOAD ./Pal/pal_ifx_i2c_config.o
LOAD ./Pal/pal_logger.o
LOAD ./Pal/pal_os_datastore.o
LOAD ./Pal/pal_os_event.o
LOAD ./Pal/pal_os_lock_efr32.o
LOAD ./Pal/pal_os_timer.o
LOAD ./Pal/mbedtls/aes.o
LOAD ./Pal/mbedtls/aesni.o
LOAD ./Pal/mbedtls/arc4.o
LOAD ./Pal/mbedtls/aria.o
LOAD ./Pal/mbedtls/asn1parse.o
LOAD ./Pal/mbedtls/asn1write.o
LOAD ./Pal/mbedtls/base64.o
LOAD ./Pal/mbedtls/bignum.o
LOAD ./Pal/mbedtls/blowfish.o
LOAD ./Pal/mbedtls/camellia.o
LOAD ./Pal/mbedtls/ccm.o
LOAD ./Pal/mbedtls/certs.o
LOAD ./Pal/mbedtls/chacha20.o
LOAD ./Pal/mbedtls/chachapoly.o
LOAD ./Pal/mbedtls/cipher.o
LOAD ./Pal/mbedtls/cipher_wrap.o
LOAD ./Pal/mbedtls/cmac.o
LOAD ./Pal/mbedtls/ctr_drbg.o
LOAD ./Pal/mbedtls/debug.o
LOAD ./Pal/mbedtls/des.o
LOAD ./Pal/mbedtls/dhm.o
LOAD ./Pal/mbedtls/ecdh.o
LOAD ./Pal/mbedtls/ecdsa.o
LOAD ./Pal/mbedtls/ecjpake.o
LOAD ./Pal/mbedtls/ecp.o
LOAD ./Pal/mbedtls/ecp_curves.o
LOAD ./Pal/mbedtls/entropy.o
LOAD ./Pal/mbedtls/entropy_poll.o
LOAD ./Pal/mbedtls/error.o
LOAD ./Pal/mbedtls/gcm.o
LOAD ./Pal/mbedtls/havege.o
LOAD ./Pal/mbedtls/hkdf.o
LOAD ./Pal/mbedtls/hmac_drbg.o
LOAD ./Pal/mbedtls/md.o
LOAD ./Pal/mbedtls/md2.o
LOAD ./Pal/mbedtls/md4.o
LOAD ./Pal/mbedtls/md5.o
LOAD ./Pal/mbedtls/md_wrap.o
LOAD ./Pal/mbedtls/memory_buffer_alloc.o
LOAD ./Pal/mbedtls/net_sockets.o
LOAD ./Pal/mbedtls/nist_kw.o
LOAD ./Pal/mbedtls/oid.o
LOAD ./Pal/mbedtls/padlock.o
LOAD ./Pal/mbedtls/pem.o
LOAD ./Pal/mbedtls/pk.o
LOAD ./Pal/mbedtls/pk_wrap.o
LOAD ./Pal/mbedtls/pkcs11.o
LOAD ./Pal/mbedtls/pkcs12.o
LOAD ./Pal/mbedtls/pkcs5.o
LOAD ./Pal/mbedtls/pkparse.o
LOAD ./Pal/mbedtls/pkwrite.o
LOAD ./Pal/mbedtls/platform.o
LOAD ./Pal/mbedtls/platform_util.o
LOAD ./Pal/mbedtls/poly1305.o
LOAD ./Pal/mbedtls/ripemd160.o
LOAD ./Pal/mbedtls/rsa.o
LOAD ./Pal/mbedtls/rsa_internal.o
LOAD ./Pal/mbedtls/sha1.o
LOAD ./Pal/mbedtls/sha256.o
LOAD ./Pal/mbedtls/sha512.o
LOAD ./Pal/mbedtls/ssl_cache.o
LOAD ./Pal/mbedtls/ssl_ciphersuites.o
LOAD ./Pal/mbedtls/ssl_cli.o
LOAD ./Pal/mbedtls/ssl_cookie.o
LOAD ./Pal/mbedtls/ssl_srv.o
LOAD ./Pal/mbedtls/ssl_ticket.o
LOAD ./Pal/mbedtls/ssl_tls.o
LOAD ./Pal/mbedtls/threading.o
LOAD ./Pal/mbedtls/timing.o
LOAD ./Pal/mbedtls/version.o
LOAD ./Pal/mbedtls/version_features.o
LOAD ./Pal/mbedtls/x509.o
LOAD ./Pal/mbedtls/x509_create.o
LOAD ./Pal/mbedtls/x509_crl.o
LOAD ./Pal/mbedtls/x509_crt.o
LOAD ./Pal/mbedtls/x509_csr.o
LOAD ./Pal/mbedtls/x509write_crt.o
LOAD ./Pal/mbedtls/x509write_csr.o
LOAD ./Pal/mbedtls/xtea.o
LOAD ./app.o
LOAD ./main.o
LOAD ./autogen/sl_board_default_init.o
LOAD ./autogen/sl_event_handler.o
LOAD ./autogen/sl_i2cspm_init.o
LOAD ./autogen/sl_iostream_handles.o
LOAD ./autogen/sl_iostream_init_usart_instances.o
LOAD ./autogen/sl_power_manager_handler.o
LOAD ./simplicity_sdk_2024.6.0/app/common/util/app_timer/bm/app_timer.o
LOAD ./simplicity_sdk_2024.6.0/hardware/board/src/sl_board_control_gpio.o
LOAD ./simplicity_sdk_2024.6.0/hardware/board/src/sl_board_init.o
LOAD ./simplicity_sdk_2024.6.0/hardware/driver/configuration_over_swo/src/sl_cos.o
LOAD ./simplicity_sdk_2024.6.0/platform/Device/SiliconLabs/EFR32FG23/Source/startup_efr32fg23.o
LOAD ./simplicity_sdk_2024.6.0/platform/Device/SiliconLabs/EFR32FG23/Source/system_efr32fg23.o
LOAD ./simplicity_sdk_2024.6.0/platform/common/src/sl_assert.o
LOAD ./simplicity_sdk_2024.6.0/platform/common/src/sl_core_cortexm.o
LOAD ./simplicity_sdk_2024.6.0/platform/common/src/sl_slist.o
LOAD ./simplicity_sdk_2024.6.0/platform/common/src/sl_string.o
LOAD ./simplicity_sdk_2024.6.0/platform/common/src/sl_syscalls.o
LOAD ./simplicity_sdk_2024.6.0/platform/driver/debug/src/sl_debug_swo.o
LOAD ./simplicity_sdk_2024.6.0/platform/driver/i2cspm/src/sl_i2cspm.o
LOAD ./simplicity_sdk_2024.6.0/platform/emdrv/dmadrv/src/dmadrv.o
LOAD ./simplicity_sdk_2024.6.0/platform/emlib/src/em_burtc.o
LOAD ./simplicity_sdk_2024.6.0/platform/emlib/src/em_cmu.o
LOAD ./simplicity_sdk_2024.6.0/platform/emlib/src/em_core.o
LOAD ./simplicity_sdk_2024.6.0/platform/emlib/src/em_emu.o
LOAD ./simplicity_sdk_2024.6.0/platform/emlib/src/em_gpio.o
LOAD ./simplicity_sdk_2024.6.0/platform/emlib/src/em_i2c.o
LOAD ./simplicity_sdk_2024.6.0/platform/emlib/src/em_ldma.o
LOAD ./simplicity_sdk_2024.6.0/platform/emlib/src/em_msc.o
LOAD ./simplicity_sdk_2024.6.0/platform/emlib/src/em_prs.o
LOAD ./simplicity_sdk_2024.6.0/platform/emlib/src/em_system.o
LOAD ./simplicity_sdk_2024.6.0/platform/emlib/src/em_timer.o
LOAD ./simplicity_sdk_2024.6.0/platform/emlib/src/em_usart.o
LOAD ./simplicity_sdk_2024.6.0/platform/peripheral/src/sl_hal_sysrtc.o
LOAD ./simplicity_sdk_2024.6.0/platform/service/clock_manager/src/sl_clock_manager.o
LOAD ./simplicity_sdk_2024.6.0/platform/service/clock_manager/src/sl_clock_manager_hal_s2.o
LOAD ./simplicity_sdk_2024.6.0/platform/service/clock_manager/src/sl_clock_manager_init.o
LOAD ./simplicity_sdk_2024.6.0/platform/service/clock_manager/src/sl_clock_manager_init_hal_s2.o
LOAD ./simplicity_sdk_2024.6.0/platform/service/device_init/src/sl_device_init_dcdc_s2.o
LOAD ./simplicity_sdk_2024.6.0/platform/service/device_manager/clocks/sl_device_clock_efr32xg23.o
LOAD ./simplicity_sdk_2024.6.0/platform/service/device_manager/devices/sl_device_peripheral_hal_efr32xg23.o
LOAD ./simplicity_sdk_2024.6.0/platform/service/device_manager/src/sl_device_clock.o
LOAD ./simplicity_sdk_2024.6.0/platform/service/device_manager/src/sl_device_peripheral.o
LOAD ./simplicity_sdk_2024.6.0/platform/service/hfxo_manager/src/sl_hfxo_manager.o
LOAD ./simplicity_sdk_2024.6.0/platform/service/hfxo_manager/src/sl_hfxo_manager_hal_s2.o
LOAD ./simplicity_sdk_2024.6.0/platform/service/interrupt_manager/src/sl_interrupt_manager_cortexm.o
LOAD ./simplicity_sdk_2024.6.0/platform/service/iostream/src/sl_iostream.o
LOAD ./simplicity_sdk_2024.6.0/platform/service/iostream/src/sl_iostream_retarget_stdio.o
LOAD ./simplicity_sdk_2024.6.0/platform/service/iostream/src/sl_iostream_uart.o
LOAD ./simplicity_sdk_2024.6.0/platform/service/iostream/src/sl_iostream_usart.o
LOAD ./simplicity_sdk_2024.6.0/platform/service/memory_manager/src/sl_memory_manager_region.o
LOAD ./simplicity_sdk_2024.6.0/platform/service/power_manager/src/sl_power_manager.o
LOAD ./simplicity_sdk_2024.6.0/platform/service/power_manager/src/sl_power_manager_debug.o
LOAD ./simplicity_sdk_2024.6.0/platform/service/power_manager/src/sl_power_manager_hal_s2.o
LOAD ./simplicity_sdk_2024.6.0/platform/service/sleeptimer/src/sl_sleeptimer.o
LOAD ./simplicity_sdk_2024.6.0/platform/service/sleeptimer/src/sl_sleeptimer_hal_burtc.o
LOAD ./simplicity_sdk_2024.6.0/platform/service/sleeptimer/src/sl_sleeptimer_hal_sysrtc.o
LOAD ./simplicity_sdk_2024.6.0/platform/service/sleeptimer/src/sl_sleeptimer_hal_timer.o
LOAD ./simplicity_sdk_2024.6.0/platform/service/system/src/sl_system_init.o
LOAD ./simplicity_sdk_2024.6.0/platform/service/system/src/sl_system_process_action.o
LOAD ./simplicity_sdk_2024.6.0/platform/service/udelay/src/sl_udelay.o
LOAD ./simplicity_sdk_2024.6.0/platform/service/udelay/src/sl_udelay_armv6m_gcc.o
LOAD c:/siliconlabs/simplicitystudio/v5/developer/toolchains/gnu_arm/12.2.rel1_2023.7/bin/../lib/gcc/arm-none-eabi/12.2.1/thumb/v8-m.main+fp/hard\libgcc.a
LOAD c:/siliconlabs/simplicitystudio/v5/developer/toolchains/gnu_arm/12.2.rel1_2023.7/bin/../lib/gcc/arm-none-eabi/12.2.1/thumb/v8-m.main+fp/hard\libc_nano.a
LOAD c:/siliconlabs/simplicitystudio/v5/developer/toolchains/gnu_arm/12.2.rel1_2023.7/bin/../lib/gcc/arm-none-eabi/12.2.1/thumb/v8-m.main+fp/hard\libm.a
LOAD c:/siliconlabs/simplicitystudio/v5/developer/toolchains/gnu_arm/12.2.rel1_2023.7/bin/../lib/gcc/arm-none-eabi/12.2.1/thumb/v8-m.main+fp/hard\libnosys.a
END GROUP
START GROUP
LOAD c:/siliconlabs/simplicitystudio/v5/developer/toolchains/gnu_arm/12.2.rel1_2023.7/bin/../lib/gcc/arm-none-eabi/12.2.1/thumb/v8-m.main+fp/hard\libgcc.a
LOAD c:/siliconlabs/simplicitystudio/v5/developer/toolchains/gnu_arm/12.2.rel1_2023.7/bin/../lib/gcc/arm-none-eabi/12.2.1/thumb/v8-m.main+fp/hard\libc_nano.a
LOAD c:/siliconlabs/simplicitystudio/v5/developer/toolchains/gnu_arm/12.2.rel1_2023.7/bin/../lib/gcc/arm-none-eabi/12.2.1/thumb/v8-m.main+fp/hard\libnosys.a
END GROUP
START GROUP
LOAD c:/siliconlabs/simplicitystudio/v5/developer/toolchains/gnu_arm/12.2.rel1_2023.7/bin/../lib/gcc/arm-none-eabi/12.2.1/thumb/v8-m.main+fp/hard\libgcc.a
LOAD c:/siliconlabs/simplicitystudio/v5/developer/toolchains/gnu_arm/12.2.rel1_2023.7/bin/../lib/gcc/arm-none-eabi/12.2.1/thumb/v8-m.main+fp/hard\libg_nano.a
LOAD c:/siliconlabs/simplicitystudio/v5/developer/toolchains/gnu_arm/12.2.rel1_2023.7/bin/../lib/gcc/arm-none-eabi/12.2.1/thumb/v8-m.main+fp/hard\libc_nano.a
END GROUP
START GROUP
LOAD c:/siliconlabs/simplicitystudio/v5/developer/toolchains/gnu_arm/12.2.rel1_2023.7/bin/../lib/gcc/arm-none-eabi/12.2.1/thumb/v8-m.main+fp/hard\libgcc.a
LOAD c:/siliconlabs/simplicitystudio/v5/developer/toolchains/gnu_arm/12.2.rel1_2023.7/bin/../lib/gcc/arm-none-eabi/12.2.1/thumb/v8-m.main+fp/hard\libc_nano.a
END GROUP
LOAD c:/siliconlabs/simplicitystudio/v5/developer/toolchains/gnu_arm/12.2.rel1_2023.7/bin/../lib/gcc/arm-none-eabi/12.2.1/thumb/v8-m.main+fp/hard/crtend.o
LOAD c:/siliconlabs/simplicitystudio/v5/developer/toolchains/gnu_arm/12.2.rel1_2023.7/bin/../lib/gcc/arm-none-eabi/12.2.1/thumb/v8-m.main+fp/hard/crtn.o

.vectors        0x08000000      0x170
                0x08000000                linker_vectors_begin = .
 *(.vectors)
 .vectors       0x08000000      0x170 ./simplicity_sdk_2024.6.0/platform/Device/SiliconLabs/EFR32FG23/Source/startup_efr32fg23.o
                0x08000000                __Vectors
                0x08000170                linker_vectors_end = .
                0x08000170                __Vectors_End = .
                0x08000170                __Vectors_Size = (__Vectors_End - __Vectors)
                0x08000170                __lma_ramfuncs_start__ = .

.stack          0x20000000     0x1000
                0x20000000                . = ALIGN (0x8)
                0x20000000                __StackLimit = .
 *(.stack*)
 .stack         0x20000000     0x1000 ./simplicity_sdk_2024.6.0/platform/service/memory_manager/src/sl_memory_manager_region.o
                0x20001000                . = ALIGN (0x4)
                0x20001000                __StackTop = .
                0x20001000                PROVIDE (__stack = __StackTop)

.noinit
 *(.noinit*)

.bss            0x20001000      0xb50
                0x20001000                . = ALIGN (0x4)
                0x20001000                __bss_start__ = .
 *(SORT_BY_ALIGNMENT(.bss*))
 .bss.object.0  0x20001000       0x18 c:/siliconlabs/simplicitystudio/v5/developer/toolchains/gnu_arm/12.2.rel1_2023.7/bin/../lib/gcc/arm-none-eabi/12.2.1/thumb/v8-m.main+fp/hard/crtbegin.o
 .bss.me_util_instance
                0x20001018        0x4 ./Pal/example_optiga_init_deinit.o
                0x20001018                me_util_instance
 .bss.g_optiga  0x2000101c      0x67c ./Pal/optiga_cmd.o
 .bss.gp_pal_i2c_current_ctx
                0x20001698        0x4 ./Pal/pal_i2c.o
 .bss.g_entry_count
                0x2000169c        0x4 ./Pal/pal_i2c.o
 .bss.logger_console
                0x200016a0        0x8 ./Pal/pal_logger.o
                0x200016a0                logger_console
 .bss.pal_os_event_0
                0x200016a8       0x18 ./Pal/pal_os_event.o
 .bss.count.0   0x200016c0        0x4 ./Pal/pal_os_timer.o
 .bss.g_tick_count
                0x200016c4        0x4 ./Pal/pal_os_timer.o
 .bss.context_vcom
                0x200016c8       0x54 ./autogen/sl_iostream_init_usart_instances.o
 .bss.sl_iostream_vcom
                0x2000171c       0x24 ./autogen/sl_iostream_init_usart_instances.o
 .bss.events_handle
                0x20001740        0x8 ./autogen/sl_iostream_init_usart_instances.o
 .bss.app_timer_head
                0x20001748        0x4 ./simplicity_sdk_2024.6.0/app/common/util/app_timer/bm/app_timer.o
 .bss.trigger_count
                0x2000174c        0x4 ./simplicity_sdk_2024.6.0/app/common/util/app_timer/bm/app_timer.o
 .bss.dmaXfer   0x20001750      0x100 ./simplicity_sdk_2024.6.0/platform/emdrv/dmadrv/src/dmadrv.o
 .bss.chTable   0x20001850       0x80 ./simplicity_sdk_2024.6.0/platform/emdrv/dmadrv/src/dmadrv.o
 .bss.i2cTransfer
                0x200018d0       0x18 ./simplicity_sdk_2024.6.0/platform/emlib/src/em_i2c.o
 .bss.hfxo_startup_time_tc_initial
                0x200018e8        0x4 ./simplicity_sdk_2024.6.0/platform/service/hfxo_manager/src/sl_hfxo_manager.o
 .bss.hfxo_startup_time_sum_average
                0x200018ec        0x4 ./simplicity_sdk_2024.6.0/platform/service/hfxo_manager/src/sl_hfxo_manager.o
 .bss.hfxo_startup_time_table
                0x200018f0       0x28 ./simplicity_sdk_2024.6.0/platform/service/hfxo_manager/src/sl_hfxo_manager.o
 .bss.hfxo_last_startup_time
                0x20001918        0x4 ./simplicity_sdk_2024.6.0/platform/service/hfxo_manager/src/sl_hfxo_manager.o
 .bss.hfxo_startup_time_tick
                0x2000191c        0x4 ./simplicity_sdk_2024.6.0/platform/service/hfxo_manager/src/sl_hfxo_manager.o
 .bss.sli_iostream_default
                0x20001920        0x4 ./simplicity_sdk_2024.6.0/platform/service/iostream/src/sl_iostream.o
 .bss.wakeup_time_config_overhead_tick
                0x20001924        0x4 ./simplicity_sdk_2024.6.0/platform/service/power_manager/src/sl_power_manager.o
                0x20001924                wakeup_time_config_overhead_tick
 .bss.high_frequency_min_offtime_tick
                0x20001928        0x4 ./simplicity_sdk_2024.6.0/platform/service/power_manager/src/sl_power_manager.o
                0x20001928                high_frequency_min_offtime_tick
 .bss.clock_wakeup_timer_handle
                0x2000192c       0x20 ./simplicity_sdk_2024.6.0/platform/service/power_manager/src/sl_power_manager.o
 .bss.sleeptimer_frequency
                0x2000194c        0x4 ./simplicity_sdk_2024.6.0/platform/service/power_manager/src/sl_power_manager.o
 .bss.power_manager_em_transition_event_list
                0x20001950        0x4 ./simplicity_sdk_2024.6.0/platform/service/power_manager/src/sl_power_manager.o
 .bss.process_wakeup_overhead_tick
                0x20001954        0x4 ./simplicity_sdk_2024.6.0/platform/service/power_manager/src/sl_power_manager_hal_s2.o
 .bss.cmu_sys_clock_register
                0x20001958        0x4 ./simplicity_sdk_2024.6.0/platform/service/power_manager/src/sl_power_manager_hal_s2.o
                0x20001958                cmu_sys_clock_register
 .bss.cmu_dpll_ref_clock_register
                0x2000195c        0x4 ./simplicity_sdk_2024.6.0/platform/service/power_manager/src/sl_power_manager_hal_s2.o
                0x2000195c                cmu_dpll_ref_clock_register
 .bss.cmu_em01_grpC_clock_register
                0x20001960        0x4 ./simplicity_sdk_2024.6.0/platform/service/power_manager/src/sl_power_manager_hal_s2.o
                0x20001960                cmu_em01_grpC_clock_register
 .bss.cmu_em01_grpA_clock_register
                0x20001964        0x4 ./simplicity_sdk_2024.6.0/platform/service/power_manager/src/sl_power_manager_hal_s2.o
                0x20001964                cmu_em01_grpA_clock_register
 .bss.max_millisecond_conversion
                0x20001968        0x4 ./simplicity_sdk_2024.6.0/platform/service/sleeptimer/src/sl_sleeptimer.o
 .bss.last_delta_update_count
                0x2000196c        0x4 ./simplicity_sdk_2024.6.0/platform/service/sleeptimer/src/sl_sleeptimer.o
 .bss.timer_head
                0x20001970        0x4 ./simplicity_sdk_2024.6.0/platform/service/sleeptimer/src/sl_sleeptimer.o
 .bss.timer_frequency
                0x20001974        0x4 ./simplicity_sdk_2024.6.0/platform/service/sleeptimer/src/sl_sleeptimer.o
 .bss.__malloc_sbrk_start
                0x20001978        0x4 c:/siliconlabs/simplicitystudio/v5/developer/toolchains/gnu_arm/12.2.rel1_2023.7/bin/../lib/gcc/arm-none-eabi/12.2.1/thumb/v8-m.main+fp/hard\libc_nano.a(libc_a-mallocr.o)
                0x20001978                __malloc_sbrk_start
 .bss.__malloc_free_list
                0x2000197c        0x4 c:/siliconlabs/simplicitystudio/v5/developer/toolchains/gnu_arm/12.2.rel1_2023.7/bin/../lib/gcc/arm-none-eabi/12.2.1/thumb/v8-m.main+fp/hard\libc_nano.a(libc_a-mallocr.o)
                0x2000197c                __malloc_free_list
 .bss.__sf      0x20001980      0x138 c:/siliconlabs/simplicitystudio/v5/developer/toolchains/gnu_arm/12.2.rel1_2023.7/bin/../lib/gcc/arm-none-eabi/12.2.1/thumb/v8-m.main+fp/hard\libc_nano.a(libc_a-findfp.o)
                0x20001980                __sf
 .bss.__stdio_exit_handler
                0x20001ab8        0x4 c:/siliconlabs/simplicitystudio/v5/developer/toolchains/gnu_arm/12.2.rel1_2023.7/bin/../lib/gcc/arm-none-eabi/12.2.1/thumb/v8-m.main+fp/hard\libc_nano.a(libc_a-findfp.o)
                0x20001ab8                __stdio_exit_handler
 .bss.errno     0x20001abc        0x4 c:/siliconlabs/simplicitystudio/v5/developer/toolchains/gnu_arm/12.2.rel1_2023.7/bin/../lib/gcc/arm-none-eabi/12.2.1/thumb/v8-m.main+fp/hard\libc_nano.a(libc_a-reent.o)
                0x20001abc                errno
 .bss.optiga_lib_status
                0x20001ac0        0x2 ./Pal/example_optiga_init_deinit.o
 .bss.overflow_counter
                0x20001ac2        0x2 ./simplicity_sdk_2024.6.0/platform/service/sleeptimer/src/sl_sleeptimer.o
 .bss.completed.1
                0x20001ac4        0x1 c:/siliconlabs/simplicitystudio/v5/developer/toolchains/gnu_arm/12.2.rel1_2023.7/bin/../lib/gcc/arm-none-eabi/12.2.1/thumb/v8-m.main+fp/hard/crtbegin.o
 .bss.data_store_app_context_buffer
                0x20001ac5        0xa ./Pal/pal_os_datastore.o
                0x20001ac5                data_store_app_context_buffer
 .bss.data_store_manage_context_buffer
                0x20001acf       0x44 ./Pal/pal_os_datastore.o
                0x20001acf                data_store_manage_context_buffer
 .bss.rx_buffer_vcom
                0x20001b13       0x20 ./autogen/sl_iostream_init_usart_instances.o
 .bss.initialized
                0x20001b33        0x1 ./simplicity_sdk_2024.6.0/platform/emdrv/dmadrv/src/dmadrv.o
 .bss.vScaleEM01Config
                0x20001b34        0x1 ./simplicity_sdk_2024.6.0/platform/emlib/src/em_emu.o
 .bss.hfxo_measurement_on
                0x20001b35        0x1 ./simplicity_sdk_2024.6.0/platform/service/hfxo_manager/src/sl_hfxo_manager.o
 .bss.hfxo_startup_time_table_index
                0x20001b36        0x1 ./simplicity_sdk_2024.6.0/platform/service/hfxo_manager/src/sl_hfxo_manager.o
 .bss.error_flag
                0x20001b37        0x1 ./simplicity_sdk_2024.6.0/platform/service/hfxo_manager/src/sl_hfxo_manager_hal_s2.o
 .bss.is_restored_from_hfxo_isr_internal
                0x20001b38        0x1 ./simplicity_sdk_2024.6.0/platform/service/power_manager/src/sl_power_manager.o
 .bss.is_restored_from_hfxo_isr
                0x20001b39        0x1 ./simplicity_sdk_2024.6.0/platform/service/power_manager/src/sl_power_manager.o
 .bss.is_actively_waiting_for_clock_restore
                0x20001b3a        0x1 ./simplicity_sdk_2024.6.0/platform/service/power_manager/src/sl_power_manager.o
 .bss.is_hf_x_oscillator_not_preserved
                0x20001b3b        0x1 ./simplicity_sdk_2024.6.0/platform/service/power_manager/src/sl_power_manager.o
 .bss.requirement_on_em1_added
                0x20001b3c        0x1 ./simplicity_sdk_2024.6.0/platform/service/power_manager/src/sl_power_manager.o
 .bss.is_states_saved
                0x20001b3d        0x1 ./simplicity_sdk_2024.6.0/platform/service/power_manager/src/sl_power_manager.o
 .bss.is_sleeping_waiting_for_clock_restore
                0x20001b3e        0x1 ./simplicity_sdk_2024.6.0/platform/service/power_manager/src/sl_power_manager.o
 .bss.waiting_clock_restore_from_em
                0x20001b3f        0x1 ./simplicity_sdk_2024.6.0/platform/service/power_manager/src/sl_power_manager.o
 .bss.requirement_high_accuracy_hf_clock_back_to_zero
                0x20001b40        0x1 ./simplicity_sdk_2024.6.0/platform/service/power_manager/src/sl_power_manager.o
                0x20001b40                requirement_high_accuracy_hf_clock_back_to_zero
 .bss.requirement_high_accuracy_hf_clock_counter
                0x20001b41        0x1 ./simplicity_sdk_2024.6.0/platform/service/power_manager/src/sl_power_manager.o
                0x20001b41                requirement_high_accuracy_hf_clock_counter
 .bss.requirement_em_table
                0x20001b42        0x2 ./simplicity_sdk_2024.6.0/platform/service/power_manager/src/sl_power_manager.o
 .bss.current_em
                0x20001b44        0x1 ./simplicity_sdk_2024.6.0/platform/service/power_manager/src/sl_power_manager.o
 .bss.is_initialized
                0x20001b45        0x1 ./simplicity_sdk_2024.6.0/platform/service/power_manager/src/sl_power_manager.o
 .bss.is_hf_x_oscillator_already_started
                0x20001b46        0x1 ./simplicity_sdk_2024.6.0/platform/service/power_manager/src/sl_power_manager_hal_s2.o
 .bss.is_entering_deepsleep
                0x20001b47        0x1 ./simplicity_sdk_2024.6.0/platform/service/power_manager/src/sl_power_manager_hal_s2.o
 .bss.is_dpll_used
                0x20001b48        0x1 ./simplicity_sdk_2024.6.0/platform/service/power_manager/src/sl_power_manager_hal_s2.o
 .bss.is_hf_x_oscillator_used
                0x20001b49        0x1 ./simplicity_sdk_2024.6.0/platform/service/power_manager/src/sl_power_manager_hal_s2.o
 .bss.sleep_on_isr_exit
                0x20001b4a        0x1 ./simplicity_sdk_2024.6.0/platform/service/sleeptimer/src/sl_sleeptimer.o
 .bss.next_timer_to_expire_is_power_manager
                0x20001b4b        0x1 ./simplicity_sdk_2024.6.0/platform/service/sleeptimer/src/sl_sleeptimer.o
 .bss.is_sleeptimer_initialized
                0x20001b4c        0x1 ./simplicity_sdk_2024.6.0/platform/service/sleeptimer/src/sl_sleeptimer.o
 .bss.__lock___malloc_recursive_mutex
                0x20001b4d        0x1 c:/siliconlabs/simplicitystudio/v5/developer/toolchains/gnu_arm/12.2.rel1_2023.7/bin/../lib/gcc/arm-none-eabi/12.2.1/thumb/v8-m.main+fp/hard\libc_nano.a(libc_a-lock.o)
                0x20001b4d                __lock___malloc_recursive_mutex
 .bss.__lock___sfp_recursive_mutex
                0x20001b4e        0x1 c:/siliconlabs/simplicitystudio/v5/developer/toolchains/gnu_arm/12.2.rel1_2023.7/bin/../lib/gcc/arm-none-eabi/12.2.1/thumb/v8-m.main+fp/hard\libc_nano.a(libc_a-lock.o)
                0x20001b4e                __lock___sfp_recursive_mutex
 *(COMMON)
                0x20001b50                . = ALIGN (0x4)
 *fill*         0x20001b4f        0x1 
                0x20001b50                __bss_end__ = .

text_application_ram
                0x20001b50        0x0 load address 0x08000170
                0x20001b50                . = ALIGN (0x4)
                0x20001b50                __vma_ramfuncs_start__ = .
                0x20001b50                __text_application_ram_start__ = .
 *(text_application_ram)
                0x20001b50                . = ALIGN (0x4)
                0x20001b50                __vma_ramfuncs_end__ = .
                0x20001b50                __text_application_ram_end__ = .

.rodata         0x08000170        0x0
                0x08000170                __lma_ramfuncs_end__ = .
                0x08000170                __rodata_start__ = .
                0x08000170                __rodata_end__ = .

.text           0x08000170     0x992c
                0x08000170                linker_code_begin = .
 *(SORT_BY_ALIGNMENT(.text*))
 .text          0x08000170        0x8 ./simplicity_sdk_2024.6.0/platform/service/udelay/src/sl_udelay_armv6m_gcc.o
                0x08000170                sli_delay_loop
 .text.deregister_tm_clones
                0x08000178       0x1c c:/siliconlabs/simplicitystudio/v5/developer/toolchains/gnu_arm/12.2.rel1_2023.7/bin/../lib/gcc/arm-none-eabi/12.2.1/thumb/v8-m.main+fp/hard/crtbegin.o
 .text.register_tm_clones
                0x08000194       0x28 c:/siliconlabs/simplicitystudio/v5/developer/toolchains/gnu_arm/12.2.rel1_2023.7/bin/../lib/gcc/arm-none-eabi/12.2.1/thumb/v8-m.main+fp/hard/crtbegin.o
 .text.__do_global_dtors_aux
                0x080001bc       0x28 c:/siliconlabs/simplicitystudio/v5/developer/toolchains/gnu_arm/12.2.rel1_2023.7/bin/../lib/gcc/arm-none-eabi/12.2.1/thumb/v8-m.main+fp/hard/crtbegin.o
 .text.frame_dummy
                0x080001e4       0x24 c:/siliconlabs/simplicitystudio/v5/developer/toolchains/gnu_arm/12.2.rel1_2023.7/bin/../lib/gcc/arm-none-eabi/12.2.1/thumb/v8-m.main+fp/hard/crtbegin.o
 .text          0x08000208       0x7c c:/siliconlabs/simplicitystudio/v5/developer/toolchains/gnu_arm/12.2.rel1_2023.7/bin/../lib/gcc/arm-none-eabi/12.2.1/thumb/v8-m.main+fp/hard/crt0.o
                0x08000208                _stack_init
                0x08000210                _start
                0x08000210                _mainCRTStartup
 .text.optiga_lib_callback
                0x08000284       0x24 ./Pal/example_optiga_init_deinit.o
 .text.example_optiga_init
                0x080002a8       0xa4 ./Pal/example_optiga_init_deinit.o
                0x080002a8                example_optiga_init
 .text.ifx_i2c_init
                0x0800034c       0x98 ./Pal/ifx_i2c.o
 .text.ifx_i2c_pl_event_handler
                0x080003e4      0x2c8 ./Pal/ifx_i2c_data_link_layer.o
 .text.ifx_i2c_dl_init
                0x080006ac       0x44 ./Pal/ifx_i2c_data_link_layer.o
                0x080006ac                ifx_i2c_dl_init
 .text.ifx_i2c_dl_receive_frame
                0x080006f0       0x3c ./Pal/ifx_i2c_data_link_layer.o
                0x080006f0                ifx_i2c_dl_receive_frame
 .text.ifx_i2c_pl_read_register
                0x0800072c       0x28 ./Pal/ifx_i2c_physical_layer.o
 .text.ifx_i2c_pl_set_bit_rate
                0x08000754       0x44 ./Pal/ifx_i2c_physical_layer.o
 .text.ifx_i2c_pl_negotiation_event_handler
                0x08000798      0x168 ./Pal/ifx_i2c_physical_layer.o
 .text.ifx_i2c_pl_soft_reset
                0x08000900       0x90 ./Pal/ifx_i2c_physical_layer.o
 .text.ifx_i2c_pl_frame_event_handler.part.0
                0x08000990       0xe4 ./Pal/ifx_i2c_physical_layer.o
 .text.ifx_i2c_pl_pal_event_handler
                0x08000a74       0x54 ./Pal/ifx_i2c_physical_layer.o
 .text.ifx_i2c_pl_init
                0x08000ac8       0x64 ./Pal/ifx_i2c_physical_layer.o
                0x08000ac8                ifx_i2c_pl_init
 .text.ifx_i2c_dl_event_handler
                0x08000b2c      0x244 ./Pal/ifx_i2c_transport_layer.o
 .text.ifx_i2c_tl_init
                0x08000d70       0x30 ./Pal/ifx_i2c_transport_layer.o
                0x08000d70                ifx_i2c_tl_init
 .text.optiga_cmd_queue_reset_slot
                0x08000da0       0x30 ./Pal/optiga_cmd.o
 .text.optiga_cmd_queue_scheduler
                0x08000dd0      0x164 ./Pal/optiga_cmd.o
 .text.optiga_cmd_open_application_handler
                0x08000f34       0xd0 ./Pal/optiga_cmd.o
 .text.optiga_cmd_request_lock
                0x08001004       0x28 ./Pal/optiga_cmd.o
                0x08001004                optiga_cmd_request_lock
 .text.optiga_cmd_execute_handler
                0x0800102c      0x47c ./Pal/optiga_cmd.o
 .text.optiga_cmd_create
                0x080014a8       0xa0 ./Pal/optiga_cmd.o
                0x080014a8                optiga_cmd_create
 .text.optiga_cmd_open_application
                0x08001548       0x24 ./Pal/optiga_cmd.o
                0x08001548                optiga_cmd_open_application
 .text.optiga_comms_create
                0x0800156c       0x28 ./Pal/optiga_comms_ifx_i2c.o
                0x0800156c                optiga_comms_create
 .text.optiga_comms_open
                0x08001594       0x38 ./Pal/optiga_comms_ifx_i2c.o
                0x08001594                optiga_comms_open
 .text.optiga_comms_transceive
                0x080015cc       0x38 ./Pal/optiga_comms_ifx_i2c.o
                0x080015cc                optiga_comms_transceive
 .text.optiga_comms_close
                0x08001604       0x34 ./Pal/optiga_comms_ifx_i2c.o
                0x08001604                optiga_comms_close
 .text.optiga_lib_print_message
                0x08001638       0x4c ./Pal/optiga_lib_logger.o
                0x08001638                optiga_lib_print_message
 .text.optiga_lib_print_status
                0x08001684       0xc8 ./Pal/optiga_lib_logger.o
                0x08001684                optiga_lib_print_status
 .text.optiga_util_create
                0x0800174c       0x44 ./Pal/optiga_util.o
                0x0800174c                optiga_util_create
 .text.pal_i2c_init
                0x08001790       0x20 ./Pal/pal_i2c.o
                0x08001790                pal_i2c_init
 .text.pal_i2c_write
                0x080017b0       0x28 ./Pal/pal_i2c.o
                0x080017b0                pal_i2c_write
 .text.pal_i2c_read
                0x080017d8       0x5c ./Pal/pal_i2c.o
                0x080017d8                pal_i2c_read
 .text.pal_i2c_set_bitrate
                0x08001834       0x7c ./Pal/pal_i2c.o
                0x08001834                pal_i2c_set_bitrate
 .text.pal_logger_write
                0x080018b0       0x2c ./Pal/pal_logger.o
                0x080018b0                pal_logger_write
 .text.pal_os_datastore_write
                0x080018dc       0x40 ./Pal/pal_os_datastore.o
                0x080018dc                pal_os_datastore_write
 .text.pal_os_datastore_read
                0x0800191c       0x58 ./Pal/pal_os_datastore.o
                0x0800191c                pal_os_datastore_read
 .text.pal_os_event_trigger_registered_callback
                0x08001974       0x10 ./Pal/pal_os_event.o
                0x08001974                pal_os_event_trigger_registered_callback
 .text.pal_os_event_register_callback_oneshot
                0x08001984       0x30 ./Pal/pal_os_event.o
                0x08001984                pal_os_event_register_callback_oneshot
 .text.pal_os_event_create
                0x080019b4       0x18 ./Pal/pal_os_event.o
                0x080019b4                pal_os_event_create
 .text.pal_os_timer_get_time_in_microseconds
                0x080019cc       0x10 ./Pal/pal_os_timer.o
                0x080019cc                pal_os_timer_get_time_in_microseconds
 .text.pal_os_timer_get_time_in_milliseconds
                0x080019dc        0xc ./Pal/pal_os_timer.o
                0x080019dc                pal_os_timer_get_time_in_milliseconds
 .text.app_process_action
                0x080019e8        0xc ./app.o
                0x080019e8                app_process_action
 .text.sl_platform_init
                0x080019f4       0x98 ./autogen/sl_event_handler.o
                0x080019f4                sl_platform_init
 .text.sl_i2cspm_init_instances
                0x08001a8c       0x1c ./autogen/sl_i2cspm_init.o
                0x08001a8c                sl_i2cspm_init_instances
 .text.sl_iostream_usart_init_vcom
                0x08001aa8       0xa4 ./autogen/sl_iostream_init_usart_instances.o
                0x08001aa8                sl_iostream_usart_init_vcom
 .text.events_handler
                0x08001b4c       0x5c ./autogen/sl_iostream_init_usart_instances.o
 .text.sl_iostream_usart_init_instances
                0x08001ba8       0x2c ./autogen/sl_iostream_init_usart_instances.o
                0x08001ba8                sl_iostream_usart_init_instances
 .text.USART0_RX_IRQHandler
                0x08001bd4        0xc ./autogen/sl_iostream_init_usart_instances.o
                0x08001bd4                USART0_RX_IRQHandler
 .text.sl_iostream_usart_vcom_sleep_on_isr_exit
                0x08001be0        0xc ./autogen/sl_iostream_init_usart_instances.o
                0x08001be0                sl_iostream_usart_vcom_sleep_on_isr_exit
 .text.remove_app_timer
                0x08001bec       0x3c ./simplicity_sdk_2024.6.0/app/common/util/app_timer/bm/app_timer.o
 .text.sli_app_timer_step
                0x08001c28       0x64 ./simplicity_sdk_2024.6.0/app/common/util/app_timer/bm/app_timer.o
                0x08001c28                sli_app_timer_step
 .text.sli_app_timer_sleep_on_isr_exit
                0x08001c8c       0x14 ./simplicity_sdk_2024.6.0/app/common/util/app_timer/bm/app_timer.o
                0x08001c8c                sli_app_timer_sleep_on_isr_exit
 .text.sli_app_timer_is_ok_to_sleep
                0x08001ca0       0x10 ./simplicity_sdk_2024.6.0/app/common/util/app_timer/bm/app_timer.o
                0x08001ca0                sli_app_timer_is_ok_to_sleep
 .text.sl_board_init
                0x08001cb0       0x14 ./simplicity_sdk_2024.6.0/hardware/board/src/sl_board_init.o
                0x08001cb0                sl_board_init
 .text.sl_board_preinit
                0x08001cc4        0xc ./simplicity_sdk_2024.6.0/hardware/board/src/sl_board_init.o
                0x08001cc4                sl_board_preinit
 .text.CopyRamFuncs
                0x08001cd0       0x1c ./simplicity_sdk_2024.6.0/platform/Device/SiliconLabs/EFR32FG23/Source/startup_efr32fg23.o
                0x08001cd0                CopyRamFuncs
 .text.Reset_Handler
                0x08001cec       0x64 ./simplicity_sdk_2024.6.0/platform/Device/SiliconLabs/EFR32FG23/Source/startup_efr32fg23.o
                0x08001cec                Reset_Handler
 .text.SystemInit
                0x08001d50       0x64 ./simplicity_sdk_2024.6.0/platform/Device/SiliconLabs/EFR32FG23/Source/system_efr32fg23.o
                0x08001d50                SystemInit
 .text.SystemHFRCODPLLClockGet
                0x08001db4        0xc ./simplicity_sdk_2024.6.0/platform/Device/SiliconLabs/EFR32FG23/Source/system_efr32fg23.o
                0x08001db4                SystemHFRCODPLLClockGet
 .text.SystemHFRCODPLLClockSet
                0x08001dc0        0xc ./simplicity_sdk_2024.6.0/platform/Device/SiliconLabs/EFR32FG23/Source/system_efr32fg23.o
                0x08001dc0                SystemHFRCODPLLClockSet
 .text.SystemSYSCLKGet
                0x08001dcc       0x34 ./simplicity_sdk_2024.6.0/platform/Device/SiliconLabs/EFR32FG23/Source/system_efr32fg23.o
                0x08001dcc                SystemSYSCLKGet
 .text.SystemHCLKGet
                0x08001e00       0x24 ./simplicity_sdk_2024.6.0/platform/Device/SiliconLabs/EFR32FG23/Source/system_efr32fg23.o
                0x08001e00                SystemHCLKGet
 .text.SystemMaxCoreClockGet
                0x08001e24        0x8 ./simplicity_sdk_2024.6.0/platform/Device/SiliconLabs/EFR32FG23/Source/system_efr32fg23.o
                0x08001e24                SystemMaxCoreClockGet
 .text.SystemHFXOClockGet
                0x08001e2c        0xc ./simplicity_sdk_2024.6.0/platform/Device/SiliconLabs/EFR32FG23/Source/system_efr32fg23.o
                0x08001e2c                SystemHFXOClockGet
 .text.SystemHFXOClockSet
                0x08001e38       0x20 ./simplicity_sdk_2024.6.0/platform/Device/SiliconLabs/EFR32FG23/Source/system_efr32fg23.o
                0x08001e38                SystemHFXOClockSet
 .text.SystemFSRCOClockGet
                0x08001e58        0x8 ./simplicity_sdk_2024.6.0/platform/Device/SiliconLabs/EFR32FG23/Source/system_efr32fg23.o
                0x08001e58                SystemFSRCOClockGet
 .text.SystemHFRCOEM23ClockGet
                0x08001e60       0x84 ./simplicity_sdk_2024.6.0/platform/Device/SiliconLabs/EFR32FG23/Source/system_efr32fg23.o
                0x08001e60                SystemHFRCOEM23ClockGet
 .text.SystemLFXOClockGet
                0x08001ee4        0xc ./simplicity_sdk_2024.6.0/platform/Device/SiliconLabs/EFR32FG23/Source/system_efr32fg23.o
                0x08001ee4                SystemLFXOClockGet
 .text.sl_slist_push
                0x08001ef0       0x20 ./simplicity_sdk_2024.6.0/platform/common/src/sl_slist.o
                0x08001ef0                sl_slist_push
 .text.sl_debug_swo_init
                0x08001f10       0xcc ./simplicity_sdk_2024.6.0/platform/driver/debug/src/sl_debug_swo.o
                0x08001f10                sl_debug_swo_init
 .text.sl_debug_swo_write_u8
                0x08001fdc       0x44 ./simplicity_sdk_2024.6.0/platform/driver/debug/src/sl_debug_swo.o
                0x08001fdc                sl_debug_swo_write_u8
 .text.I2CSPM_Init
                0x08002020      0x148 ./simplicity_sdk_2024.6.0/platform/driver/i2cspm/src/sl_i2cspm.o
                0x08002020                I2CSPM_Init
 .text.I2CSPM_Transfer
                0x08002168       0x20 ./simplicity_sdk_2024.6.0/platform/driver/i2cspm/src/sl_i2cspm.o
                0x08002168                I2CSPM_Transfer
 .text.StartTransfer
                0x08002188      0x17c ./simplicity_sdk_2024.6.0/platform/emdrv/dmadrv/src/dmadrv.o
 .text.DMADRV_AllocateChannel
                0x08002304       0x60 ./simplicity_sdk_2024.6.0/platform/emdrv/dmadrv/src/dmadrv.o
                0x08002304                DMADRV_AllocateChannel
 .text.DMADRV_DeInit
                0x08002364       0x44 ./simplicity_sdk_2024.6.0/platform/emdrv/dmadrv/src/dmadrv.o
                0x08002364                DMADRV_DeInit
 .text.DMADRV_FreeChannel
                0x080023a8       0x4c ./simplicity_sdk_2024.6.0/platform/emdrv/dmadrv/src/dmadrv.o
                0x080023a8                DMADRV_FreeChannel
 .text.DMADRV_Init
                0x080023f4       0x68 ./simplicity_sdk_2024.6.0/platform/emdrv/dmadrv/src/dmadrv.o
                0x080023f4                DMADRV_Init
 .text.DMADRV_PauseTransfer
                0x0800245c       0x40 ./simplicity_sdk_2024.6.0/platform/emdrv/dmadrv/src/dmadrv.o
                0x0800245c                DMADRV_PauseTransfer
 .text.DMADRV_ResumeTransfer
                0x0800249c       0x40 ./simplicity_sdk_2024.6.0/platform/emdrv/dmadrv/src/dmadrv.o
                0x0800249c                DMADRV_ResumeTransfer
 .text.DMADRV_StopTransfer
                0x080024dc       0x40 ./simplicity_sdk_2024.6.0/platform/emdrv/dmadrv/src/dmadrv.o
                0x080024dc                DMADRV_StopTransfer
 .text.DMADRV_TransferCompletePending
                0x0800251c       0x50 ./simplicity_sdk_2024.6.0/platform/emdrv/dmadrv/src/dmadrv.o
                0x0800251c                DMADRV_TransferCompletePending
 .text.DMADRV_TransferDone
                0x0800256c       0x44 ./simplicity_sdk_2024.6.0/platform/emdrv/dmadrv/src/dmadrv.o
                0x0800256c                DMADRV_TransferDone
 .text.LDMA_IRQHandler
                0x080025b0       0x74 ./simplicity_sdk_2024.6.0/platform/emdrv/dmadrv/src/dmadrv.o
                0x080025b0                LDMA_IRQHandler
 .text.EMU_VScaleGet
                0x08002624       0x18 ./simplicity_sdk_2024.6.0/platform/emlib/src/em_cmu.o
 .text.HFRCODPLLDevinfoGet
                0x0800263c      0x108 ./simplicity_sdk_2024.6.0/platform/emlib/src/em_cmu.o
 .text.em01GrpaClkGet
                0x08002744       0x74 ./simplicity_sdk_2024.6.0/platform/emlib/src/em_cmu.o
 .text.em01GrpcClkGet
                0x080027b8       0x70 ./simplicity_sdk_2024.6.0/platform/emlib/src/em_cmu.o
 .text.iadcClkGet
                0x08002828       0x60 ./simplicity_sdk_2024.6.0/platform/emlib/src/em_cmu.o
 .text.lesenseHFClkGet
                0x08002888       0x48 ./simplicity_sdk_2024.6.0/platform/emlib/src/em_cmu.o
 .text.eusart0ClkGet
                0x080028d0       0x74 ./simplicity_sdk_2024.6.0/platform/emlib/src/em_cmu.o
 .text.em23GrpaClkGet
                0x08002944       0x48 ./simplicity_sdk_2024.6.0/platform/emlib/src/em_cmu.o
 .text.vdac0ClkGet
                0x0800298c       0x70 ./simplicity_sdk_2024.6.0/platform/emlib/src/em_cmu.o
 .text.pcnt0ClkGet
                0x080029fc       0x4c ./simplicity_sdk_2024.6.0/platform/emlib/src/em_cmu.o
 .text.wdog0ClkGet
                0x08002a48       0x64 ./simplicity_sdk_2024.6.0/platform/emlib/src/em_cmu.o
 .text.wdog1ClkGet
                0x08002aac       0x64 ./simplicity_sdk_2024.6.0/platform/emlib/src/em_cmu.o
 .text.sysrtcClkGet
                0x08002b10       0x48 ./simplicity_sdk_2024.6.0/platform/emlib/src/em_cmu.o
 .text.lcdClkGet
                0x08002b58       0x54 ./simplicity_sdk_2024.6.0/platform/emlib/src/em_cmu.o
 .text.em4GrpaClkGet
                0x08002bac       0x48 ./simplicity_sdk_2024.6.0/platform/emlib/src/em_cmu.o
 .text.CMU_ClockDivGet
                0x08002bf4       0x84 ./simplicity_sdk_2024.6.0/platform/emlib/src/em_cmu.o
                0x08002bf4                CMU_ClockDivGet
 .text.flashWaitStateControl
                0x08002c78       0x58 ./simplicity_sdk_2024.6.0/platform/emlib/src/em_cmu.o
 .text.CMU_ClockEnable
                0x08002cd0       0x50 ./simplicity_sdk_2024.6.0/platform/emlib/src/em_cmu.o
                0x08002cd0                CMU_ClockEnable
 .text.CMU_ClockFreqGet
                0x08002d20      0x274 ./simplicity_sdk_2024.6.0/platform/emlib/src/em_cmu.o
                0x08002d20                CMU_ClockFreqGet
 .text.rhclkPrescOptimize
                0x08002f94       0x20 ./simplicity_sdk_2024.6.0/platform/emlib/src/em_cmu.o
 .text.CMU_ClockSelectGet
                0x08002fb4      0x268 ./simplicity_sdk_2024.6.0/platform/emlib/src/em_cmu.o
                0x08002fb4                CMU_ClockSelectGet
 .text.sli_em_cmu_SYSTICEXTCLKENClear
                0x0800321c       0x30 ./simplicity_sdk_2024.6.0/platform/emlib/src/em_cmu.o
                0x0800321c                sli_em_cmu_SYSTICEXTCLKENClear
 .text.CMU_HFXOInit
                0x0800324c      0x238 ./simplicity_sdk_2024.6.0/platform/emlib/src/em_cmu.o
                0x0800324c                CMU_HFXOInit
 .text.CMU_HFXOCTuneDeltaGet
                0x08003484        0xc ./simplicity_sdk_2024.6.0/platform/emlib/src/em_cmu.o
                0x08003484                CMU_HFXOCTuneDeltaGet
 .text.CMU_LFXOInit
                0x08003490       0xc4 ./simplicity_sdk_2024.6.0/platform/emlib/src/em_cmu.o
                0x08003490                CMU_LFXOInit
 .text.CMU_LFXOPrecisionSet
                0x08003554        0xc ./simplicity_sdk_2024.6.0/platform/emlib/src/em_cmu.o
                0x08003554                CMU_LFXOPrecisionSet
 .text.CMU_HFXOPrecisionSet
                0x08003560        0xc ./simplicity_sdk_2024.6.0/platform/emlib/src/em_cmu.o
                0x08003560                CMU_HFXOPrecisionSet
 .text.CMU_ClockDivSet
                0x0800356c      0x104 ./simplicity_sdk_2024.6.0/platform/emlib/src/em_cmu.o
                0x0800356c                CMU_ClockDivSet
 .text.sli_em_cmu_SYSCLKInitPreClockSelect
                0x08003670       0x20 ./simplicity_sdk_2024.6.0/platform/emlib/src/em_cmu.o
                0x08003670                sli_em_cmu_SYSCLKInitPreClockSelect
 .text.pclkDivOptimize
                0x08003690       0x24 ./simplicity_sdk_2024.6.0/platform/emlib/src/em_cmu.o
 .text.CMU_HFRCODPLLBandSet
                0x080036b4      0x11c ./simplicity_sdk_2024.6.0/platform/emlib/src/em_cmu.o
                0x080036b4                CMU_HFRCODPLLBandSet
 .text.CMU_HFRCOEM23BandSet
                0x080037d0      0x168 ./simplicity_sdk_2024.6.0/platform/emlib/src/em_cmu.o
                0x080037d0                CMU_HFRCOEM23BandSet
 .text.EMU_DCDCSync
                0x08003938       0x10 ./simplicity_sdk_2024.6.0/platform/emlib/src/em_emu.o
 .text.EMU_EM23Init
                0x08003948       0x18 ./simplicity_sdk_2024.6.0/platform/emlib/src/em_emu.o
                0x08003948                EMU_EM23Init
 .text.EMU_EnterEM2
                0x08003960       0x4c ./simplicity_sdk_2024.6.0/platform/emlib/src/em_emu.o
                0x08003960                EMU_EnterEM2
 .text.EMU_EnterEM3
                0x080039ac       0x44 ./simplicity_sdk_2024.6.0/platform/emlib/src/em_emu.o
                0x080039ac                EMU_EnterEM3
 .text.EMU_EM4Init
                0x080039f0       0x14 ./simplicity_sdk_2024.6.0/platform/emlib/src/em_emu.o
                0x080039f0                EMU_EM4Init
 .text.EMU_VScaleEM01
                0x08003a04       0xa8 ./simplicity_sdk_2024.6.0/platform/emlib/src/em_emu.o
                0x08003a04                EMU_VScaleEM01
 .text.EMU_VScaleEM01ByClock
                0x08003aac       0x30 ./simplicity_sdk_2024.6.0/platform/emlib/src/em_emu.o
                0x08003aac                EMU_VScaleEM01ByClock
 .text.EMU_EM01Init
                0x08003adc       0x14 ./simplicity_sdk_2024.6.0/platform/emlib/src/em_emu.o
                0x08003adc                EMU_EM01Init
 .text.EMU_DCDCModeSet
                0x08003af0       0xac ./simplicity_sdk_2024.6.0/platform/emlib/src/em_emu.o
                0x08003af0                EMU_DCDCModeSet
 .text.EMU_DCDCInit
                0x08003b9c       0x70 ./simplicity_sdk_2024.6.0/platform/emlib/src/em_emu.o
                0x08003b9c                EMU_DCDCInit
 .text.EMU_DCDCSetPFMXModePeakCurrent
                0x08003c0c       0x6c ./simplicity_sdk_2024.6.0/platform/emlib/src/em_emu.o
                0x08003c0c                EMU_DCDCSetPFMXModePeakCurrent
 .text.GPIO_PinOutSet
                0x08003c78       0x3c ./simplicity_sdk_2024.6.0/platform/emlib/src/em_gpio.o
 .text.GPIO_PinOutClear
                0x08003cb4       0x3c ./simplicity_sdk_2024.6.0/platform/emlib/src/em_gpio.o
 .text.GPIO_PinModeSet
                0x08003cf0       0x94 ./simplicity_sdk_2024.6.0/platform/emlib/src/em_gpio.o
                0x08003cf0                GPIO_PinModeSet
 .text.I2C_BusFreqSet
                0x08003d84      0x108 ./simplicity_sdk_2024.6.0/platform/emlib/src/em_i2c.o
                0x08003d84                I2C_BusFreqSet
 .text.I2C_Enable
                0x08003e8c       0x38 ./simplicity_sdk_2024.6.0/platform/emlib/src/em_i2c.o
                0x08003e8c                I2C_Enable
 .text.I2C_Init
                0x08003ec4       0x64 ./simplicity_sdk_2024.6.0/platform/emlib/src/em_i2c.o
                0x08003ec4                I2C_Init
 .text.I2C_Transfer
                0x08003f28      0x23c ./simplicity_sdk_2024.6.0/platform/emlib/src/em_i2c.o
                0x08003f28                I2C_Transfer
 .text.I2C_TransferInit
                0x08004164       0xbc ./simplicity_sdk_2024.6.0/platform/emlib/src/em_i2c.o
                0x08004164                I2C_TransferInit
 .text.LDMA_DeInit
                0x08004220       0x2c ./simplicity_sdk_2024.6.0/platform/emlib/src/em_ldma.o
                0x08004220                LDMA_DeInit
 .text.LDMA_EnableChannelRequest
                0x0800424c       0x40 ./simplicity_sdk_2024.6.0/platform/emlib/src/em_ldma.o
                0x0800424c                LDMA_EnableChannelRequest
 .text.LDMA_Init
                0x0800428c       0x90 ./simplicity_sdk_2024.6.0/platform/emlib/src/em_ldma.o
                0x0800428c                LDMA_Init
 .text.LDMA_StartTransfer
                0x0800431c      0x10c ./simplicity_sdk_2024.6.0/platform/emlib/src/em_ldma.o
                0x0800431c                LDMA_StartTransfer
 .text.LDMA_StopTransfer
                0x08004428       0x38 ./simplicity_sdk_2024.6.0/platform/emlib/src/em_ldma.o
                0x08004428                LDMA_StopTransfer
 .text.LDMA_TransferDone
                0x08004460       0x44 ./simplicity_sdk_2024.6.0/platform/emlib/src/em_ldma.o
                0x08004460                LDMA_TransferDone
 .text.PRS_ConvertToSyncSource
                0x080044a4       0x54 ./simplicity_sdk_2024.6.0/platform/emlib/src/em_prs.o
                0x080044a4                PRS_ConvertToSyncSource
 .text.PRS_ConvertToSyncSignal
                0x080044f8       0x74 ./simplicity_sdk_2024.6.0/platform/emlib/src/em_prs.o
                0x080044f8                PRS_ConvertToSyncSignal
 .text.PRS_ConnectSignal
                0x0800456c       0x5c ./simplicity_sdk_2024.6.0/platform/emlib/src/em_prs.o
                0x0800456c                PRS_ConnectSignal
 .text.PRS_ConnectConsumer
                0x080045c8       0x38 ./simplicity_sdk_2024.6.0/platform/emlib/src/em_prs.o
                0x080045c8                PRS_ConnectConsumer
 .text.USART_BaudrateAsyncSet
                0x08004600       0xe0 ./simplicity_sdk_2024.6.0/platform/emlib/src/em_usart.o
                0x08004600                USART_BaudrateAsyncSet
 .text.USART_Enable
                0x080046e0       0x3c ./simplicity_sdk_2024.6.0/platform/emlib/src/em_usart.o
                0x080046e0                USART_Enable
 .text.USART_Reset
                0x0800471c       0x58 ./simplicity_sdk_2024.6.0/platform/emlib/src/em_usart.o
                0x0800471c                USART_Reset
 .text.USART_InitAsync
                0x08004774       0xd4 ./simplicity_sdk_2024.6.0/platform/emlib/src/em_usart.o
                0x08004774                USART_InitAsync
 .text.sl_hal_sysrtc_wait_sync
                0x08004848       0x14 ./simplicity_sdk_2024.6.0/platform/peripheral/src/sl_hal_sysrtc.o
                0x08004848                sl_hal_sysrtc_wait_sync
 .text.sl_hal_sysrtc_wait_ready
                0x0800485c       0x1c ./simplicity_sdk_2024.6.0/platform/peripheral/src/sl_hal_sysrtc.o
                0x0800485c                sl_hal_sysrtc_wait_ready
 .text.sl_hal_sysrtc_stop
                0x08004878       0x14 ./simplicity_sdk_2024.6.0/platform/peripheral/src/sl_hal_sysrtc.o
                0x08004878                sl_hal_sysrtc_stop
 .text.sl_hal_sysrtc_enable
                0x0800488c       0x18 ./simplicity_sdk_2024.6.0/platform/peripheral/src/sl_hal_sysrtc.o
                0x0800488c                sl_hal_sysrtc_enable
 .text.sl_hal_sysrtc_disable
                0x080048a4       0x1c ./simplicity_sdk_2024.6.0/platform/peripheral/src/sl_hal_sysrtc.o
                0x080048a4                sl_hal_sysrtc_disable
 .text.sl_hal_sysrtc_init
                0x080048c0       0x20 ./simplicity_sdk_2024.6.0/platform/peripheral/src/sl_hal_sysrtc.o
                0x080048c0                sl_hal_sysrtc_init
 .text.sl_hal_sysrtc_init_group
                0x080048e0       0x48 ./simplicity_sdk_2024.6.0/platform/peripheral/src/sl_hal_sysrtc.o
                0x080048e0                sl_hal_sysrtc_init_group
 .text.sl_hal_sysrtc_enable_group_interrupts
                0x08004928       0x1c ./simplicity_sdk_2024.6.0/platform/peripheral/src/sl_hal_sysrtc.o
                0x08004928                sl_hal_sysrtc_enable_group_interrupts
 .text.sl_hal_sysrtc_disable_group_interrupts
                0x08004944       0x1c ./simplicity_sdk_2024.6.0/platform/peripheral/src/sl_hal_sysrtc.o
                0x08004944                sl_hal_sysrtc_disable_group_interrupts
 .text.sl_hal_sysrtc_clear_group_interrupts
                0x08004960       0x1c ./simplicity_sdk_2024.6.0/platform/peripheral/src/sl_hal_sysrtc.o
                0x08004960                sl_hal_sysrtc_clear_group_interrupts
 .text.sl_hal_sysrtc_get_group_interrupts
                0x0800497c       0x20 ./simplicity_sdk_2024.6.0/platform/peripheral/src/sl_hal_sysrtc.o
                0x0800497c                sl_hal_sysrtc_get_group_interrupts
 .text.sl_hal_sysrtc_get_group_compare_channel_value
                0x0800499c       0x30 ./simplicity_sdk_2024.6.0/platform/peripheral/src/sl_hal_sysrtc.o
                0x0800499c                sl_hal_sysrtc_get_group_compare_channel_value
 .text.sl_hal_sysrtc_set_group_compare_channel_value
                0x080049cc       0x28 ./simplicity_sdk_2024.6.0/platform/peripheral/src/sl_hal_sysrtc.o
                0x080049cc                sl_hal_sysrtc_set_group_compare_channel_value
 .text.sl_hal_sysrtc_get_group_capture_channel_value
                0x080049f4       0x20 ./simplicity_sdk_2024.6.0/platform/peripheral/src/sl_hal_sysrtc.o
                0x080049f4                sl_hal_sysrtc_get_group_capture_channel_value
 .text.sli_clock_manager_hal_enable_bus_clock
                0x08004a14       0x54 ./simplicity_sdk_2024.6.0/platform/service/clock_manager/src/sl_clock_manager_hal_s2.o
                0x08004a14                sli_clock_manager_hal_enable_bus_clock
 .text.sli_clock_manager_hal_init
                0x08004a68      0x1fc ./simplicity_sdk_2024.6.0/platform/service/clock_manager/src/sl_clock_manager_init_hal_s2.o
                0x08004a68                sli_clock_manager_hal_init
 .text.sl_device_init_dcdc
                0x08004c64       0x2c ./simplicity_sdk_2024.6.0/platform/service/device_init/src/sl_device_init_dcdc_s2.o
                0x08004c64                sl_device_init_dcdc
 .text.sl_hfxo_manager_init
                0x08004c90       0x5c ./simplicity_sdk_2024.6.0/platform/service/hfxo_manager/src/sl_hfxo_manager.o
                0x08004c90                sl_hfxo_manager_init
 .text.sli_hfxo_manager_begin_startup_measurement
                0x08004cec       0x1c ./simplicity_sdk_2024.6.0/platform/service/hfxo_manager/src/sl_hfxo_manager.o
                0x08004cec                sli_hfxo_manager_begin_startup_measurement
 .text.sli_hfxo_manager_retrieve_begining_startup_measurement
                0x08004d08       0x2c ./simplicity_sdk_2024.6.0/platform/service/hfxo_manager/src/sl_hfxo_manager.o
                0x08004d08                sli_hfxo_manager_retrieve_begining_startup_measurement
 .text.sli_hfxo_manager_end_startup_measurement
                0x08004d34       0xb0 ./simplicity_sdk_2024.6.0/platform/service/hfxo_manager/src/sl_hfxo_manager.o
                0x08004d34                sli_hfxo_manager_end_startup_measurement
 .text.sli_hfxo_manager_get_startup_time
                0x08004de4        0xc ./simplicity_sdk_2024.6.0/platform/service/hfxo_manager/src/sl_hfxo_manager.o
                0x08004de4                sli_hfxo_manager_get_startup_time
 .text.sli_hfxo_manager_init_hardware
                0x08004df0       0x58 ./simplicity_sdk_2024.6.0/platform/service/hfxo_manager/src/sl_hfxo_manager_hal_s2.o
                0x08004df0                sli_hfxo_manager_init_hardware
 .text.sli_hfxo_manager_is_hfxo_ready
                0x08004e48       0x24 ./simplicity_sdk_2024.6.0/platform/service/hfxo_manager/src/sl_hfxo_manager_hal_s2.o
                0x08004e48                sli_hfxo_manager_is_hfxo_ready
 .text.sl_hfxo_manager_irq_handler
                0x08004e6c       0x60 ./simplicity_sdk_2024.6.0/platform/service/hfxo_manager/src/sl_hfxo_manager_hal_s2.o
                0x08004e6c                sl_hfxo_manager_irq_handler
 .text.sl_interrupt_manager_disable_irq
                0x08004ecc       0x3c ./simplicity_sdk_2024.6.0/platform/service/interrupt_manager/src/sl_interrupt_manager_cortexm.o
                0x08004ecc                sl_interrupt_manager_disable_irq
 .text.sl_interrupt_manager_enable_irq
                0x08004f08       0x34 ./simplicity_sdk_2024.6.0/platform/service/interrupt_manager/src/sl_interrupt_manager_cortexm.o
                0x08004f08                sl_interrupt_manager_enable_irq
 .text.sl_interrupt_manager_clear_irq_pending
                0x08004f3c       0x1c ./simplicity_sdk_2024.6.0/platform/service/interrupt_manager/src/sl_interrupt_manager_cortexm.o
                0x08004f3c                sl_interrupt_manager_clear_irq_pending
 .text.sl_interrupt_manager_set_irq_priority
                0x08004f58       0x50 ./simplicity_sdk_2024.6.0/platform/service/interrupt_manager/src/sl_interrupt_manager_cortexm.o
                0x08004f58                sl_interrupt_manager_set_irq_priority
 .text.sl_iostream_set_default
                0x08004fa8       0x18 ./simplicity_sdk_2024.6.0/platform/service/iostream/src/sl_iostream.o
                0x08004fa8                sl_iostream_set_default
 .text.sl_iostream_get_default
                0x08004fc0       0x18 ./simplicity_sdk_2024.6.0/platform/service/iostream/src/sl_iostream.o
                0x08004fc0                sl_iostream_get_default
 .text._write   0x08004fd8       0x20 ./simplicity_sdk_2024.6.0/platform/service/iostream/src/sl_iostream_retarget_stdio.o
                0x08004fd8                _write
 .text.get_write_ptr
                0x08004ff8       0x40 ./simplicity_sdk_2024.6.0/platform/service/iostream/src/sl_iostream_uart.o
 .text.dma_irq_handler
                0x08005038       0x74 ./simplicity_sdk_2024.6.0/platform/service/iostream/src/sl_iostream_uart.o
 .text.uart_deinit
                0x080050ac       0x8c ./simplicity_sdk_2024.6.0/platform/service/iostream/src/sl_iostream_uart.o
 .text.uart_read
                0x08005138      0x1f4 ./simplicity_sdk_2024.6.0/platform/service/iostream/src/sl_iostream_uart.o
 .text.uart_write
                0x0800532c      0x104 ./simplicity_sdk_2024.6.0/platform/service/iostream/src/sl_iostream_uart.o
 .text.sli_iostream_uart_context_init
                0x08005430      0x140 ./simplicity_sdk_2024.6.0/platform/service/iostream/src/sl_iostream_uart.o
                0x08005430                sli_iostream_uart_context_init
 .text.sli_uart_txc
                0x08005570       0x4c ./simplicity_sdk_2024.6.0/platform/service/iostream/src/sl_iostream_uart.o
                0x08005570                sli_uart_txc
 .text.sl_iostream_usart_init
                0x080055bc      0x184 ./simplicity_sdk_2024.6.0/platform/service/iostream/src/sl_iostream_usart.o
                0x080055bc                sl_iostream_usart_init
 .text._sbrk    0x08005740       0x20 ./simplicity_sdk_2024.6.0/platform/service/memory_manager/src/sl_memory_manager_region.o
                0x08005740                _sbrk
 .text.get_lowest_em
                0x08005760       0x1c ./simplicity_sdk_2024.6.0/platform/service/power_manager/src/sl_power_manager.o
 .text.power_manager_notify_em_transition
                0x0800577c       0x74 ./simplicity_sdk_2024.6.0/platform/service/power_manager/src/sl_power_manager.o
 .text.clock_restore
                0x080057f0       0x58 ./simplicity_sdk_2024.6.0/platform/service/power_manager/src/sl_power_manager.o
 .text.on_clock_wakeup_timeout
                0x08005848       0x24 ./simplicity_sdk_2024.6.0/platform/service/power_manager/src/sl_power_manager.o
 .text.update_em1_requirement
                0x0800586c       0x68 ./simplicity_sdk_2024.6.0/platform/service/power_manager/src/sl_power_manager.o
 .text.sl_power_manager_init
                0x080058d4       0x7c ./simplicity_sdk_2024.6.0/platform/service/power_manager/src/sl_power_manager.o
                0x080058d4                sl_power_manager_init
 .text.sli_power_manager_update_em_requirement
                0x08005950      0x104 ./simplicity_sdk_2024.6.0/platform/service/power_manager/src/sl_power_manager.o
                0x08005950                sli_power_manager_update_em_requirement
 .text.sli_power_manager_get_restore_delay
                0x08005a54       0x34 ./simplicity_sdk_2024.6.0/platform/service/power_manager/src/sl_power_manager.o
                0x08005a54                sli_power_manager_get_restore_delay
 .text.sl_power_manager_subscribe_em_transition_event
                0x08005a88       0x24 ./simplicity_sdk_2024.6.0/platform/service/power_manager/src/sl_power_manager.o
                0x08005a88                sl_power_manager_subscribe_em_transition_event
 .text.sli_power_manager_convert_delay_us_to_tick
                0x08005aac       0x20 ./simplicity_sdk_2024.6.0/platform/service/power_manager/src/sl_power_manager.o
                0x08005aac                sli_power_manager_convert_delay_us_to_tick
 .text.sl_power_manager_sleep
                0x08005acc      0x264 ./simplicity_sdk_2024.6.0/platform/service/power_manager/src/sl_power_manager.o
                0x08005acc                sl_power_manager_sleep
 .text.sl_power_manager_is_latest_wakeup_internal
                0x08005d30       0x24 ./simplicity_sdk_2024.6.0/platform/service/power_manager/src/sl_power_manager.o
                0x08005d30                sl_power_manager_is_latest_wakeup_internal
 .text.sli_hfxo_manager_notify_ready_for_power_manager
                0x08005d54       0x3c ./simplicity_sdk_2024.6.0/platform/service/power_manager/src/sl_power_manager.o
                0x08005d54                sli_hfxo_manager_notify_ready_for_power_manager
 .text.sli_hfxo_notify_ready_for_power_manager_from_prs
                0x08005d90       0x18 ./simplicity_sdk_2024.6.0/platform/service/power_manager/src/sl_power_manager.o
                0x08005d90                sli_hfxo_notify_ready_for_power_manager_from_prs
 .text.sli_power_manager_em23_voltage_scaling_enable_fast_wakeup
                0x08005da8       0x50 ./simplicity_sdk_2024.6.0/platform/service/power_manager/src/sl_power_manager_hal_s2.o
                0x08005da8                sli_power_manager_em23_voltage_scaling_enable_fast_wakeup
 .text.sli_power_manager_init_hardware
                0x08005df8      0x124 ./simplicity_sdk_2024.6.0/platform/service/power_manager/src/sl_power_manager_hal_s2.o
                0x08005df8                sli_power_manager_init_hardware
 .text.sli_power_manager_save_states
                0x08005f1c       0x2c ./simplicity_sdk_2024.6.0/platform/service/power_manager/src/sl_power_manager_hal_s2.o
                0x08005f1c                sli_power_manager_save_states
 .text.EMU_EM23PresleepHook
                0x08005f48       0x74 ./simplicity_sdk_2024.6.0/platform/service/power_manager/src/sl_power_manager_hal_s2.o
                0x08005f48                EMU_EM23PresleepHook
 .text.EMU_EM23PostsleepHook
                0x08005fbc       0x58 ./simplicity_sdk_2024.6.0/platform/service/power_manager/src/sl_power_manager_hal_s2.o
                0x08005fbc                EMU_EM23PostsleepHook
 .text.sli_power_manager_handle_pre_deepsleep_operations
                0x08006014        0xc ./simplicity_sdk_2024.6.0/platform/service/power_manager/src/sl_power_manager_hal_s2.o
                0x08006014                sli_power_manager_handle_pre_deepsleep_operations
 .text.sli_power_manager_restore_high_freq_accuracy_clk
                0x08006020       0x50 ./simplicity_sdk_2024.6.0/platform/service/power_manager/src/sl_power_manager_hal_s2.o
                0x08006020                sli_power_manager_restore_high_freq_accuracy_clk
 .text.sli_power_manager_is_high_freq_accuracy_clk_ready
                0x08006070       0x14 ./simplicity_sdk_2024.6.0/platform/service/power_manager/src/sl_power_manager_hal_s2.o
                0x08006070                sli_power_manager_is_high_freq_accuracy_clk_ready
 .text.sli_power_manager_restore_states
                0x08006084       0x88 ./simplicity_sdk_2024.6.0/platform/service/power_manager/src/sl_power_manager_hal_s2.o
                0x08006084                sli_power_manager_restore_states
 .text.sli_power_manager_apply_em
                0x0800610c       0x38 ./simplicity_sdk_2024.6.0/platform/service/power_manager/src/sl_power_manager_hal_s2.o
                0x0800610c                sli_power_manager_apply_em
 .text.sli_power_manager_get_wakeup_process_time_overhead
                0x08006144       0x20 ./simplicity_sdk_2024.6.0/platform/service/power_manager/src/sl_power_manager_hal_s2.o
                0x08006144                sli_power_manager_get_wakeup_process_time_overhead
 .text.sli_power_manager_is_high_freq_accuracy_clk_used
                0x08006164        0xc ./simplicity_sdk_2024.6.0/platform/service/power_manager/src/sl_power_manager_hal_s2.o
                0x08006164                sli_power_manager_is_high_freq_accuracy_clk_used
 .text.update_delta_list
                0x08006170       0x34 ./simplicity_sdk_2024.6.0/platform/service/sleeptimer/src/sl_sleeptimer.o
 .text.delta_list_insert_timer
                0x080061a4       0x58 ./simplicity_sdk_2024.6.0/platform/service/sleeptimer/src/sl_sleeptimer.o
 .text.set_comparator_for_next_timer
                0x080061fc       0x5c ./simplicity_sdk_2024.6.0/platform/service/sleeptimer/src/sl_sleeptimer.o
 .text.create_timer
                0x08006258       0xa0 ./simplicity_sdk_2024.6.0/platform/service/sleeptimer/src/sl_sleeptimer.o
 .text.delta_list_remove_timer
                0x080062f8       0x38 ./simplicity_sdk_2024.6.0/platform/service/sleeptimer/src/sl_sleeptimer.o
 .text.sl_sleeptimer_init
                0x08006330       0x74 ./simplicity_sdk_2024.6.0/platform/service/sleeptimer/src/sl_sleeptimer.o
                0x08006330                sl_sleeptimer_init
 .text.sl_sleeptimer_stop_timer
                0x080063a4       0x64 ./simplicity_sdk_2024.6.0/platform/service/sleeptimer/src/sl_sleeptimer.o
                0x080063a4                sl_sleeptimer_stop_timer
 .text.sl_sleeptimer_is_timer_running
                0x08006408       0x3c ./simplicity_sdk_2024.6.0/platform/service/sleeptimer/src/sl_sleeptimer.o
                0x08006408                sl_sleeptimer_is_timer_running
 .text.sl_sleeptimer_get_remaining_time_of_first_timer
                0x08006444       0x60 ./simplicity_sdk_2024.6.0/platform/service/sleeptimer/src/sl_sleeptimer.o
                0x08006444                sl_sleeptimer_get_remaining_time_of_first_timer
 .text.sli_sleeptimer_is_power_manager_timer_next_to_expire
                0x080064a4       0x2c ./simplicity_sdk_2024.6.0/platform/service/sleeptimer/src/sl_sleeptimer.o
                0x080064a4                sli_sleeptimer_is_power_manager_timer_next_to_expire
 .text.sl_sleeptimer_get_timer_frequency
                0x080064d0        0xc ./simplicity_sdk_2024.6.0/platform/service/sleeptimer/src/sl_sleeptimer.o
                0x080064d0                sl_sleeptimer_get_timer_frequency
 .text.process_timer_irq
                0x080064dc      0x150 ./simplicity_sdk_2024.6.0/platform/service/sleeptimer/src/sl_sleeptimer.o
                0x080064dc                process_timer_irq
 .text.sl_sleeptimer_is_power_manager_early_restore_timer_latest_to_expire
                0x0800662c       0x18 ./simplicity_sdk_2024.6.0/platform/service/sleeptimer/src/sl_sleeptimer.o
                0x0800662c                sl_sleeptimer_is_power_manager_early_restore_timer_latest_to_expire
 .text.sli_sleeptimer_update_sleep_on_isr_exit
                0x08006644        0xc ./simplicity_sdk_2024.6.0/platform/service/sleeptimer/src/sl_sleeptimer.o
                0x08006644                sli_sleeptimer_update_sleep_on_isr_exit
 .text.sleeptimer_hal_init_timer
                0x08006650       0x68 ./simplicity_sdk_2024.6.0/platform/service/sleeptimer/src/sl_sleeptimer_hal_sysrtc.o
                0x08006650                sleeptimer_hal_init_timer
 .text.sli_sleeptimer_hal_power_manager_integration_init
                0x080066b8       0x34 ./simplicity_sdk_2024.6.0/platform/service/sleeptimer/src/sl_sleeptimer_hal_sysrtc.o
                0x080066b8                sli_sleeptimer_hal_power_manager_integration_init
 .text.sli_sleeptimer_hal_hfxo_manager_integration_init
                0x080066ec       0x30 ./simplicity_sdk_2024.6.0/platform/service/sleeptimer/src/sl_sleeptimer_hal_sysrtc.o
                0x080066ec                sli_sleeptimer_hal_hfxo_manager_integration_init
 .text.sleeptimer_hal_get_counter
                0x0800671c       0x10 ./simplicity_sdk_2024.6.0/platform/service/sleeptimer/src/sl_sleeptimer_hal_sysrtc.o
                0x0800671c                sleeptimer_hal_get_counter
 .text.sleeptimer_hal_set_compare_prs_hfxo_startup
                0x0800672c       0x58 ./simplicity_sdk_2024.6.0/platform/service/sleeptimer/src/sl_sleeptimer_hal_sysrtc.o
                0x0800672c                sleeptimer_hal_set_compare_prs_hfxo_startup
 .text.sleeptimer_hal_set_compare
                0x08006784       0x70 ./simplicity_sdk_2024.6.0/platform/service/sleeptimer/src/sl_sleeptimer_hal_sysrtc.o
                0x08006784                sleeptimer_hal_set_compare
 .text.sleeptimer_hal_disable_int
                0x080067f4       0x2c ./simplicity_sdk_2024.6.0/platform/service/sleeptimer/src/sl_sleeptimer_hal_sysrtc.o
                0x080067f4                sleeptimer_hal_disable_int
 .text.sleeptimer_hal_set_int
                0x08006820       0x10 ./simplicity_sdk_2024.6.0/platform/service/sleeptimer/src/sl_sleeptimer_hal_sysrtc.o
                0x08006820                sleeptimer_hal_set_int
 .text.sleeptimer_hal_get_timer_frequency
                0x08006830       0x18 ./simplicity_sdk_2024.6.0/platform/service/sleeptimer/src/sl_sleeptimer_hal_sysrtc.o
                0x08006830                sleeptimer_hal_get_timer_frequency
 .text.sleeptimer_hal_disable_prs_compare_and_capture_channel
                0x08006848       0x28 ./simplicity_sdk_2024.6.0/platform/service/sleeptimer/src/sl_sleeptimer_hal_sysrtc.o
                0x08006848                sleeptimer_hal_disable_prs_compare_and_capture_channel
 .text.sli_sleeptimer_set_pm_em_requirement
                0x08006870       0x30 ./simplicity_sdk_2024.6.0/platform/service/sleeptimer/src/sl_sleeptimer_hal_sysrtc.o
                0x08006870                sli_sleeptimer_set_pm_em_requirement
 .text.sl_udelay_wait
                0x080068a0       0x58 ./simplicity_sdk_2024.6.0/platform/service/udelay/src/sl_udelay.o
                0x080068a0                sl_udelay_wait
 .text          0x080068f8       0x30 c:/siliconlabs/simplicitystudio/v5/developer/toolchains/gnu_arm/12.2.rel1_2023.7/bin/../lib/gcc/arm-none-eabi/12.2.1/thumb/v8-m.main+fp/hard\libgcc.a(_aeabi_uldivmod.o)
                0x080068f8                __aeabi_uldivmod
 .text.__udivmoddi4
                0x08006928      0x2ec c:/siliconlabs/simplicitystudio/v5/developer/toolchains/gnu_arm/12.2.rel1_2023.7/bin/../lib/gcc/arm-none-eabi/12.2.1/thumb/v8-m.main+fp/hard\libgcc.a(_udivmoddi4.o)
                0x08006928                __udivmoddi4
 .text          0x08006c14        0x4 c:/siliconlabs/simplicitystudio/v5/developer/toolchains/gnu_arm/12.2.rel1_2023.7/bin/../lib/gcc/arm-none-eabi/12.2.1/thumb/v8-m.main+fp/hard\libgcc.a(_dvmd_tls.o)
                0x08006c14                __aeabi_idiv0
                0x08006c14                __aeabi_ldiv0
 .text.calloc   0x08006c18       0x10 c:/siliconlabs/simplicitystudio/v5/developer/toolchains/gnu_arm/12.2.rel1_2023.7/bin/../lib/gcc/arm-none-eabi/12.2.1/thumb/v8-m.main+fp/hard\libc_nano.a(libc_a-calloc.o)
                0x08006c18                calloc
 .text.exit     0x08006c28       0x24 c:/siliconlabs/simplicitystudio/v5/developer/toolchains/gnu_arm/12.2.rel1_2023.7/bin/../lib/gcc/arm-none-eabi/12.2.1/thumb/v8-m.main+fp/hard\libc_nano.a(libc_a-exit.o)
                0x08006c28                exit
 .text.free     0x08006c4c       0x10 c:/siliconlabs/simplicitystudio/v5/developer/toolchains/gnu_arm/12.2.rel1_2023.7/bin/../lib/gcc/arm-none-eabi/12.2.1/thumb/v8-m.main+fp/hard\libc_nano.a(libc_a-malloc.o)
                0x08006c4c                free
 .text.sbrk_aligned
                0x08006c5c       0x44 c:/siliconlabs/simplicitystudio/v5/developer/toolchains/gnu_arm/12.2.rel1_2023.7/bin/../lib/gcc/arm-none-eabi/12.2.1/thumb/v8-m.main+fp/hard\libc_nano.a(libc_a-mallocr.o)
 .text._malloc_r
                0x08006ca0       0xf0 c:/siliconlabs/simplicitystudio/v5/developer/toolchains/gnu_arm/12.2.rel1_2023.7/bin/../lib/gcc/arm-none-eabi/12.2.1/thumb/v8-m.main+fp/hard\libc_nano.a(libc_a-mallocr.o)
                0x08006ca0                _malloc_r
 .text.__malloc_lock
                0x08006d90        0xc c:/siliconlabs/simplicitystudio/v5/developer/toolchains/gnu_arm/12.2.rel1_2023.7/bin/../lib/gcc/arm-none-eabi/12.2.1/thumb/v8-m.main+fp/hard\libc_nano.a(libc_a-mlock.o)
                0x08006d90                __malloc_lock
 .text.__malloc_unlock
                0x08006d9c        0xc c:/siliconlabs/simplicitystudio/v5/developer/toolchains/gnu_arm/12.2.rel1_2023.7/bin/../lib/gcc/arm-none-eabi/12.2.1/thumb/v8-m.main+fp/hard\libc_nano.a(libc_a-mlock.o)
                0x08006d9c                __malloc_unlock
 .text.std      0x08006da8       0x6c c:/siliconlabs/simplicitystudio/v5/developer/toolchains/gnu_arm/12.2.rel1_2023.7/bin/../lib/gcc/arm-none-eabi/12.2.1/thumb/v8-m.main+fp/hard\libc_nano.a(libc_a-findfp.o)
 .text.stdio_exit_handler
                0x08006e14       0x18 c:/siliconlabs/simplicitystudio/v5/developer/toolchains/gnu_arm/12.2.rel1_2023.7/bin/../lib/gcc/arm-none-eabi/12.2.1/thumb/v8-m.main+fp/hard\libc_nano.a(libc_a-findfp.o)
 .text.cleanup_stdio
                0x08006e2c       0x40 c:/siliconlabs/simplicitystudio/v5/developer/toolchains/gnu_arm/12.2.rel1_2023.7/bin/../lib/gcc/arm-none-eabi/12.2.1/thumb/v8-m.main+fp/hard\libc_nano.a(libc_a-findfp.o)
 .text.global_stdio_init.part.0
                0x08006e6c       0x3c c:/siliconlabs/simplicitystudio/v5/developer/toolchains/gnu_arm/12.2.rel1_2023.7/bin/../lib/gcc/arm-none-eabi/12.2.1/thumb/v8-m.main+fp/hard\libc_nano.a(libc_a-findfp.o)
 .text.__sfp_lock_acquire
                0x08006ea8        0xc c:/siliconlabs/simplicitystudio/v5/developer/toolchains/gnu_arm/12.2.rel1_2023.7/bin/../lib/gcc/arm-none-eabi/12.2.1/thumb/v8-m.main+fp/hard\libc_nano.a(libc_a-findfp.o)
                0x08006ea8                __sfp_lock_acquire
 .text.__sfp_lock_release
                0x08006eb4        0xc c:/siliconlabs/simplicitystudio/v5/developer/toolchains/gnu_arm/12.2.rel1_2023.7/bin/../lib/gcc/arm-none-eabi/12.2.1/thumb/v8-m.main+fp/hard\libc_nano.a(libc_a-findfp.o)
                0x08006eb4                __sfp_lock_release
 .text.__sinit  0x08006ec0       0x30 c:/siliconlabs/simplicitystudio/v5/developer/toolchains/gnu_arm/12.2.rel1_2023.7/bin/../lib/gcc/arm-none-eabi/12.2.1/thumb/v8-m.main+fp/hard\libc_nano.a(libc_a-findfp.o)
                0x08006ec0                __sinit
 .text.printf   0x08006ef0       0x24 c:/siliconlabs/simplicitystudio/v5/developer/toolchains/gnu_arm/12.2.rel1_2023.7/bin/../lib/gcc/arm-none-eabi/12.2.1/thumb/v8-m.main+fp/hard\libc_nano.a(libc_a-printf.o)
                0x08006ef0                iprintf
                0x08006ef0                printf
 .text.sprintf  0x08006f14       0x40 c:/siliconlabs/simplicitystudio/v5/developer/toolchains/gnu_arm/12.2.rel1_2023.7/bin/../lib/gcc/arm-none-eabi/12.2.1/thumb/v8-m.main+fp/hard\libc_nano.a(libc_a-sprintf.o)
                0x08006f14                siprintf
                0x08006f14                sprintf
 .text._close_r
                0x08006f54       0x20 c:/siliconlabs/simplicitystudio/v5/developer/toolchains/gnu_arm/12.2.rel1_2023.7/bin/../lib/gcc/arm-none-eabi/12.2.1/thumb/v8-m.main+fp/hard\libc_nano.a(libc_a-closer.o)
                0x08006f54                _close_r
 .text._lseek_r
                0x08006f74       0x24 c:/siliconlabs/simplicitystudio/v5/developer/toolchains/gnu_arm/12.2.rel1_2023.7/bin/../lib/gcc/arm-none-eabi/12.2.1/thumb/v8-m.main+fp/hard\libc_nano.a(libc_a-lseekr.o)
                0x08006f74                _lseek_r
 .text._read_r  0x08006f98       0x24 c:/siliconlabs/simplicitystudio/v5/developer/toolchains/gnu_arm/12.2.rel1_2023.7/bin/../lib/gcc/arm-none-eabi/12.2.1/thumb/v8-m.main+fp/hard\libc_nano.a(libc_a-readr.o)
                0x08006f98                _read_r
 .text._sbrk_r  0x08006fbc       0x20 c:/siliconlabs/simplicitystudio/v5/developer/toolchains/gnu_arm/12.2.rel1_2023.7/bin/../lib/gcc/arm-none-eabi/12.2.1/thumb/v8-m.main+fp/hard\libc_nano.a(libc_a-sbrkr.o)
                0x08006fbc                _sbrk_r
 .text._write_r
                0x08006fdc       0x24 c:/siliconlabs/simplicitystudio/v5/developer/toolchains/gnu_arm/12.2.rel1_2023.7/bin/../lib/gcc/arm-none-eabi/12.2.1/thumb/v8-m.main+fp/hard\libc_nano.a(libc_a-writer.o)
                0x08006fdc                _write_r
 .text.__libc_init_array
                0x08007000       0x48 c:/siliconlabs/simplicitystudio/v5/developer/toolchains/gnu_arm/12.2.rel1_2023.7/bin/../lib/gcc/arm-none-eabi/12.2.1/thumb/v8-m.main+fp/hard\libc_nano.a(libc_a-init.o)
                0x08007000                __libc_init_array
 .text._free_r  0x08007048       0x94 c:/siliconlabs/simplicitystudio/v5/developer/toolchains/gnu_arm/12.2.rel1_2023.7/bin/../lib/gcc/arm-none-eabi/12.2.1/thumb/v8-m.main+fp/hard\libc_nano.a(libc_a-freer.o)
                0x08007048                _free_r
 .text._svfprintf_r
                0x080070dc      0x1f8 c:/siliconlabs/simplicitystudio/v5/developer/toolchains/gnu_arm/12.2.rel1_2023.7/bin/../lib/gcc/arm-none-eabi/12.2.1/thumb/v8-m.main+fp/hard\libc_nano.a(libc_a-nano-svfprintf.o)
                0x080070dc                _svfiprintf_r
                0x080070dc                _svfprintf_r
 .text._vfprintf_r
                0x080072d4      0x230 c:/siliconlabs/simplicitystudio/v5/developer/toolchains/gnu_arm/12.2.rel1_2023.7/bin/../lib/gcc/arm-none-eabi/12.2.1/thumb/v8-m.main+fp/hard\libc_nano.a(libc_a-nano-vfprintf.o)
                0x080072d4                _vfprintf_r
                0x080072d4                _vfiprintf_r
 .text._printf_i
                0x08007504      0x258 c:/siliconlabs/simplicitystudio/v5/developer/toolchains/gnu_arm/12.2.rel1_2023.7/bin/../lib/gcc/arm-none-eabi/12.2.1/thumb/v8-m.main+fp/hard\libc_nano.a(libc_a-nano-vfprintf_i.o)
                0x08007504                _printf_i
 .text.__swsetup_r
                0x0800775c       0xac c:/siliconlabs/simplicitystudio/v5/developer/toolchains/gnu_arm/12.2.rel1_2023.7/bin/../lib/gcc/arm-none-eabi/12.2.1/thumb/v8-m.main+fp/hard\libc_nano.a(libc_a-wsetup.o)
                0x0800775c                __swsetup_r
 .text._fstat_r
                0x08007808       0x24 c:/siliconlabs/simplicitystudio/v5/developer/toolchains/gnu_arm/12.2.rel1_2023.7/bin/../lib/gcc/arm-none-eabi/12.2.1/thumb/v8-m.main+fp/hard\libc_nano.a(libc_a-fstatr.o)
                0x08007808                _fstat_r
 .text._isatty_r
                0x0800782c       0x20 c:/siliconlabs/simplicitystudio/v5/developer/toolchains/gnu_arm/12.2.rel1_2023.7/bin/../lib/gcc/arm-none-eabi/12.2.1/thumb/v8-m.main+fp/hard\libc_nano.a(libc_a-isattyr.o)
                0x0800782c                _isatty_r
 .text.ifx_i2c_tl_event_handler
                0x0800784c       0x2e ./Pal/ifx_i2c.o
                0x0800784c                ifx_i2c_tl_event_handler
 .text.ifx_i2c_open
                0x0800787a       0x3a ./Pal/ifx_i2c.o
                0x0800787a                ifx_i2c_open
 .text.ifx_i2c_transceive
                0x080078b4       0x32 ./Pal/ifx_i2c.o
                0x080078b4                ifx_i2c_transceive
 .text.ifx_i2c_close
                0x080078e6       0x44 ./Pal/ifx_i2c.o
                0x080078e6                ifx_i2c_close
 .text.ifx_i2c_dl_calc_crc
                0x0800792a       0x36 ./Pal/ifx_i2c_data_link_layer.o
 .text.ifx_i2c_dl_send_frame_internal
                0x08007960       0x8e ./Pal/ifx_i2c_data_link_layer.o
 .text.ifx_i2c_dl_send_frame
                0x080079ee       0x36 ./Pal/ifx_i2c_data_link_layer.o
                0x080079ee                ifx_i2c_dl_send_frame
 .text.ifx_i2c_pl_status_poll_callback
                0x08007a24        0x8 ./Pal/ifx_i2c_physical_layer.o
 .text.ifx_i2c_pl_write_register
                0x08007a2c       0x38 ./Pal/ifx_i2c_physical_layer.o
 .text.ifx_i2c_pal_poll_callback
                0x08007a64       0x2e ./Pal/ifx_i2c_physical_layer.o
 .text.ifx_i2c_pl_guard_time_callback
                0x08007a92       0x30 ./Pal/ifx_i2c_physical_layer.o
 .text.ifx_i2c_pl_send_frame
                0x08007ac2       0x26 ./Pal/ifx_i2c_physical_layer.o
                0x08007ac2                ifx_i2c_pl_send_frame
 .text.ifx_i2c_pl_receive_frame
                0x08007ae8       0x20 ./Pal/ifx_i2c_physical_layer.o
                0x08007ae8                ifx_i2c_pl_receive_frame
 .text.ifx_i2c_tl_send_next_fragment
                0x08007b08       0x4e ./Pal/ifx_i2c_transport_layer.o
 .text.ifx_i2c_tl_transceive
                0x08007b56       0x54 ./Pal/ifx_i2c_transport_layer.o
                0x08007b56                ifx_i2c_tl_transceive
 .text.optiga_cmd_session_free
                0x08007baa       0x14 ./Pal/optiga_cmd.o
 .text.optiga_cmd_queue_get_count_of
                0x08007bbe       0x26 ./Pal/optiga_cmd.o
 .text.optiga_cmd_queue_update_slot
                0x08007be4       0x66 ./Pal/optiga_cmd.o
 .text.optiga_cmd_event_trigger_execute
                0x08007c4a        0x6 ./Pal/optiga_cmd.o
 .text.ifx_i2c_event_handler
                0x08007c50       0x10 ./Pal/optiga_comms_ifx_i2c.o
 .text.optiga_comms_set_callback_context
                0x08007c60        0x6 ./Pal/optiga_comms_ifx_i2c.o
                0x08007c60                optiga_comms_set_callback_context
 .text.optiga_common_set_uint16
                0x08007c66        0x8 ./Pal/optiga_lib_common.o
                0x08007c66                optiga_common_set_uint16
 .text.optiga_common_get_uint32
                0x08007c6e        0x6 ./Pal/optiga_lib_common.o
                0x08007c6e                optiga_common_get_uint32
 .text.optiga_lib_word_to_hex_string
                0x08007c74       0x4e ./Pal/optiga_lib_logger.o
 .text.optiga_util_generic_event_handler
                0x08007cc2        0xa ./Pal/optiga_util.o
 .text.optiga_util_open_application
                0x08007ccc       0x2e ./Pal/optiga_util.o
                0x08007ccc                optiga_util_open_application
 .text.pal_init
                0x08007cfa        0x4 ./Pal/pal.o
                0x08007cfa                pal_init
 .text.pal_gpio_set_high
                0x08007cfe        0x2 ./Pal/pal_gpio.o
                0x08007cfe                pal_gpio_set_high
 .text.pal_gpio_set_low
                0x08007d00        0x2 ./Pal/pal_gpio.o
                0x08007d00                pal_gpio_set_low
 .text.pal_i2c_deinit
                0x08007d02        0x4 ./Pal/pal_i2c.o
                0x08007d02                pal_i2c_deinit
 .text.pal_os_event_stop
                0x08007d06        0x6 ./Pal/pal_os_event.o
                0x08007d06                pal_os_event_stop
 .text.sleeptimer_callback
                0x08007d0c        0x4 ./Pal/pal_os_event.o
 .text.pal_os_event_start
                0x08007d10       0x1c ./Pal/pal_os_event.o
                0x08007d10                pal_os_event_start
 .text.pal_os_lock_enter_critical_section
                0x08007d2c        0x2 ./Pal/pal_os_lock_efr32.o
                0x08007d2c                pal_os_lock_enter_critical_section
 .text.pal_os_lock_exit_critical_section
                0x08007d2e        0x2 ./Pal/pal_os_lock_efr32.o
                0x08007d2e                pal_os_lock_exit_critical_section
 .text.app_init
                0x08007d30        0x2 ./app.o
                0x08007d30                app_init
 .text.startup.main
                0x08007d32       0x22 ./main.o
                0x08007d32                main
 .text.sl_board_default_init
                0x08007d54        0x2 ./autogen/sl_board_default_init.o
                0x08007d54                sl_board_default_init
 .text.sl_driver_init
                0x08007d56       0x12 ./autogen/sl_event_handler.o
                0x08007d56                sl_driver_init
 .text.sl_service_init
                0x08007d68       0x16 ./autogen/sl_event_handler.o
                0x08007d68                sl_service_init
 .text.sl_stack_init
                0x08007d7e        0x2 ./autogen/sl_event_handler.o
                0x08007d7e                sl_stack_init
 .text.sl_internal_app_init
                0x08007d80        0x2 ./autogen/sl_event_handler.o
                0x08007d80                sl_internal_app_init
 .text.sl_platform_process_action
                0x08007d82        0x2 ./autogen/sl_event_handler.o
                0x08007d82                sl_platform_process_action
 .text.sl_service_process_action
                0x08007d84        0x4 ./autogen/sl_event_handler.o
                0x08007d84                sl_service_process_action
 .text.sl_stack_process_action
                0x08007d88        0x2 ./autogen/sl_event_handler.o
                0x08007d88                sl_stack_process_action
 .text.sl_internal_app_process_action
                0x08007d8a        0x2 ./autogen/sl_event_handler.o
                0x08007d8a                sl_internal_app_process_action
 .text.USART0_TX_IRQHandler
                0x08007d8c        0x4 ./autogen/sl_iostream_init_usart_instances.o
                0x08007d8c                USART0_TX_IRQHandler
 .text.app_is_ok_to_sleep
                0x08007d90        0x4 ./autogen/sl_power_manager_handler.o
                0x08007d90                app_is_ok_to_sleep
 .text.app_sleep_on_isr_exit
                0x08007d94        0x4 ./autogen/sl_power_manager_handler.o
                0x08007d94                app_sleep_on_isr_exit
 .text.sl_power_manager_is_ok_to_sleep
                0x08007d98       0x14 ./autogen/sl_power_manager_handler.o
                0x08007d98                sl_power_manager_is_ok_to_sleep
 .text.sl_power_manager_sleep_on_isr_exit
                0x08007dac       0x4c ./autogen/sl_power_manager_handler.o
                0x08007dac                sl_power_manager_sleep_on_isr_exit
 .text.sl_board_configure_vcom
                0x08007df8        0x4 ./simplicity_sdk_2024.6.0/hardware/board/src/sl_board_control_gpio.o
                0x08007df8                sl_board_configure_vcom
 .text.sli_cos_swo_itm_8_write.constprop.0.isra.0
                0x08007dfc       0x78 ./simplicity_sdk_2024.6.0/hardware/driver/configuration_over_swo/src/sl_cos.o
 .text.sl_cos_send_config
                0x08007e74       0x12 ./simplicity_sdk_2024.6.0/hardware/driver/configuration_over_swo/src/sl_cos.o
                0x08007e74                sl_cos_send_config
 .text.sl_cos_config_vcom
                0x08007e86       0x1e ./simplicity_sdk_2024.6.0/hardware/driver/configuration_over_swo/src/sl_cos.o
                0x08007e86                sl_cos_config_vcom
 .text.Default_Handler
                0x08007ea4        0x2 ./simplicity_sdk_2024.6.0/platform/Device/SiliconLabs/EFR32FG23/Source/startup_efr32fg23.o
                0x08007ea4                ULFRCO_IRQHandler
                0x08007ea4                SW2_IRQHandler
                0x08007ea4                TIMER2_IRQHandler
                0x08007ea4                DebugMon_Handler
                0x08007ea4                IADC_IRQHandler
                0x08007ea4                EUSART0_TX_IRQHandler
                0x08007ea4                I2C0_IRQHandler
                0x08007ea4                LFXO_IRQHandler
                0x08007ea4                VDAC_IRQHandler
                0x08007ea4                HardFault_Handler
                0x08007ea4                SMU_SECURE_IRQHandler
                0x08007ea4                SysTick_Handler
                0x08007ea4                SYSRTC_SEQ_IRQHandler
                0x08007ea4                EMUEFP_IRQHandler
                0x08007ea4                EUSART2_TX_IRQHandler
                0x08007ea4                PendSV_Handler
                0x08007ea4                NMI_Handler
                0x08007ea4                SYNTH_IRQHandler
                0x08007ea4                HOSTMAILBOX_IRQHandler
                0x08007ea4                I2C1_IRQHandler
                0x08007ea4                WDOG0_IRQHandler
                0x08007ea4                TIMER3_IRQHandler
                0x08007ea4                SYSCFG_IRQHandler
                0x08007ea4                RFECA1_IRQHandler
                0x08007ea4                EMUDG_IRQHandler
                0x08007ea4                MSC_IRQHandler
                0x08007ea4                DPLL0_IRQHandler
                0x08007ea4                UsageFault_Handler
                0x08007ea4                WDOG1_IRQHandler
                0x08007ea4                M33CTI1_IRQHandler
                0x08007ea4                TIMER4_IRQHandler
                0x08007ea4                GPIO_EVEN_IRQHandler
                0x08007ea4                SEMBTX_IRQHandler
                0x08007ea4                SW0_IRQHandler
                0x08007ea4                TIMER0_IRQHandler
                0x08007ea4                LCD_IRQHandler
                0x08007ea4                LETIMER0_IRQHandler
                0x08007ea4                EUSART1_RX_IRQHandler
                0x08007ea4                TIMER1_IRQHandler
                0x08007ea4                HFRCO0_IRQHandler
                0x08007ea4                SecureFault_Handler
                0x08007ea4                BUFC_IRQHandler
                0x08007ea4                DCDC_IRQHandler
                0x08007ea4                MODEM_IRQHandler
                0x08007ea4                Default_Handler
                0x08007ea4                RAC_SEQ_IRQHandler
                0x08007ea4                FRC_PRI_IRQHandler
                0x08007ea4                EMU_IRQHandler
                0x08007ea4                SW3_IRQHandler
                0x08007ea4                KERNEL0_IRQHandler
                0x08007ea4                FRC_IRQHandler
                0x08007ea4                PCNT0_IRQHandler
                0x08007ea4                KERNEL1_IRQHandler
                0x08007ea4                AGC_IRQHandler
                0x08007ea4                EUSART1_TX_IRQHandler
                0x08007ea4                KEYSCAN_IRQHandler
                0x08007ea4                sl_app_properties
                0x08007ea4                HFRCOEM23_IRQHandler
                0x08007ea4                BURTC_IRQHandler
                0x08007ea4                SEMBRX_IRQHandler
                0x08007ea4                RFECA0_IRQHandler
                0x08007ea4                LFRCO_IRQHandler
                0x08007ea4                ACMP0_IRQHandler
                0x08007ea4                MemManage_Handler
                0x08007ea4                SVC_Handler
                0x08007ea4                EUSART2_RX_IRQHandler
                0x08007ea4                SMU_S_PRIVILEGED_IRQHandler
                0x08007ea4                SW1_IRQHandler
                0x08007ea4                CMU_IRQHandler
                0x08007ea4                EUSART0_RX_IRQHandler
                0x08007ea4                RAC_RSM_IRQHandler
                0x08007ea4                SETAMPERHOST_IRQHandler
                0x08007ea4                GPIO_ODD_IRQHandler
                0x08007ea4                LESENSE_IRQHandler
                0x08007ea4                AES_IRQHandler
                0x08007ea4                M33CTI0_IRQHandler
                0x08007ea4                ICACHE0_IRQHandler
                0x08007ea4                SMU_NS_PRIVILEGED_IRQHandler
                0x08007ea4                FPUEXH_IRQHandler
                0x08007ea4                PROTIMER_IRQHandler
                0x08007ea4                ACMP1_IRQHandler
                0x08007ea4                BusFault_Handler
                0x08007ea4                MPAHBRAM_IRQHandler
 .text.FlashToRamCopy
                0x08007ea6       0x16 ./simplicity_sdk_2024.6.0/platform/Device/SiliconLabs/EFR32FG23/Source/system_efr32fg23.o
                0x08007ea6                FlashToRamCopy
 .text.SystemCLKIN0Get
                0x08007ebc        0x4 ./simplicity_sdk_2024.6.0/platform/Device/SiliconLabs/EFR32FG23/Source/system_efr32fg23.o
                0x08007ebc                SystemCLKIN0Get
 .text.SystemLFRCOClockGet
                0x08007ec0        0x6 ./simplicity_sdk_2024.6.0/platform/Device/SiliconLabs/EFR32FG23/Source/system_efr32fg23.o
                0x08007ec0                SystemLFRCOClockGet
 .text.SystemULFRCOClockGet
                0x08007ec6        0x6 ./simplicity_sdk_2024.6.0/platform/Device/SiliconLabs/EFR32FG23/Source/system_efr32fg23.o
                0x08007ec6                SystemULFRCOClockGet
 .text.assertEFM
                0x08007ecc        0x2 ./simplicity_sdk_2024.6.0/platform/common/src/sl_assert.o
                0x08007ecc                assertEFM
 .text.CORE_EnterCritical
                0x08007ece        0x8 ./simplicity_sdk_2024.6.0/platform/common/src/sl_core_cortexm.o
                0x08007ece                CORE_EnterCritical
 .text.CORE_ExitCritical
                0x08007ed6        0x6 ./simplicity_sdk_2024.6.0/platform/common/src/sl_core_cortexm.o
                0x08007ed6                CORE_ExitCritical
 .text.CORE_EnterAtomic
                0x08007edc        0xc ./simplicity_sdk_2024.6.0/platform/common/src/sl_core_cortexm.o
                0x08007edc                CORE_EnterAtomic
 .text.CORE_ExitAtomic
                0x08007ee8        0x6 ./simplicity_sdk_2024.6.0/platform/common/src/sl_core_cortexm.o
                0x08007ee8                CORE_ExitAtomic
 .text.sl_slist_init
                0x08007eee        0x6 ./simplicity_sdk_2024.6.0/platform/common/src/sl_slist.o
                0x08007eee                sl_slist_init
 .text.sl_debug_swo_enable_itm
                0x08007ef4       0x16 ./simplicity_sdk_2024.6.0/platform/driver/debug/src/sl_debug_swo.o
                0x08007ef4                sl_debug_swo_enable_itm
 .text.sl_debug_swo_disable_itm
                0x08007f0a       0x18 ./simplicity_sdk_2024.6.0/platform/driver/debug/src/sl_debug_swo.o
                0x08007f0a                sl_debug_swo_disable_itm
 .text.DMADRV_PeripheralMemory
                0x08007f22       0x34 ./simplicity_sdk_2024.6.0/platform/emdrv/dmadrv/src/dmadrv.o
                0x08007f22                DMADRV_PeripheralMemory
 .text.BUS_RegMaskedWrite
                0x08007f56       0x1e ./simplicity_sdk_2024.6.0/platform/emlib/src/em_cmu.o
 .text.waitStateMax